Archive member included to satisfy reference by file (symbol)

C:/ST/STM32CubeIDE_1.13.0/STM32CubeIDE/plugins/com.st.stm32cube.ide.mcu.externaltools.gnu-tools-for-stm32.11.3.rel1.win32_1.1.0.202305231506/tools/bin/../lib/gcc/arm-none-eabi/11.3.1/../../../../arm-none-eabi/lib/thumb/v7e-m+fp/hard\libc_nano.a(libc_a-exit.o)
                              C:/ST/STM32CubeIDE_1.13.0/STM32CubeIDE/plugins/com.st.stm32cube.ide.mcu.externaltools.gnu-tools-for-stm32.11.3.rel1.win32_1.1.0.202305231506/tools/bin/../lib/gcc/arm-none-eabi/11.3.1/../../../../arm-none-eabi/lib/thumb/v7e-m+fp/hard/crt0.o (exit)
C:/ST/STM32CubeIDE_1.13.0/STM32CubeIDE/plugins/com.st.stm32cube.ide.mcu.externaltools.gnu-tools-for-stm32.11.3.rel1.win32_1.1.0.202305231506/tools/bin/../lib/gcc/arm-none-eabi/11.3.1/../../../../arm-none-eabi/lib/thumb/v7e-m+fp/hard\libc_nano.a(libc_a-findfp.o)
                              ./Middlewares/Third_Party/FreeRTOS/Source/tasks.o (__sf)
C:/ST/STM32CubeIDE_1.13.0/STM32CubeIDE/plugins/com.st.stm32cube.ide.mcu.externaltools.gnu-tools-for-stm32.11.3.rel1.win32_1.1.0.202305231506/tools/bin/../lib/gcc/arm-none-eabi/11.3.1/../../../../arm-none-eabi/lib/thumb/v7e-m+fp/hard\libc_nano.a(libc_a-fwalk.o)
                              C:/ST/STM32CubeIDE_1.13.0/STM32CubeIDE/plugins/com.st.stm32cube.ide.mcu.externaltools.gnu-tools-for-stm32.11.3.rel1.win32_1.1.0.202305231506/tools/bin/../lib/gcc/arm-none-eabi/11.3.1/../../../../arm-none-eabi/lib/thumb/v7e-m+fp/hard\libc_nano.a(libc_a-findfp.o) (_fwalk_sglue)
C:/ST/STM32CubeIDE_1.13.0/STM32CubeIDE/plugins/com.st.stm32cube.ide.mcu.externaltools.gnu-tools-for-stm32.11.3.rel1.win32_1.1.0.202305231506/tools/bin/../lib/gcc/arm-none-eabi/11.3.1/../../../../arm-none-eabi/lib/thumb/v7e-m+fp/hard\libc_nano.a(libc_a-snprintf.o)
                              ./src/app/src/ao_led.o (snprintf)
C:/ST/STM32CubeIDE_1.13.0/STM32CubeIDE/plugins/com.st.stm32cube.ide.mcu.externaltools.gnu-tools-for-stm32.11.3.rel1.win32_1.1.0.202305231506/tools/bin/../lib/gcc/arm-none-eabi/11.3.1/../../../../arm-none-eabi/lib/thumb/v7e-m+fp/hard\libc_nano.a(libc_a-sprintf.o)
                              ./src/lib/src/eboard.o (sprintf)
C:/ST/STM32CubeIDE_1.13.0/STM32CubeIDE/plugins/com.st.stm32cube.ide.mcu.externaltools.gnu-tools-for-stm32.11.3.rel1.win32_1.1.0.202305231506/tools/bin/../lib/gcc/arm-none-eabi/11.3.1/../../../../arm-none-eabi/lib/thumb/v7e-m+fp/hard\libc_nano.a(libc_a-stdio.o)
                              C:/ST/STM32CubeIDE_1.13.0/STM32CubeIDE/plugins/com.st.stm32cube.ide.mcu.externaltools.gnu-tools-for-stm32.11.3.rel1.win32_1.1.0.202305231506/tools/bin/../lib/gcc/arm-none-eabi/11.3.1/../../../../arm-none-eabi/lib/thumb/v7e-m+fp/hard\libc_nano.a(libc_a-findfp.o) (__sread)
C:/ST/STM32CubeIDE_1.13.0/STM32CubeIDE/plugins/com.st.stm32cube.ide.mcu.externaltools.gnu-tools-for-stm32.11.3.rel1.win32_1.1.0.202305231506/tools/bin/../lib/gcc/arm-none-eabi/11.3.1/../../../../arm-none-eabi/lib/thumb/v7e-m+fp/hard\libc_nano.a(libc_a-memset.o)
                              C:/ST/STM32CubeIDE_1.13.0/STM32CubeIDE/plugins/com.st.stm32cube.ide.mcu.externaltools.gnu-tools-for-stm32.11.3.rel1.win32_1.1.0.202305231506/tools/bin/../lib/gcc/arm-none-eabi/11.3.1/../../../../arm-none-eabi/lib/thumb/v7e-m+fp/hard/crt0.o (memset)
C:/ST/STM32CubeIDE_1.13.0/STM32CubeIDE/plugins/com.st.stm32cube.ide.mcu.externaltools.gnu-tools-for-stm32.11.3.rel1.win32_1.1.0.202305231506/tools/bin/../lib/gcc/arm-none-eabi/11.3.1/../../../../arm-none-eabi/lib/thumb/v7e-m+fp/hard\libc_nano.a(libc_a-closer.o)
                              C:/ST/STM32CubeIDE_1.13.0/STM32CubeIDE/plugins/com.st.stm32cube.ide.mcu.externaltools.gnu-tools-for-stm32.11.3.rel1.win32_1.1.0.202305231506/tools/bin/../lib/gcc/arm-none-eabi/11.3.1/../../../../arm-none-eabi/lib/thumb/v7e-m+fp/hard\libc_nano.a(libc_a-stdio.o) (_close_r)
C:/ST/STM32CubeIDE_1.13.0/STM32CubeIDE/plugins/com.st.stm32cube.ide.mcu.externaltools.gnu-tools-for-stm32.11.3.rel1.win32_1.1.0.202305231506/tools/bin/../lib/gcc/arm-none-eabi/11.3.1/../../../../arm-none-eabi/lib/thumb/v7e-m+fp/hard\libc_nano.a(libc_a-reent.o)
                              ./Middlewares/Third_Party/FreeRTOS/Source/tasks.o (_reclaim_reent)
C:/ST/STM32CubeIDE_1.13.0/STM32CubeIDE/plugins/com.st.stm32cube.ide.mcu.externaltools.gnu-tools-for-stm32.11.3.rel1.win32_1.1.0.202305231506/tools/bin/../lib/gcc/arm-none-eabi/11.3.1/../../../../arm-none-eabi/lib/thumb/v7e-m+fp/hard\libc_nano.a(libc_a-impure.o)
                              ./Middlewares/Third_Party/FreeRTOS/Source/tasks.o (_impure_ptr)
C:/ST/STM32CubeIDE_1.13.0/STM32CubeIDE/plugins/com.st.stm32cube.ide.mcu.externaltools.gnu-tools-for-stm32.11.3.rel1.win32_1.1.0.202305231506/tools/bin/../lib/gcc/arm-none-eabi/11.3.1/../../../../arm-none-eabi/lib/thumb/v7e-m+fp/hard\libc_nano.a(libc_a-lseekr.o)
[...]
Memory Configuration

Name             Origin             Length             Attributes
RAM              0x0000000020000000 0x0000000000020000 xrw
FLASH            0x0000000008000000 0x0000000000080000 xr
*default*        0x0000000000000000 0xffffffffffffffff

Linker script and memory map

LOAD C:/ST/STM32CubeIDE_1.13.0/STM32CubeIDE/plugins/com.st.stm32cube.ide.mcu.externaltools.gnu-tools-for-stm32.11.3.rel1.win32_1.1.0.202305231506/tools/bin/../lib/gcc/arm-none-eabi/11.3.1/thumb/v7e-m+fp/hard/crti.o
LOAD C:/ST/STM32CubeIDE_1.13.0/STM32CubeIDE/plugins/com.st.stm32cube.ide.mcu.externaltools.gnu-tools-for-stm32.11.3.rel1.win32_1.1.0.202305231506/tools/bin/../lib/gcc/arm-none-eabi/11.3.1/thumb/v7e-m+fp/hard/crtbegin.o
LOAD C:/ST/STM32CubeIDE_1.13.0/STM32CubeIDE/plugins/com.st.stm32cube.ide.mcu.externaltools.gnu-tools-for-stm32.11.3.rel1.win32_1.1.0.202305231506/tools/bin/../lib/gcc/arm-none-eabi/11.3.1/../../../../arm-none-eabi/lib/thumb/v7e-m+fp/hard/crt0.o
LOAD ./Core/Src/freertos.o
LOAD ./Core/Src/main.o
LOAD ./Core/Src/stm32f4xx_hal_msp.o
LOAD ./Core/Src/stm32f4xx_hal_timebase_tim.o
LOAD ./Core/Src/stm32f4xx_it.o
LOAD ./Core/Src/syscalls.o
LOAD ./Core/Src/sysmem.o
LOAD ./Core/Src/system_stm32f4xx.o
LOAD ./Core/Startup/startup_stm32f446retx.o
LOAD ./Drivers/STM32F4xx_HAL_Driver/Src/stm32f4xx_hal.o
LOAD ./Drivers/STM32F4xx_HAL_Driver/Src/stm32f4xx_hal_cortex.o
LOAD ./Drivers/STM32F4xx_HAL_Driver/Src/stm32f4xx_hal_dma.o
LOAD ./Drivers/STM32F4xx_HAL_Driver/Src/stm32f4xx_hal_dma_ex.o
LOAD ./Drivers/STM32F4xx_HAL_Driver/Src/stm32f4xx_hal_exti.o
LOAD ./Drivers/STM32F4xx_HAL_Driver/Src/stm32f4xx_hal_flash.o
LOAD ./Drivers/STM32F4xx_HAL_Driver/Src/stm32f4xx_hal_flash_ex.o
LOAD ./Drivers/STM32F4xx_HAL_Driver/Src/stm32f4xx_hal_flash_ramfunc.o
LOAD ./Drivers/STM32F4xx_HAL_Driver/Src/stm32f4xx_hal_gpio.o
LOAD ./Drivers/STM32F4xx_HAL_Driver/Src/stm32f4xx_hal_pwr.o
LOAD ./Drivers/STM32F4xx_HAL_Driver/Src/stm32f4xx_hal_pwr_ex.o
LOAD ./Drivers/STM32F4xx_HAL_Driver/Src/stm32f4xx_hal_rcc.o
LOAD ./Drivers/STM32F4xx_HAL_Driver/Src/stm32f4xx_hal_rcc_ex.o
LOAD ./Drivers/STM32F4xx_HAL_Driver/Src/stm32f4xx_hal_tim.o
LOAD ./Drivers/STM32F4xx_HAL_Driver/Src/stm32f4xx_hal_tim_ex.o
LOAD ./Drivers/STM32F4xx_HAL_Driver/Src/stm32f4xx_hal_uart.o
LOAD ./Middlewares/Third_Party/FreeRTOS/Source/CMSIS_RTOS/cmsis_os.o
LOAD ./Middlewares/Third_Party/FreeRTOS/Source/croutine.o
LOAD ./Middlewares/Third_Party/FreeRTOS/Source/event_groups.o
LOAD ./Middlewares/Third_Party/FreeRTOS/Source/list.o
LOAD ./Middlewares/Third_Party/FreeRTOS/Source/queue.o
LOAD ./Middlewares/Third_Party/FreeRTOS/Source/stream_buffer.o
LOAD ./Middlewares/Third_Party/FreeRTOS/Source/tasks.o
LOAD ./Middlewares/Third_Party/FreeRTOS/Source/timers.o
LOAD ./Middlewares/Third_Party/FreeRTOS/Source/portable/GCC/ARM_CM4F/port.o
LOAD ./Middlewares/Third_Party/FreeRTOS/Source/portable/MemMang/heap_4.o
LOAD ./src/app/src/ao_led.o
LOAD ./src/app/src/app.o
LOAD ./src/lib/src/eboard.o
LOAD ./src/lib/src/eringbuffer.o
LOAD ./src/lib/src/euart.o
LOAD ./src/task/src/task_button.o
START GROUP
LOAD C:/ST/STM32CubeIDE_1.13.0/STM32CubeIDE/plugins/com.st.stm32cube.ide.mcu.externaltools.gnu-tools-for-stm32.11.3.rel1.win32_1.1.0.202305231506/tools/bin/../lib/gcc/arm-none-eabi/11.3.1/../../../../arm-none-eabi/lib/thumb/v7e-m+fp/hard\libc_nano.a
LOAD C:/ST/STM32CubeIDE_1.13.0/STM32CubeIDE/plugins/com.st.stm32cube.ide.mcu.externaltools.gnu-tools-for-stm32.11.3.rel1.win32_1.1.0.202305231506/tools/bin/../lib/gcc/arm-none-eabi/11.3.1/../../../../arm-none-eabi/lib/thumb/v7e-m+fp/hard\libm.a
END GROUP
START GROUP
LOAD C:/ST/STM32CubeIDE_1.13.0/STM32CubeIDE/plugins/com.st.stm32cube.ide.mcu.externaltools.gnu-tools-for-stm32.11.3.rel1.win32_1.1.0.202305231506/tools/bin/../lib/gcc/arm-none-eabi/11.3.1/thumb/v7e-m+fp/hard\libgcc.a
LOAD C:/ST/STM32CubeIDE_1.13.0/STM32CubeIDE/plugins/com.st.stm32cube.ide.mcu.externaltools.gnu-tools-for-stm32.11.3.rel1.win32_1.1.0.202305231506/tools/bin/../lib/gcc/arm-none-eabi/11.3.1/../../../../arm-none-eabi/lib/thumb/v7e-m+fp/hard\libc_nano.a
END GROUP
START GROUP
LOAD C:/ST/STM32CubeIDE_1.13.0/STM32CubeIDE/plugins/com.st.stm32cube.ide.mcu.externaltools.gnu-tools-for-stm32.11.3.rel1.win32_1.1.0.202305231506/tools/bin/../lib/gcc/arm-none-eabi/11.3.1/thumb/v7e-m+fp/hard\libgcc.a
LOAD C:/ST/STM32CubeIDE_1.13.0/STM32CubeIDE/plugins/com.st.stm32cube.ide.mcu.externaltools.gnu-tools-for-stm32.11.3.rel1.win32_1.1.0.202305231506/tools/bin/../lib/gcc/arm-none-eabi/11.3.1/../../../../arm-none-eabi/lib/thumb/v7e-m+fp/hard\libc_nano.a
LOAD C:/ST/STM32CubeIDE_1.13.0/STM32CubeIDE/plugins/com.st.stm32cube.ide.mcu.externaltools.gnu-tools-for-stm32.11.3.rel1.win32_1.1.0.202305231506/tools/bin/../lib/gcc/arm-none-eabi/11.3.1/../../../../arm-none-eabi/lib/thumb/v7e-m+fp/hard\libnosys.a
END GROUP
START GROUP
LOAD C:/ST/STM32CubeIDE_1.13.0/STM32CubeIDE/plugins/com.st.stm32cube.ide.mcu.externaltools.gnu-tools-for-stm32.11.3.rel1.win32_1.1.0.202305231506/tools/bin/../lib/gcc/arm-none-eabi/11.3.1/thumb/v7e-m+fp/hard\libgcc.a
LOAD C:/ST/STM32CubeIDE_1.13.0/STM32CubeIDE/plugins/com.st.stm32cube.ide.mcu.externaltools.gnu-tools-for-stm32.11.3.rel1.win32_1.1.0.202305231506/tools/bin/../lib/gcc/arm-none-eabi/11.3.1/../../../../arm-none-eabi/lib/thumb/v7e-m+fp/hard\libc_nano.a
LOAD C:/ST/STM32CubeIDE_1.13.0/STM32CubeIDE/plugins/com.st.stm32cube.ide.mcu.externaltools.gnu-tools-for-stm32.11.3.rel1.win32_1.1.0.202305231506/tools/bin/../lib/gcc/arm-none-eabi/11.3.1/../../../../arm-none-eabi/lib/thumb/v7e-m+fp/hard\libnosys.a
END GROUP
LOAD C:/ST/STM32CubeIDE_1.13.0/STM32CubeIDE/plugins/com.st.stm32cube.ide.mcu.externaltools.gnu-tools-for-stm32.11.3.rel1.win32_1.1.0.202305231506/tools/bin/../lib/gcc/arm-none-eabi/11.3.1/thumb/v7e-m+fp/hard/crtend.o
LOAD C:/ST/STM32CubeIDE_1.13.0/STM32CubeIDE/plugins/com.st.stm32cube.ide.mcu.externaltools.gnu-tools-for-stm32.11.3.rel1.win32_1.1.0.202305231506/tools/bin/../lib/gcc/arm-none-eabi/11.3.1/thumb/v7e-m+fp/hard/crtn.o
                0x0000000020020000                _estack = (ORIGIN (RAM) + LENGTH (RAM))
                0x0000000000000200                _Min_Heap_Size = 0x200
                0x0000000000000400                _Min_Stack_Size = 0x400

.isr_vector     0x0000000008000000      0x1c4
                0x0000000008000000                . = ALIGN (0x4)
 *(.isr_vector)
 .isr_vector    0x0000000008000000      0x1c4 ./Core/Startup/startup_stm32f446retx.o
                0x0000000008000000                g_pfnVectors
                0x00000000080001c4                . = ALIGN (0x4)

.text           0x00000000080001d0     0x6980
                0x00000000080001d0                . = ALIGN (0x4)
 *(.text)
 .text          0x00000000080001d0       0x40 C:/ST/STM32CubeIDE_1.13.0/STM32CubeIDE/plugins/com.st.stm32cube.ide.mcu.externaltools.gnu-tools-for-stm32.11.3.rel1.win32_1.1.0.202305231506/tools/bin/../lib/gcc/arm-none-eabi/11.3.1/thumb/v7e-m+fp/hard/crtbegin.o
 .text          0x0000000008000210       0x10 C:/ST/STM32CubeIDE_1.13.0/STM32CubeIDE/plugins/com.st.stm32cube.ide.mcu.externaltools.gnu-tools-for-stm32.11.3.rel1.win32_1.1.0.202305231506/tools/bin/../lib/gcc/arm-none-eabi/11.3.1/../../../../arm-none-eabi/lib/thumb/v7e-m+fp/hard\libc_nano.a(libc_a-strlen.o)
                0x0000000008000210                strlen
 .text          0x0000000008000220       0xa0 C:/ST/STM32CubeIDE_1.13.0/STM32CubeIDE/plugins/com.st.stm32cube.ide.mcu.externaltools.gnu-tools-for-stm32.11.3.rel1.win32_1.1.0.202305231506/tools/bin/../lib/gcc/arm-none-eabi/11.3.1/../../../../arm-none-eabi/lib/thumb/v7e-m+fp/hard\libc_nano.a(libc_a-memchr.o)
                0x0000000008000220                memchr
 .text          0x00000000080002c0       0x30 C:/ST/STM32CubeIDE_1.13.0/STM32CubeIDE/plugins/com.st.stm32cube.ide.mcu.externaltools.gnu-tools-for-stm32.11.3.rel1.win32_1.1.0.202305231506/tools/bin/../lib/gcc/arm-none-eabi/11.3.1/thumb/v7e-m+fp/hard\libgcc.a(_aeabi_uldivmod.o)
                0x00000000080002c0                __aeabi_uldivmod
 .text          0x00000000080002f0      0x2c8 C:/ST/STM32CubeIDE_1.13.0/STM32CubeIDE/plugins/com.st.stm32cube.ide.mcu.externaltools.gnu-tools-for-stm32.11.3.rel1.win32_1.1.0.202305231506/tools/bin/../lib/gcc/arm-none-eabi/11.3.1/thumb/v7e-m+fp/hard\libgcc.a(_udivmoddi4.o)
                0x00000000080002f0                __udivmoddi4
 .text          0x00000000080005b8        0x4 C:/ST/STM32CubeIDE_1.13.0/STM32CubeIDE/plugins/com.st.stm32cube.ide.mcu.externaltools.gnu-tools-for-stm32.11.3.rel1.win32_1.1.0.202305231506/tools/bin/../lib/gcc/arm-none-eabi/11.3.1/thumb/v7e-m+fp/hard\libgcc.a(_dvmd_tls.o)
                0x00000000080005b8                __aeabi_idiv0
                0x00000000080005b8                __aeabi_ldiv0
 *(.text*)
 .text.vApplicationGetIdleTaskMemory
                0x00000000080005bc       0x34 ./Core/Src/freertos.o
                0x00000000080005bc                vApplicationGetIdleTaskMemory
 .text.main     0x00000000080005f0       0x4c ./Core/Src/main.o
                0x00000000080005f0                main
 .text.SystemClock_Config
                0x000000000800063c       0xdc ./Core/Src/main.o
                0x000000000800063c                SystemClock_Config
 .text.MX_USART2_UART_Init
                0x0000000008000718       0x54 ./Core/Src/main.o
 .text.MX_GPIO_Init
                0x000000000800076c      0x108 ./Core/Src/main.o
 .text.StartDefaultTask
                0x0000000008000874       0x12 ./Core/Src/main.o
                0x0000000008000874                StartDefaultTask
 *fill*         0x0000000008000886        0x2 
 .text.HAL_TIM_PeriodElapsedCallback
                0x0000000008000888       0x24 ./Core/Src/main.o
                0x0000000008000888                HAL_TIM_PeriodElapsedCallback
 .text.Error_Handler
                0x00000000080008ac        0xa ./Core/Src/main.o
                0x00000000080008ac                Error_Handler
 *fill*         0x00000000080008b6        0x2 
 .text.HAL_MspInit
                0x00000000080008b8       0x58 ./Core/Src/stm32f4xx_hal_msp.o
                0x00000000080008b8                HAL_MspInit
 .text.HAL_UART_MspInit
                0x0000000008000910       0xa0 ./Core/Src/stm32f4xx_hal_msp.o
                0x0000000008000910                HAL_UART_MspInit
 .text.HAL_InitTick
                0x00000000080009b0       0xe4 ./Core/Src/stm32f4xx_hal_timebase_tim.o
                0x00000000080009b0                HAL_InitTick
 .text.NMI_Handler
                0x0000000008000a94        0x6 ./Core/Src/stm32f4xx_it.o
                0x0000000008000a94                NMI_Handler
 .text.HardFault_Handler
                0x0000000008000a9a        0x6 ./Core/Src/stm32f4xx_it.o
                0x0000000008000a9a                HardFault_Handler
 .text.MemManage_Handler
                0x0000000008000aa0        0x6 ./Core/Src/stm32f4xx_it.o
                0x0000000008000aa0                MemManage_Handler
 .text.BusFault_Handler
                0x0000000008000aa6        0x6 ./Core/Src/stm32f4xx_it.o
                0x0000000008000aa6                BusFault_Handler
 .text.UsageFault_Handler
                0x0000000008000aac        0x6 ./Core/Src/stm32f4xx_it.o
                0x0000000008000aac                UsageFault_Handler
 .text.DebugMon_Handler
                0x0000000008000ab2        0xe ./Core/Src/stm32f4xx_it.o
                0x0000000008000ab2                DebugMon_Handler
 .text.TIM1_UP_TIM10_IRQHandler
                0x0000000008000ac0       0x14 ./Core/Src/stm32f4xx_it.o
                0x0000000008000ac0                TIM1_UP_TIM10_IRQHandler
 .text.USART2_IRQHandler
                0x0000000008000ad4       0x14 ./Core/Src/stm32f4xx_it.o
                0x0000000008000ad4                USART2_IRQHandler
 .text.EXTI15_10_IRQHandler
                0x0000000008000ae8       0x10 ./Core/Src/stm32f4xx_it.o
                0x0000000008000ae8                EXTI15_10_IRQHandler
 .text._sbrk    0x0000000008000af8       0x6c ./Core/Src/sysmem.o
                0x0000000008000af8                _sbrk
 .text.SystemInit
                0x0000000008000b64       0x24 ./Core/Src/system_stm32f4xx.o
                0x0000000008000b64                SystemInit
 .text.Reset_Handler
                0x0000000008000b88       0x50 ./Core/Startup/startup_stm32f446retx.o
                0x0000000008000b88                Reset_Handler
 .text.Default_Handler
                0x0000000008000bd8        0x2 ./Core/Startup/startup_stm32f446retx.o
                0x0000000008000bd8                RTC_Alarm_IRQHandler
                0x0000000008000bd8                EXTI2_IRQHandler
                0x0000000008000bd8                TIM8_CC_IRQHandler
                0x0000000008000bd8                FMPI2C1_EV_IRQHandler
                0x0000000008000bd8                SPI4_IRQHandler
                0x0000000008000bd8                TIM1_CC_IRQHandler
                0x0000000008000bd8                DMA2_Stream5_IRQHandler
                0x0000000008000bd8                DMA1_Stream5_IRQHandler
                0x0000000008000bd8                PVD_IRQHandler
                0x0000000008000bd8                SDIO_IRQHandler
                0x0000000008000bd8                TAMP_STAMP_IRQHandler
                0x0000000008000bd8                CAN2_RX1_IRQHandler
                0x0000000008000bd8                EXTI3_IRQHandler
                0x0000000008000bd8                TIM8_TRG_COM_TIM14_IRQHandler
                0x0000000008000bd8                TIM8_UP_TIM13_IRQHandler
                0x0000000008000bd8                I2C3_ER_IRQHandler
                0x0000000008000bd8                EXTI0_IRQHandler
                0x0000000008000bd8                I2C2_EV_IRQHandler
                0x0000000008000bd8                DMA1_Stream2_IRQHandler
                0x0000000008000bd8                CAN1_RX0_IRQHandler
                0x0000000008000bd8                FPU_IRQHandler
                0x0000000008000bd8                OTG_HS_WKUP_IRQHandler
                0x0000000008000bd8                CAN2_SCE_IRQHandler
                0x0000000008000bd8                DMA2_Stream2_IRQHandler
                0x0000000008000bd8                SPI1_IRQHandler
                0x0000000008000bd8                TIM6_DAC_IRQHandler
                0x0000000008000bd8                TIM1_BRK_TIM9_IRQHandler
                0x0000000008000bd8                DCMI_IRQHandler
                0x0000000008000bd8                CAN2_RX0_IRQHandler
                0x0000000008000bd8                DMA2_Stream3_IRQHandler
                0x0000000008000bd8                SAI2_IRQHandler
                0x0000000008000bd8                USART6_IRQHandler
                0x0000000008000bd8                USART3_IRQHandler
                0x0000000008000bd8                CAN1_RX1_IRQHandler
                0x0000000008000bd8                UART5_IRQHandler
                0x0000000008000bd8                DMA2_Stream0_IRQHandler
                0x0000000008000bd8                TIM4_IRQHandler
                0x0000000008000bd8                QUADSPI_IRQHandler
                0x0000000008000bd8                I2C1_EV_IRQHandler
                0x0000000008000bd8                DMA1_Stream6_IRQHandler
                0x0000000008000bd8                DMA1_Stream1_IRQHandler
                0x0000000008000bd8                UART4_IRQHandler
                0x0000000008000bd8                TIM3_IRQHandler
                0x0000000008000bd8                RCC_IRQHandler
                0x0000000008000bd8                TIM8_BRK_TIM12_IRQHandler
                0x0000000008000bd8                Default_Handler
                0x0000000008000bd8                CEC_IRQHandler
                0x0000000008000bd8                ADC_IRQHandler
                0x0000000008000bd8                DMA1_Stream7_IRQHandler
                0x0000000008000bd8                TIM7_IRQHandler
                0x0000000008000bd8                CAN2_TX_IRQHandler
                0x0000000008000bd8                TIM5_IRQHandler
                0x0000000008000bd8                DMA2_Stream7_IRQHandler
                0x0000000008000bd8                I2C3_EV_IRQHandler
                0x0000000008000bd8                EXTI9_5_IRQHandler
                0x0000000008000bd8                RTC_WKUP_IRQHandler
                0x0000000008000bd8                SPDIF_RX_IRQHandler
                0x0000000008000bd8                SPI2_IRQHandler
                0x0000000008000bd8                OTG_HS_EP1_IN_IRQHandler
                0x0000000008000bd8                DMA1_Stream0_IRQHandler
                0x0000000008000bd8                CAN1_TX_IRQHandler
                0x0000000008000bd8                FMPI2C1_ER_IRQHandler
                0x0000000008000bd8                EXTI4_IRQHandler
                0x0000000008000bd8                OTG_HS_EP1_OUT_IRQHandler
                0x0000000008000bd8                WWDG_IRQHandler
                0x0000000008000bd8                TIM2_IRQHandler
                0x0000000008000bd8                OTG_FS_WKUP_IRQHandler
                0x0000000008000bd8                TIM1_TRG_COM_TIM11_IRQHandler
                0x0000000008000bd8                OTG_HS_IRQHandler
                0x0000000008000bd8                EXTI1_IRQHandler
                0x0000000008000bd8                I2C2_ER_IRQHandler
                0x0000000008000bd8                DMA2_Stream1_IRQHandler
                0x0000000008000bd8                CAN1_SCE_IRQHandler
                0x0000000008000bd8                FLASH_IRQHandler
                0x0000000008000bd8                DMA2_Stream4_IRQHandler
                0x0000000008000bd8                USART1_IRQHandler
                0x0000000008000bd8                OTG_FS_IRQHandler
                0x0000000008000bd8                SPI3_IRQHandler
                0x0000000008000bd8                DMA1_Stream4_IRQHandler
                0x0000000008000bd8                I2C1_ER_IRQHandler
                0x0000000008000bd8                FMC_IRQHandler
                0x0000000008000bd8                DMA2_Stream6_IRQHandler
                0x0000000008000bd8                SAI1_IRQHandler
                0x0000000008000bd8                DMA1_Stream3_IRQHandler
 *fill*         0x0000000008000bda        0x2 
 .text.HAL_Init
                0x0000000008000bdc       0x44 ./Drivers/STM32F4xx_HAL_Driver/Src/stm32f4xx_hal.o
                0x0000000008000bdc                HAL_Init
 .text.HAL_IncTick
                0x0000000008000c20       0x28 ./Drivers/STM32F4xx_HAL_Driver/Src/stm32f4xx_hal.o
                0x0000000008000c20                HAL_IncTick
 .text.HAL_GetTick
                0x0000000008000c48       0x18 ./Drivers/STM32F4xx_HAL_Driver/Src/stm32f4xx_hal.o
                0x0000000008000c48                HAL_GetTick
 .text.__NVIC_SetPriorityGrouping
                0x0000000008000c60       0x48 ./Drivers/STM32F4xx_HAL_Driver/Src/stm32f4xx_hal_cortex.o
 .text.__NVIC_GetPriorityGrouping
                0x0000000008000ca8       0x1c ./Drivers/STM32F4xx_HAL_Driver/Src/stm32f4xx_hal_cortex.o
 .text.__NVIC_EnableIRQ
                0x0000000008000cc4       0x3c ./Drivers/STM32F4xx_HAL_Driver/Src/stm32f4xx_hal_cortex.o
 .text.__NVIC_SetPriority
                0x0000000008000d00       0x54 ./Drivers/STM32F4xx_HAL_Driver/Src/stm32f4xx_hal_cortex.o
 .text.NVIC_EncodePriority
                0x0000000008000d54       0x66 ./Drivers/STM32F4xx_HAL_Driver/Src/stm32f4xx_hal_cortex.o
 .text.HAL_NVIC_SetPriorityGrouping
                0x0000000008000dba       0x16 ./Drivers/STM32F4xx_HAL_Driver/Src/stm32f4xx_hal_cortex.o
                0x0000000008000dba                HAL_NVIC_SetPriorityGrouping
 .text.HAL_NVIC_SetPriority
                0x0000000008000dd0       0x38 ./Drivers/STM32F4xx_HAL_Driver/Src/stm32f4xx_hal_cortex.o
                0x0000000008000dd0                HAL_NVIC_SetPriority
 .text.HAL_NVIC_EnableIRQ
                0x0000000008000e08       0x1c ./Drivers/STM32F4xx_HAL_Driver/Src/stm32f4xx_hal_cortex.o
                0x0000000008000e08                HAL_NVIC_EnableIRQ
 .text.HAL_DMA_Abort
                0x0000000008000e24       0xe0 ./Drivers/STM32F4xx_HAL_Driver/Src/stm32f4xx_hal_dma.o
                0x0000000008000e24                HAL_DMA_Abort
 .text.HAL_DMA_Abort_IT
                0x0000000008000f04       0x44 ./Drivers/STM32F4xx_HAL_Driver/Src/stm32f4xx_hal_dma.o
                0x0000000008000f04                HAL_DMA_Abort_IT
 .text.HAL_GPIO_Init
                0x0000000008000f48      0x328 ./Drivers/STM32F4xx_HAL_Driver/Src/stm32f4xx_hal_gpio.o
                0x0000000008000f48                HAL_GPIO_Init
 .text.HAL_GPIO_ReadPin
                0x0000000008001270       0x30 ./Drivers/STM32F4xx_HAL_Driver/Src/stm32f4xx_hal_gpio.o
                0x0000000008001270                HAL_GPIO_ReadPin
 .text.HAL_GPIO_WritePin
                0x00000000080012a0       0x32 ./Drivers/STM32F4xx_HAL_Driver/Src/stm32f4xx_hal_gpio.o
                0x00000000080012a0                HAL_GPIO_WritePin
 *fill*         0x00000000080012d2        0x2 
 .text.HAL_GPIO_EXTI_IRQHandler
                0x00000000080012d4       0x30 ./Drivers/STM32F4xx_HAL_Driver/Src/stm32f4xx_hal_gpio.o
                0x00000000080012d4                HAL_GPIO_EXTI_IRQHandler
 .text.HAL_RCC_ClockConfig
                0x0000000008001304      0x1cc ./Drivers/STM32F4xx_HAL_Driver/Src/stm32f4xx_hal_rcc.o
                0x0000000008001304                HAL_RCC_ClockConfig
 .text.HAL_RCC_GetHCLKFreq
                0x00000000080014d0       0x18 ./Drivers/STM32F4xx_HAL_Driver/Src/stm32f4xx_hal_rcc.o
                0x00000000080014d0                HAL_RCC_GetHCLKFreq
 .text.HAL_RCC_GetPCLK1Freq
                0x00000000080014e8       0x28 ./Drivers/STM32F4xx_HAL_Driver/Src/stm32f4xx_hal_rcc.o
                0x00000000080014e8                HAL_RCC_GetPCLK1Freq
 .text.HAL_RCC_GetPCLK2Freq
                0x0000000008001510       0x28 ./Drivers/STM32F4xx_HAL_Driver/Src/stm32f4xx_hal_rcc.o
                0x0000000008001510                HAL_RCC_GetPCLK2Freq
 .text.HAL_RCC_GetClockConfig
                0x0000000008001538       0x64 ./Drivers/STM32F4xx_HAL_Driver/Src/stm32f4xx_hal_rcc.o
                0x0000000008001538                HAL_RCC_GetClockConfig
 .text.HAL_RCC_GetSysClockFreq
                0x000000000800159c      0x460 ./Drivers/STM32F4xx_HAL_Driver/Src/stm32f4xx_hal_rcc_ex.o
                0x000000000800159c                HAL_RCC_GetSysClockFreq
 .text.HAL_RCC_OscConfig
                0x00000000080019fc      0x53c ./Drivers/STM32F4xx_HAL_Driver/Src/stm32f4xx_hal_rcc_ex.o
                0x00000000080019fc                HAL_RCC_OscConfig
 .text.HAL_TIM_Base_Init
                0x0000000008001f38       0x9e ./Drivers/STM32F4xx_HAL_Driver/Src/stm32f4xx_hal_tim.o
                0x0000000008001f38                HAL_TIM_Base_Init
 .text.HAL_TIM_Base_MspInit
                0x0000000008001fd6       0x14 ./Drivers/STM32F4xx_HAL_Driver/Src/stm32f4xx_hal_tim.o
                0x0000000008001fd6                HAL_TIM_Base_MspInit
 *fill*         0x0000000008001fea        0x2 
 .text.HAL_TIM_Base_Start_IT
                0x0000000008001fec       0xe0 ./Drivers/STM32F4xx_HAL_Driver/Src/stm32f4xx_hal_tim.o
                0x0000000008001fec                HAL_TIM_Base_Start_IT
 .text.HAL_TIM_IRQHandler
                0x00000000080020cc      0x210 ./Drivers/STM32F4xx_HAL_Driver/Src/stm32f4xx_hal_tim.o
                0x00000000080020cc                HAL_TIM_IRQHandler
 .text.HAL_TIM_OC_DelayElapsedCallback
                0x00000000080022dc       0x14 ./Drivers/STM32F4xx_HAL_Driver/Src/stm32f4xx_hal_tim.o
                0x00000000080022dc                HAL_TIM_OC_DelayElapsedCallback
 .text.HAL_TIM_IC_CaptureCallback
                0x00000000080022f0       0x14 ./Drivers/STM32F4xx_HAL_Driver/Src/stm32f4xx_hal_tim.o
                0x00000000080022f0                HAL_TIM_IC_CaptureCallback
 .text.HAL_TIM_PWM_PulseFinishedCallback
                0x0000000008002304       0x14 ./Drivers/STM32F4xx_HAL_Driver/Src/stm32f4xx_hal_tim.o
                0x0000000008002304                HAL_TIM_PWM_PulseFinishedCallback
 .text.HAL_TIM_TriggerCallback
                0x0000000008002318       0x14 ./Drivers/STM32F4xx_HAL_Driver/Src/stm32f4xx_hal_tim.o
                0x0000000008002318                HAL_TIM_TriggerCallback
 .text.TIM_Base_SetConfig
                0x000000000800232c      0x140 ./Drivers/STM32F4xx_HAL_Driver/Src/stm32f4xx_hal_tim.o
                0x000000000800232c                TIM_Base_SetConfig
 .text.HAL_TIMEx_CommutCallback
                0x000000000800246c       0x14 ./Drivers/STM32F4xx_HAL_Driver/Src/stm32f4xx_hal_tim_ex.o
                0x000000000800246c                HAL_TIMEx_CommutCallback
 .text.HAL_TIMEx_BreakCallback
                0x0000000008002480       0x14 ./Drivers/STM32F4xx_HAL_Driver/Src/stm32f4xx_hal_tim_ex.o
                0x0000000008002480                HAL_TIMEx_BreakCallback
 .text.HAL_UART_Init
                0x0000000008002494       0x9a ./Drivers/STM32F4xx_HAL_Driver/Src/stm32f4xx_hal_uart.o
                0x0000000008002494                HAL_UART_Init
 .text.HAL_UART_Transmit_IT
                0x000000000800252e       0x8a ./Drivers/STM32F4xx_HAL_Driver/Src/stm32f4xx_hal_uart.o
                0x000000000800252e                HAL_UART_Transmit_IT
 .text.HAL_UARTEx_ReceiveToIdle_IT
                0x00000000080025b8       0xca ./Drivers/STM32F4xx_HAL_Driver/Src/stm32f4xx_hal_uart.o
                0x00000000080025b8                HAL_UARTEx_ReceiveToIdle_IT
 *fill*         0x0000000008002682        0x2 
 .text.HAL_UART_IRQHandler
                0x0000000008002684      0x51c ./Drivers/STM32F4xx_HAL_Driver/Src/stm32f4xx_hal_uart.o
                0x0000000008002684                HAL_UART_IRQHandler
 .text.HAL_UART_RxCpltCallback
                0x0000000008002ba0       0x14 ./Drivers/STM32F4xx_HAL_Driver/Src/stm32f4xx_hal_uart.o
                0x0000000008002ba0                HAL_UART_RxCpltCallback
 .text.UART_Start_Receive_IT
                0x0000000008002bb4       0x7c ./Drivers/STM32F4xx_HAL_Driver/Src/stm32f4xx_hal_uart.o
                0x0000000008002bb4                UART_Start_Receive_IT
 .text.UART_EndRxTransfer
                0x0000000008002c30       0xc6 ./Drivers/STM32F4xx_HAL_Driver/Src/stm32f4xx_hal_uart.o
 .text.UART_DMAAbortOnError
                0x0000000008002cf6       0x28 ./Drivers/STM32F4xx_HAL_Driver/Src/stm32f4xx_hal_uart.o
 .text.UART_Transmit_IT
                0x0000000008002d1e       0xa0 ./Drivers/STM32F4xx_HAL_Driver/Src/stm32f4xx_hal_uart.o
 .text.UART_EndTransmit_IT
                0x0000000008002dbe       0x30 ./Drivers/STM32F4xx_HAL_Driver/Src/stm32f4xx_hal_uart.o
 .text.UART_Receive_IT
                0x0000000008002dee      0x176 ./Drivers/STM32F4xx_HAL_Driver/Src/stm32f4xx_hal_uart.o
 .text.UART_SetConfig
                0x0000000008002f64      0x4e8 ./Drivers/STM32F4xx_HAL_Driver/Src/stm32f4xx_hal_uart.o
 .text.makeFreeRtosPriority
                0x000000000800344c       0x30 ./Middlewares/Third_Party/FreeRTOS/Source/CMSIS_RTOS/cmsis_os.o
 .text.osKernelStart
                0x000000000800347c        0xe ./Middlewares/Third_Party/FreeRTOS/Source/CMSIS_RTOS/cmsis_os.o
                0x000000000800347c                osKernelStart
 .text.osThreadCreate
                0x000000000800348a       0x98 ./Middlewares/Third_Party/FreeRTOS/Source/CMSIS_RTOS/cmsis_os.o
                0x000000000800348a                osThreadCreate
 .text.osDelay  0x0000000008003522       0x28 ./Middlewares/Third_Party/FreeRTOS/Source/CMSIS_RTOS/cmsis_os.o
                0x0000000008003522                osDelay
 .text.vListInitialise
                0x000000000800354a       0x40 ./Middlewares/Third_Party/FreeRTOS/Source/list.o
                0x000000000800354a                vListInitialise
 .text.vListInitialiseItem
                0x000000000800358a       0x1a ./Middlewares/Third_Party/FreeRTOS/Source/list.o
                0x000000000800358a                vListInitialiseItem
 .text.vListInsertEnd
                0x00000000080035a4       0x48 ./Middlewares/Third_Party/FreeRTOS/Source/list.o
                0x00000000080035a4                vListInsertEnd
 .text.vListInsert
                0x00000000080035ec       0x72 ./Middlewares/Third_Party/FreeRTOS/Source/list.o
                0x00000000080035ec                vListInsert
 .text.uxListRemove
                0x000000000800365e       0x54 ./Middlewares/Third_Party/FreeRTOS/Source/list.o
                0x000000000800365e                uxListRemove
 *fill*         0x00000000080036b2        0x2 
 .text.xQueueGenericReset
                0x00000000080036b4       0xd0 ./Middlewares/Third_Party/FreeRTOS/Source/queue.o
                0x00000000080036b4                xQueueGenericReset
 .text.xQueueGenericCreate
                0x0000000008003784       0x74 ./Middlewares/Third_Party/FreeRTOS/Source/queue.o
                0x0000000008003784                xQueueGenericCreate
 .text.prvInitialiseNewQueue
                0x00000000080037f8       0x3e ./Middlewares/Third_Party/FreeRTOS/Source/queue.o
 *fill*         0x0000000008003836        0x2 
 .text.xQueueGenericSend
                0x0000000008003838      0x1fc ./Middlewares/Third_Party/FreeRTOS/Source/queue.o
                0x0000000008003838                xQueueGenericSend
 .text.xQueueReceive
                0x0000000008003a34      0x1c0 ./Middlewares/Third_Party/FreeRTOS/Source/queue.o
                0x0000000008003a34                xQueueReceive
 .text.prvCopyDataToQueue
                0x0000000008003bf4       0xd4 ./Middlewares/Third_Party/FreeRTOS/Source/queue.o
 .text.prvCopyDataFromQueue
                0x0000000008003cc8       0x4c ./Middlewares/Third_Party/FreeRTOS/Source/queue.o
 .text.prvUnlockQueue
                0x0000000008003d14       0xa4 ./Middlewares/Third_Party/FreeRTOS/Source/queue.o
 .text.prvIsQueueEmpty
                0x0000000008003db8       0x2c ./Middlewares/Third_Party/FreeRTOS/Source/queue.o
 .text.prvIsQueueFull
                0x0000000008003de4       0x30 ./Middlewares/Third_Party/FreeRTOS/Source/queue.o
 .text.xTaskCreateStatic
                0x0000000008003e14       0xba ./Middlewares/Third_Party/FreeRTOS/Source/tasks.o
                0x0000000008003e14                xTaskCreateStatic
 .text.xTaskCreate
                0x0000000008003ece       0x8a ./Middlewares/Third_Party/FreeRTOS/Source/tasks.o
                0x0000000008003ece                xTaskCreate
 .text.prvInitialiseNewTask
                0x0000000008003f58      0x13c ./Middlewares/Third_Party/FreeRTOS/Source/tasks.o
 .text.prvAddNewTaskToReadyList
                0x0000000008004094       0xd4 ./Middlewares/Third_Party/FreeRTOS/Source/tasks.o
 .text.vTaskDelay
                0x0000000008004168       0x68 ./Middlewares/Third_Party/FreeRTOS/Source/tasks.o
                0x0000000008004168                vTaskDelay
 .text.vTaskStartScheduler
                0x00000000080041d0       0xd4 ./Middlewares/Third_Party/FreeRTOS/Source/tasks.o
                0x00000000080041d0                vTaskStartScheduler
 .text.vTaskSuspendAll
                0x00000000080042a4       0x1c ./Middlewares/Third_Party/FreeRTOS/Source/tasks.o
                0x00000000080042a4                vTaskSuspendAll
 .text.xTaskResumeAll
                0x00000000080042c0      0x138 ./Middlewares/Third_Party/FreeRTOS/Source/tasks.o
                0x00000000080042c0                xTaskResumeAll
 .text.xTaskGetTickCount
                0x00000000080043f8       0x20 ./Middlewares/Third_Party/FreeRTOS/Source/tasks.o
                0x00000000080043f8                xTaskGetTickCount
 .text.xTaskIncrementTick
                0x0000000008004418      0x170 ./Middlewares/Third_Party/FreeRTOS/Source/tasks.o
                0x0000000008004418                xTaskIncrementTick
 .text.vTaskSwitchContext
                0x0000000008004588       0xc4 ./Middlewares/Third_Party/FreeRTOS/Source/tasks.o
                0x0000000008004588                vTaskSwitchContext
 .text.vTaskPlaceOnEventList
                0x000000000800464c       0x48 ./Middlewares/Third_Party/FreeRTOS/Source/tasks.o
                0x000000000800464c                vTaskPlaceOnEventList
 .text.xTaskRemoveFromEventList
                0x0000000008004694       0xc4 ./Middlewares/Third_Party/FreeRTOS/Source/tasks.o
                0x0000000008004694                xTaskRemoveFromEventList
 .text.vTaskInternalSetTimeOutState
                0x0000000008004758       0x2c ./Middlewares/Third_Party/FreeRTOS/Source/tasks.o
                0x0000000008004758                vTaskInternalSetTimeOutState
 .text.xTaskCheckForTimeOut
                0x0000000008004784       0xc4 ./Middlewares/Third_Party/FreeRTOS/Source/tasks.o
                0x0000000008004784                xTaskCheckForTimeOut
 .text.vTaskMissedYield
                0x0000000008004848       0x18 ./Middlewares/Third_Party/FreeRTOS/Source/tasks.o
                0x0000000008004848                vTaskMissedYield
 .text.prvIdleTask
                0x0000000008004860       0x30 ./Middlewares/Third_Party/FreeRTOS/Source/tasks.o
 .text.prvInitialiseTaskLists
                0x0000000008004890       0x80 ./Middlewares/Third_Party/FreeRTOS/Source/tasks.o
 .text.prvCheckTasksWaitingTermination
                0x0000000008004910       0x5c ./Middlewares/Third_Party/FreeRTOS/Source/tasks.o
 .text.prvDeleteTCB
                0x000000000800496c       0x68 ./Middlewares/Third_Party/FreeRTOS/Source/tasks.o
 .text.prvResetNextTaskUnblockTime
                0x00000000080049d4       0x40 ./Middlewares/Third_Party/FreeRTOS/Source/tasks.o
 .text.xTaskGetSchedulerState
                0x0000000008004a14       0x3c ./Middlewares/Third_Party/FreeRTOS/Source/tasks.o
                0x0000000008004a14                xTaskGetSchedulerState
 .text.xTaskPriorityDisinherit
                0x0000000008004a50      0x10c ./Middlewares/Third_Party/FreeRTOS/Source/tasks.o
                0x0000000008004a50                xTaskPriorityDisinherit
 .text.prvAddCurrentTaskToDelayedList
                0x0000000008004b5c       0xcc ./Middlewares/Third_Party/FreeRTOS/Source/tasks.o
 .text.pxPortInitialiseStack
                0x0000000008004c28       0x68 ./Middlewares/Third_Party/FreeRTOS/Source/portable/GCC/ARM_CM4F/port.o
                0x0000000008004c28                pxPortInitialiseStack
 .text.prvTaskExitError
                0x0000000008004c90       0x58 ./Middlewares/Third_Party/FreeRTOS/Source/portable/GCC/ARM_CM4F/port.o
 *fill*         0x0000000008004ce8        0x8 
 .text.SVC_Handler
                0x0000000008004cf0       0x28 ./Middlewares/Third_Party/FreeRTOS/Source/portable/GCC/ARM_CM4F/port.o
                0x0000000008004cf0                SVC_Handler
 .text.prvPortStartFirstTask
                0x0000000008004d18       0x28 ./Middlewares/Third_Party/FreeRTOS/Source/portable/GCC/ARM_CM4F/port.o
 .text.xPortStartScheduler
                0x0000000008004d40      0x144 ./Middlewares/Third_Party/FreeRTOS/Source/portable/GCC/ARM_CM4F/port.o
                0x0000000008004d40                xPortStartScheduler
 .text.vPortEnterCritical
                0x0000000008004e84       0x60 ./Middlewares/Third_Party/FreeRTOS/Source/portable/GCC/ARM_CM4F/port.o
                0x0000000008004e84                vPortEnterCritical
 .text.vPortExitCritical
                0x0000000008004ee4       0x54 ./Middlewares/Third_Party/FreeRTOS/Source/portable/GCC/ARM_CM4F/port.o
                0x0000000008004ee4                vPortExitCritical
 *fill*         0x0000000008004f38        0x8 
 .text.PendSV_Handler
                0x0000000008004f40       0x68 ./Middlewares/Third_Party/FreeRTOS/Source/portable/GCC/ARM_CM4F/port.o
                0x0000000008004f40                PendSV_Handler
 .text.SysTick_Handler
                0x0000000008004fa8       0x44 ./Middlewares/Third_Party/FreeRTOS/Source/portable/GCC/ARM_CM4F/port.o
                0x0000000008004fa8                SysTick_Handler
 .text.vPortSetupTimerInterrupt
                0x0000000008004fec       0x48 ./Middlewares/Third_Party/FreeRTOS/Source/portable/GCC/ARM_CM4F/port.o
                0x0000000008004fec                vPortSetupTimerInterrupt
 .text.vPortEnableVFP
                0x0000000008005034       0x14 ./Middlewares/Third_Party/FreeRTOS/Source/portable/GCC/ARM_CM4F/port.o
 .text.pvPortMalloc
                0x0000000008005048      0x198 ./Middlewares/Third_Party/FreeRTOS/Source/portable/MemMang/heap_4.o
                0x0000000008005048                pvPortMalloc
 .text.vPortFree
                0x00000000080051e0       0xc4 ./Middlewares/Third_Party/FreeRTOS/Source/portable/MemMang/heap_4.o
                0x00000000080051e0                vPortFree
 .text.prvHeapInit
                0x00000000080052a4       0xc4 ./Middlewares/Third_Party/FreeRTOS/Source/portable/MemMang/heap_4.o
 .text.prvInsertBlockIntoFreeList
                0x0000000008005368       0xb4 ./Middlewares/Third_Party/FreeRTOS/Source/portable/MemMang/heap_4.o
 .text.task_    0x000000000800541c       0x98 ./src/app/src/ao_led.o
 .text.ao_led_send
                0x00000000080054b4       0x2c ./src/app/src/ao_led.o
                0x00000000080054b4                ao_led_send
 .text.ao_led_init
                0x00000000080054e0       0x68 ./src/app/src/ao_led.o
                0x00000000080054e0                ao_led_init
 .text.proccess_ao_evento
                0x0000000008005548       0xb4 ./src/app/src/ao_led.o
                0x0000000008005548                proccess_ao_evento
 .text.app_init
                0x00000000080055fc       0xc0 ./src/app/src/app.o
                0x00000000080055fc                app_init
 .text.euart_hal_receive
                0x00000000080056bc       0x22 ./src/lib/src/eboard.o
                0x00000000080056bc                euart_hal_receive
 .text.euart_hal_send
                0x00000000080056de       0x22 ./src/lib/src/eboard.o
                0x00000000080056de                euart_hal_send
 .text.HAL_UART_ErrorCallback
                0x0000000008005700       0x16 ./src/lib/src/eboard.o
                0x0000000008005700                HAL_UART_ErrorCallback
 .text.HAL_UARTEx_RxEventCallback
                0x0000000008005716       0x1e ./src/lib/src/eboard.o
                0x0000000008005716                HAL_UARTEx_RxEventCallback
 .text.HAL_UART_TxCpltCallback
                0x0000000008005734       0x16 ./src/lib/src/eboard.o
                0x0000000008005734                HAL_UART_TxCpltCallback
 .text.eboard_hal_port_gpio_write
                0x000000000800574a       0x28 ./src/lib/src/eboard.o
                0x000000000800574a                eboard_hal_port_gpio_write
 .text.eboard_hal_port_gpio_read
                0x0000000008005772       0x34 ./src/lib/src/eboard.o
                0x0000000008005772                eboard_hal_port_gpio_read
 .text.eboard_osal_port_get_time
                0x00000000080057a6        0xe ./src/lib/src/eboard.o
                0x00000000080057a6                eboard_osal_port_get_time
 .text.eboard_uart_init
                0x00000000080057b4       0x34 ./src/lib/src/eboard.o
                0x00000000080057b4                eboard_uart_init
 .text.eboard_gpio_init
                0x00000000080057e8       0x28 ./src/lib/src/eboard.o
                0x00000000080057e8                eboard_gpio_init
 .text.eboard_gpio_write
                0x0000000008005810       0x48 ./src/lib/src/eboard.o
                0x0000000008005810                eboard_gpio_write
 .text.eboard_gpio_read
                0x0000000008005858       0x38 ./src/lib/src/eboard.o
                0x0000000008005858                eboard_gpio_read
 .text.eboard_led_red
                0x0000000008005890       0x1c ./src/lib/src/eboard.o
                0x0000000008005890                eboard_led_red
 .text.eboard_led_green
                0x00000000080058ac       0x1c ./src/lib/src/eboard.o
                0x00000000080058ac                eboard_led_green
 .text.eboard_uart_write
                0x00000000080058c8       0x24 ./src/lib/src/eboard.o
                0x00000000080058c8                eboard_uart_write
 .text.eboard_uart_swrite
                0x00000000080058ec       0x30 ./src/lib/src/eboard.o
                0x00000000080058ec                eboard_uart_swrite
 .text.eboard_uart_swrite_line
                0x000000000800591c       0x2c ./src/lib/src/eboard.o
                0x000000000800591c                eboard_uart_swrite_line
 .text.eboard_log
                0x0000000008005948       0x54 ./src/lib/src/eboard.o
                0x0000000008005948                eboard_log
 .text.eboard_hal_port_uart_error
                0x000000000800599c       0x14 ./src/lib/src/eboard.o
                0x000000000800599c                eboard_hal_port_uart_error
 .text.eboard_hal_port_uart_rx_irq
                0x00000000080059b0       0x24 ./src/lib/src/eboard.o
                0x00000000080059b0                eboard_hal_port_uart_rx_irq
 .text.eboard_hal_port_uart_tx_irq
                0x00000000080059d4       0x20 ./src/lib/src/eboard.o
                0x00000000080059d4                eboard_hal_port_uart_tx_irq
 .text.eboard_init
                0x00000000080059f4       0x50 ./src/lib/src/eboard.o
                0x00000000080059f4                eboard_init
 .text.inc_idex_
                0x0000000008005a44       0x30 ./src/lib/src/eringbuffer.o
 .text.write_byte_
                0x0000000008005a74       0x3e ./src/lib/src/eringbuffer.o
 .text.read_byte_
                0x0000000008005ab2       0x3e ./src/lib/src/eringbuffer.o
 .text.eringbuffer_init
                0x0000000008005af0       0x36 ./src/lib/src/eringbuffer.o
                0x0000000008005af0                eringbuffer_init
 .text.eringbuffer_len
                0x0000000008005b26       0x18 ./src/lib/src/eringbuffer.o
                0x0000000008005b26                eringbuffer_len
 .text.eringbuffer_free
                0x0000000008005b3e       0x1e ./src/lib/src/eringbuffer.o
                0x0000000008005b3e                eringbuffer_free
 .text.eringbuffer_is_full
                0x0000000008005b5c       0x22 ./src/lib/src/eringbuffer.o
                0x0000000008005b5c                eringbuffer_is_full
 .text.eringbuffer_is_empty
                0x0000000008005b7e       0x22 ./src/lib/src/eringbuffer.o
                0x0000000008005b7e                eringbuffer_is_empty
 .text.eringbuffer_write_byte
                0x0000000008005ba0       0x30 ./src/lib/src/eringbuffer.o
                0x0000000008005ba0                eringbuffer_write_byte
 .text.eringbuffer_write
                0x0000000008005bd0       0x44 ./src/lib/src/eringbuffer.o
                0x0000000008005bd0                eringbuffer_write
 .text.eringbuffer_read_byte
                0x0000000008005c14       0x2c ./src/lib/src/eringbuffer.o
                0x0000000008005c14                eringbuffer_read_byte
 .text.eringbuffer_read
                0x0000000008005c40       0x42 ./src/lib/src/eringbuffer.o
                0x0000000008005c40                eringbuffer_read
 .text.hal_receive_
                0x0000000008005c82       0x20 ./src/lib/src/euart.o
                0x0000000008005c82                hal_receive_
 .text.hal_send_
                0x0000000008005ca2       0x3a ./src/lib/src/euart.o
                0x0000000008005ca2                hal_send_
 .text.euart_init
                0x0000000008005cdc       0x44 ./src/lib/src/euart.o
                0x0000000008005cdc                euart_init
 .text.euart_write
                0x0000000008005d20       0x34 ./src/lib/src/euart.o
                0x0000000008005d20                euart_write
 .text.euart_rx_irq
                0x0000000008005d54       0x3e ./src/lib/src/euart.o
                0x0000000008005d54                euart_rx_irq
 .text.euart_tx_irq
                0x0000000008005d92       0x40 ./src/lib/src/euart.o
                0x0000000008005d92                euart_tx_irq
 *fill*         0x0000000008005dd2        0x2 
 .text.led_state_callback_
                0x0000000008005dd4       0x4c ./src/task/src/task_button.o
                0x0000000008005dd4                led_state_callback_
 .text.HAL_GPIO_EXTI_Callback
                0x0000000008005e20       0x50 ./src/task/src/task_button.o
                0x0000000008005e20                HAL_GPIO_EXTI_Callback
 .text.task_button
                0x0000000008005e70      0x204 ./src/task/src/task_button.o
                0x0000000008005e70                task_button
 .text.procces_button
                0x0000000008006074       0x68 ./src/task/src/task_button.o
                0x0000000008006074                procces_button
 .text.snprintf
                0x00000000080060dc       0x68 C:/ST/STM32CubeIDE_1.13.0/STM32CubeIDE/plugins/com.st.stm32cube.ide.mcu.externaltools.gnu-tools-for-stm32.11.3.rel1.win32_1.1.0.202305231506/tools/bin/../lib/gcc/arm-none-eabi/11.3.1/../../../../arm-none-eabi/lib/thumb/v7e-m+fp/hard\libc_nano.a(libc_a-snprintf.o)
                0x00000000080060dc                sniprintf
                0x00000000080060dc                snprintf
 .text.sprintf  0x0000000008006144       0x40 C:/ST/STM32CubeIDE_1.13.0/STM32CubeIDE/plugins/com.st.stm32cube.ide.mcu.externaltools.gnu-tools-for-stm32.11.3.rel1.win32_1.1.0.202305231506/tools/bin/../lib/gcc/arm-none-eabi/11.3.1/../../../../arm-none-eabi/lib/thumb/v7e-m+fp/hard\libc_nano.a(libc_a-sprintf.o)
                0x0000000008006144                siprintf
                0x0000000008006144                sprintf
 .text.memset   0x0000000008006184       0x10 C:/ST/STM32CubeIDE_1.13.0/STM32CubeIDE/plugins/com.st.stm32cube.ide.mcu.externaltools.gnu-tools-for-stm32.11.3.rel1.win32_1.1.0.202305231506/tools/bin/../lib/gcc/arm-none-eabi/11.3.1/../../../../arm-none-eabi/lib/thumb/v7e-m+fp/hard\libc_nano.a(libc_a-memset.o)
                0x0000000008006184                memset
 .text._reclaim_reent
                0x0000000008006194       0xac C:/ST/STM32CubeIDE_1.13.0/STM32CubeIDE/plugins/com.st.stm32cube.ide.mcu.externaltools.gnu-tools-for-stm32.11.3.rel1.win32_1.1.0.202305231506/tools/bin/../lib/gcc/arm-none-eabi/11.3.1/../../../../arm-none-eabi/lib/thumb/v7e-m+fp/hard\libc_nano.a(libc_a-reent.o)
                0x0000000008006194                _reclaim_reent
 .text.__errno  0x0000000008006240        0xc C:/ST/STM32CubeIDE_1.13.0/STM32CubeIDE/plugins/com.st.stm32cube.ide.mcu.externaltools.gnu-tools-for-stm32.11.3.rel1.win32_1.1.0.202305231506/tools/bin/../lib/gcc/arm-none-eabi/11.3.1/../../../../arm-none-eabi/lib/thumb/v7e-m+fp/hard\libc_nano.a(libc_a-errno.o)
                0x0000000008006240                __errno
 .text.__libc_init_array
                0x000000000800624c       0x48 C:/ST/STM32CubeIDE_1.13.0/STM32CubeIDE/plugins/com.st.stm32cube.ide.mcu.externaltools.gnu-tools-for-stm32.11.3.rel1.win32_1.1.0.202305231506/tools/bin/../lib/gcc/arm-none-eabi/11.3.1/../../../../arm-none-eabi/lib/thumb/v7e-m+fp/hard\libc_nano.a(libc_a-init.o)
                0x000000000800624c                __libc_init_array
 .text.__retarget_lock_acquire_recursive
                0x0000000008006294        0x2 C:/ST/STM32CubeIDE_1.13.0/STM32CubeIDE/plugins/com.st.stm32cube.ide.mcu.externaltools.gnu-tools-for-stm32.11.3.rel1.win32_1.1.0.202305231506/tools/bin/../lib/gcc/arm-none-eabi/11.3.1/../../../../arm-none-eabi/lib/thumb/v7e-m+fp/hard\libc_nano.a(libc_a-lock.o)
                0x0000000008006294                __retarget_lock_acquire_recursive
 .text.__retarget_lock_release_recursive
                0x0000000008006296        0x2 C:/ST/STM32CubeIDE_1.13.0/STM32CubeIDE/plugins/com.st.stm32cube.ide.mcu.externaltools.gnu-tools-for-stm32.11.3.rel1.win32_1.1.0.202305231506/tools/bin/../lib/gcc/arm-none-eabi/11.3.1/../../../../arm-none-eabi/lib/thumb/v7e-m+fp/hard\libc_nano.a(libc_a-lock.o)
                0x0000000008006296                __retarget_lock_release_recursive
 .text.memcpy   0x0000000008006298       0x1c C:/ST/STM32CubeIDE_1.13.0/STM32CubeIDE/plugins/com.st.stm32cube.ide.mcu.externaltools.gnu-tools-for-stm32.11.3.rel1.win32_1.1.0.202305231506/tools/bin/../lib/gcc/arm-none-eabi/11.3.1/../../../../arm-none-eabi/lib/thumb/v7e-m+fp/hard\libc_nano.a(libc_a-memcpy-stub.o)
                0x0000000008006298                memcpy
 .text._free_r  0x00000000080062b4       0x98 C:/ST/STM32CubeIDE_1.13.0/STM32CubeIDE/plugins/com.st.stm32cube.ide.mcu.externaltools.gnu-tools-for-stm32.11.3.rel1.win32_1.1.0.202305231506/tools/bin/../lib/gcc/arm-none-eabi/11.3.1/../../../../arm-none-eabi/lib/thumb/v7e-m+fp/hard\libc_nano.a(libc_a-freer.o)
                0x00000000080062b4                _free_r
 .text.sbrk_aligned
                0x000000000800634c       0x40 C:/ST/STM32CubeIDE_1.13.0/STM32CubeIDE/plugins/com.st.stm32cube.ide.mcu.externaltools.gnu-tools-for-stm32.11.3.rel1.win32_1.1.0.202305231506/tools/bin/../lib/gcc/arm-none-eabi/11.3.1/../../../../arm-none-eabi/lib/thumb/v7e-m+fp/hard\libc_nano.a(libc_a-mallocr.o)
 .text._malloc_r
                0x000000000800638c      0x100 C:/ST/STM32CubeIDE_1.13.0/STM32CubeIDE/plugins/com.st.stm32cube.ide.mcu.externaltools.gnu-tools-for-stm32.11.3.rel1.win32_1.1.0.202305231506/tools/bin/../lib/gcc/arm-none-eabi/11.3.1/../../../../arm-none-eabi/lib/thumb/v7e-m+fp/hard\libc_nano.a(libc_a-mallocr.o)
                0x000000000800638c                _malloc_r
 .text.__malloc_lock
                0x000000000800648c        0xc C:/ST/STM32CubeIDE_1.13.0/STM32CubeIDE/plugins/com.st.stm32cube.ide.mcu.externaltools.gnu-tools-for-stm32.11.3.rel1.win32_1.1.0.202305231506/tools/bin/../lib/gcc/arm-none-eabi/11.3.1/../../../../arm-none-eabi/lib/thumb/v7e-m+fp/hard\libc_nano.a(libc_a-mlock.o)
                0x000000000800648c                __malloc_lock
 .text.__malloc_unlock
                0x0000000008006498        0xc C:/ST/STM32CubeIDE_1.13.0/STM32CubeIDE/plugins/com.st.stm32cube.ide.mcu.externaltools.gnu-tools-for-stm32.11.3.rel1.win32_1.1.0.202305231506/tools/bin/../lib/gcc/arm-none-eabi/11.3.1/../../../../arm-none-eabi/lib/thumb/v7e-m+fp/hard\libc_nano.a(libc_a-mlock.o)
                0x0000000008006498                __malloc_unlock
 .text.__ssputs_r
                0x00000000080064a4       0xb4 C:/ST/STM32CubeIDE_1.13.0/STM32CubeIDE/plugins/com.st.stm32cube.ide.mcu.externaltools.gnu-tools-for-stm32.11.3.rel1.win32_1.1.0.202305231506/tools/bin/../lib/gcc/arm-none-eabi/11.3.1/../../../../arm-none-eabi/lib/thumb/v7e-m+fp/hard\libc_nano.a(libc_a-nano-svfprintf.o)
                0x00000000080064a4                __ssputs_r
 .text._svfprintf_r
                0x0000000008006558      0x1fc C:/ST/STM32CubeIDE_1.13.0/STM32CubeIDE/plugins/com.st.stm32cube.ide.mcu.externaltools.gnu-tools-for-stm32.11.3.rel1.win32_1.1.0.202305231506/tools/bin/../lib/gcc/arm-none-eabi/11.3.1/../../../../arm-none-eabi/lib/thumb/v7e-m+fp/hard\libc_nano.a(libc_a-nano-svfprintf.o)
                0x0000000008006558                _svfiprintf_r
                0x0000000008006558                _svfprintf_r
 .text._printf_common
                0x0000000008006754       0xda C:/ST/STM32CubeIDE_1.13.0/STM32CubeIDE/plugins/com.st.stm32cube.ide.mcu.externaltools.gnu-tools-for-stm32.11.3.rel1.win32_1.1.0.202305231506/tools/bin/../lib/gcc/arm-none-eabi/11.3.1/../../../../arm-none-eabi/lib/thumb/v7e-m+fp/hard\libc_nano.a(libc_a-nano-vfprintf_i.o)
                0x0000000008006754                _printf_common
 *fill*         0x000000000800682e        0x2 
 .text._printf_i
                0x0000000008006830      0x244 C:/ST/STM32CubeIDE_1.13.0/STM32CubeIDE/plugins/com.st.stm32cube.ide.mcu.externaltools.gnu-tools-for-stm32.11.3.rel1.win32_1.1.0.202305231506/tools/bin/../lib/gcc/arm-none-eabi/11.3.1/../../../../arm-none-eabi/lib/thumb/v7e-m+fp/hard\libc_nano.a(libc_a-nano-vfprintf_i.o)
                0x0000000008006830                _printf_i
 .text.memmove  0x0000000008006a74       0x34 C:/ST/STM32CubeIDE_1.13.0/STM32CubeIDE/plugins/com.st.stm32cube.ide.mcu.externaltools.gnu-tools-for-stm32.11.3.rel1.win32_1.1.0.202305231506/tools/bin/../lib/gcc/arm-none-eabi/11.3.1/../../../../arm-none-eabi/lib/thumb/v7e-m+fp/hard\libc_nano.a(libc_a-memmove.o)
                0x0000000008006a74                memmove
 .text._sbrk_r  0x0000000008006aa8       0x20 C:/ST/STM32CubeIDE_1.13.0/STM32CubeIDE/plugins/com.st.stm32cube.ide.mcu.externaltools.gnu-tools-for-stm32.11.3.rel1.win32_1.1.0.202305231506/tools/bin/../lib/gcc/arm-none-eabi/11.3.1/../../../../arm-none-eabi/lib/thumb/v7e-m+fp/hard\libc_nano.a(libc_a-sbrkr.o)
                0x0000000008006aa8                _sbrk_r
 .text._realloc_r
                0x0000000008006ac8       0x5e C:/ST/STM32CubeIDE_1.13.0/STM32CubeIDE/plugins/com.st.stm32cube.ide.mcu.externaltools.gnu-tools-for-stm32.11.3.rel1.win32_1.1.0.202305231506/tools/bin/../lib/gcc/arm-none-eabi/11.3.1/../../../../arm-none-eabi/lib/thumb/v7e-m+fp/hard\libc_nano.a(libc_a-reallocr.o)
                0x0000000008006ac8                _realloc_r
 .text._malloc_usable_size_r
                0x0000000008006b26       0x10 C:/ST/STM32CubeIDE_1.13.0/STM32CubeIDE/plugins/com.st.stm32cube.ide.mcu.externaltools.gnu-tools-for-stm32.11.3.rel1.win32_1.1.0.202305231506/tools/bin/../lib/gcc/arm-none-eabi/11.3.1/../../../../arm-none-eabi/lib/thumb/v7e-m+fp/hard\libc_nano.a(libc_a-msizer.o)
                0x0000000008006b26                _malloc_usable_size_r
 *(.glue_7)
 .glue_7        0x0000000008006b36        0x0 linker stubs
 *(.glue_7t)
 .glue_7t       0x0000000008006b36        0x0 linker stubs
 *(.eh_frame)
 *fill*         0x0000000008006b36        0x2 
 .eh_frame      0x0000000008006b38        0x0 C:/ST/STM32CubeIDE_1.13.0/STM32CubeIDE/plugins/com.st.stm32cube.ide.mcu.externaltools.gnu-tools-for-stm32.11.3.rel1.win32_1.1.0.202305231506/tools/bin/../lib/gcc/arm-none-eabi/11.3.1/thumb/v7e-m+fp/hard/crtbegin.o
 *(.init)
 .init          0x0000000008006b38        0x4 C:/ST/STM32CubeIDE_1.13.0/STM32CubeIDE/plugins/com.st.stm32cube.ide.mcu.externaltools.gnu-tools-for-stm32.11.3.rel1.win32_1.1.0.202305231506/tools/bin/../lib/gcc/arm-none-eabi/11.3.1/thumb/v7e-m+fp/hard/crti.o
                0x0000000008006b38                _init
 .init          0x0000000008006b3c        0x8 C:/ST/STM32CubeIDE_1.13.0/STM32CubeIDE/plugins/com.st.stm32cube.ide.mcu.externaltools.gnu-tools-for-stm32.11.3.rel1.win32_1.1.0.202305231506/tools/bin/../lib/gcc/arm-none-eabi/11.3.1/thumb/v7e-m+fp/hard/crtn.o
 *(.fini)
 .fini          0x0000000008006b44        0x4 C:/ST/STM32CubeIDE_1.13.0/STM32CubeIDE/plugins/com.st.stm32cube.ide.mcu.externaltools.gnu-tools-for-stm32.11.3.rel1.win32_1.1.0.202305231506/tools/bin/../lib/gcc/arm-none-eabi/11.3.1/thumb/v7e-m+fp/hard/crti.o
                0x0000000008006b44                _fini
 .fini          0x0000000008006b48        0x8 C:/ST/STM32CubeIDE_1.13.0/STM32CubeIDE/plugins/com.st.stm32cube.ide.mcu.externaltools.gnu-tools-for-stm32.11.3.rel1.win32_1.1.0.202305231506/tools/bin/../lib/gcc/arm-none-eabi/11.3.1/thumb/v7e-m+fp/hard/crtn.o
                0x0000000008006b50                . = ALIGN (0x4)
                0x0000000008006b50                _etext = .

.vfp11_veneer   0x0000000008006b50        0x0
 .vfp11_veneer  0x0000000008006b50        0x0 linker stubs

.v4_bx          0x0000000008006b50        0x0
 .v4_bx         0x0000000008006b50        0x0 linker stubs

.iplt           0x0000000008006b50        0x0
 .iplt          0x0000000008006b50        0x0 C:/ST/STM32CubeIDE_1.13.0/STM32CubeIDE/plugins/com.st.stm32cube.ide.mcu.externaltools.gnu-tools-for-stm32.11.3.rel1.win32_1.1.0.202305231506/tools/bin/../lib/gcc/arm-none-eabi/11.3.1/thumb/v7e-m+fp/hard/crtbegin.o

.rodata         0x0000000008006b50      0x1d4
                0x0000000008006b50                . = ALIGN (0x4)
 *(.rodata)
 .rodata        0x0000000008006b50       0x28 ./Core/Src/main.o
 .rodata        0x0000000008006b78        0x5 ./Middlewares/Third_Party/FreeRTOS/Source/tasks.o
 *fill*         0x0000000008006b7d        0x3 
 .rodata        0x0000000008006b80       0x40 ./src/app/src/ao_led.o
 .rodata        0x0000000008006bc0       0x31 ./src/app/src/app.o
 *fill*         0x0000000008006bf1        0x3 
 .rodata        0x0000000008006bf4       0x15 ./src/lib/src/eboard.o
 *fill*         0x0000000008006c09        0x3 
 .rodata        0x0000000008006c0c       0xc5 ./src/task/src/task_button.o
 *(.rodata*)
 *fill*         0x0000000008006cd1        0x3 
 .rodata.AHBPrescTable
                0x0000000008006cd4       0x10 ./Core/Src/system_stm32f4xx.o
                0x0000000008006cd4                AHBPrescTable
 .rodata.APBPrescTable
                0x0000000008006ce4        0x8 ./Core/Src/system_stm32f4xx.o
                0x0000000008006ce4                APBPrescTable
 .rodata.elog_msg
                0x0000000008006cec        0x4 ./src/lib/src/eboard.o
                0x0000000008006cec                elog_msg
 .rodata._svfprintf_r.str1.1
                0x0000000008006cf0       0x11 C:/ST/STM32CubeIDE_1.13.0/STM32CubeIDE/plugins/com.st.stm32cube.ide.mcu.externaltools.gnu-tools-for-stm32.11.3.rel1.win32_1.1.0.202305231506/tools/bin/../lib/gcc/arm-none-eabi/11.3.1/../../../../arm-none-eabi/lib/thumb/v7e-m+fp/hard\libc_nano.a(libc_a-nano-svfprintf.o)
 .rodata._printf_i.str1.1
                0x0000000008006d01       0x22 C:/ST/STM32CubeIDE_1.13.0/STM32CubeIDE/plugins/com.st.stm32cube.ide.mcu.externaltools.gnu-tools-for-stm32.11.3.rel1.win32_1.1.0.202305231506/tools/bin/../lib/gcc/arm-none-eabi/11.3.1/../../../../arm-none-eabi/lib/thumb/v7e-m+fp/hard\libc_nano.a(libc_a-nano-vfprintf_i.o)
                0x0000000008006d24                . = ALIGN (0x4)
 *fill*         0x0000000008006d23        0x1 

.ARM.extab      0x0000000008006d24        0x0
                0x0000000008006d24                . = ALIGN (0x4)
 *(.ARM.extab* .gnu.linkonce.armextab.*)
                0x0000000008006d24                . = ALIGN (0x4)

.ARM            0x0000000008006d24        0x8
                0x0000000008006d24                . = ALIGN (0x4)
                0x0000000008006d24                __exidx_start = .
 *(.ARM.exidx*)
 .ARM.exidx     0x0000000008006d24        0x8 C:/ST/STM32CubeIDE_1.13.0/STM32CubeIDE/plugins/com.st.stm32cube.ide.mcu.externaltools.gnu-tools-for-stm32.11.3.rel1.win32_1.1.0.202305231506/tools/bin/../lib/gcc/arm-none-eabi/11.3.1/thumb/v7e-m+fp/hard\libgcc.a(_udivmoddi4.o)
                0x0000000008006d2c                __exidx_end = .
                0x0000000008006d2c                . = ALIGN (0x4)

.rel.dyn        0x0000000008006d2c        0x0
 .rel.iplt      0x0000000008006d2c        0x0 C:/ST/STM32CubeIDE_1.13.0/STM32CubeIDE/plugins/com.st.stm32cube.ide.mcu.externaltools.gnu-tools-for-stm32.11.3.rel1.win32_1.1.0.202305231506/tools/bin/../lib/gcc/arm-none-eabi/11.3.1/thumb/v7e-m+fp/hard/crtbegin.o

.preinit_array  0x0000000008006d2c        0x0
                0x0000000008006d2c                . = ALIGN (0x4)
                0x0000000008006d2c                PROVIDE (__preinit_array_start = .)
 *(.preinit_array*)
                0x0000000008006d2c                PROVIDE (__preinit_array_end = .)
                0x0000000008006d2c                . = ALIGN (0x4)

.init_array     0x0000000008006d2c        0x4
                0x0000000008006d2c                . = ALIGN (0x4)
                0x0000000008006d2c                PROVIDE (__init_array_start = .)
 *(SORT_BY_NAME(.init_array.*))
 *(.init_array*)
 .init_array    0x0000000008006d2c        0x4 C:/ST/STM32CubeIDE_1.13.0/STM32CubeIDE/plugins/com.st.stm32cube.ide.mcu.externaltools.gnu-tools-for-stm32.11.3.rel1.win32_1.1.0.202305231506/tools/bin/../lib/gcc/arm-none-eabi/11.3.1/thumb/v7e-m+fp/hard/crtbegin.o
                0x0000000008006d30                PROVIDE (__init_array_end = .)
                0x0000000008006d30                . = ALIGN (0x4)

.fini_array     0x0000000008006d30        0x4
                0x0000000008006d30                . = ALIGN (0x4)
                [!provide]                        PROVIDE (__fini_array_start = .)
 *(SORT_BY_NAME(.fini_array.*))
 *(.fini_array*)
 .fini_array    0x0000000008006d30        0x4 C:/ST/STM32CubeIDE_1.13.0/STM32CubeIDE/plugins/com.st.stm32cube.ide.mcu.externaltools.gnu-tools-for-stm32.11.3.rel1.win32_1.1.0.202305231506/tools/bin/../lib/gcc/arm-none-eabi/11.3.1/thumb/v7e-m+fp/hard/crtbegin.o
                [!provide]                        PROVIDE (__fini_array_end = .)
                0x0000000008006d34                . = ALIGN (0x4)
                0x0000000008006d34                _sidata = LOADADDR (.data)

.data           0x0000000020000000       0xb4 load address 0x0000000008006d34
                0x0000000020000000                . = ALIGN (0x4)
                0x0000000020000000                _sdata = .
 *(.data)
 *(.data*)
 .data.SystemCoreClock
                0x0000000020000000        0x4 ./Core/Src/system_stm32f4xx.o
                0x0000000020000000                SystemCoreClock
 .data.uwTickPrio
                0x0000000020000004        0x4 ./Drivers/STM32F4xx_HAL_Driver/Src/stm32f4xx_hal.o
                0x0000000020000004                uwTickPrio
 .data.uwTickFreq
                0x0000000020000008        0x1 ./Drivers/STM32F4xx_HAL_Driver/Src/stm32f4xx_hal.o
                0x0000000020000008                uwTickFreq
 *fill*         0x0000000020000009        0x3 
 .data.uxCriticalNesting
                0x000000002000000c        0x4 ./Middlewares/Third_Party/FreeRTOS/Source/portable/GCC/ARM_CM4F/port.o
 .data.driver_gpios_
                0x0000000020000010       0x30 ./src/lib/src/eboard.o
 .data.p_huart_selected_
                0x0000000020000040        0x4 ./src/lib/src/eboard.o
                0x0000000020000040                p_huart_selected_
 .data.gpios_   0x0000000020000044       0x20 ./src/lib/src/eboard.o
 .data._impure_data
                0x0000000020000064       0x4c C:/ST/STM32CubeIDE_1.13.0/STM32CubeIDE/plugins/com.st.stm32cube.ide.mcu.externaltools.gnu-tools-for-stm32.11.3.rel1.win32_1.1.0.202305231506/tools/bin/../lib/gcc/arm-none-eabi/11.3.1/../../../../arm-none-eabi/lib/thumb/v7e-m+fp/hard\libc_nano.a(libc_a-impure.o)
                0x0000000020000064                _impure_data
 .data._impure_ptr
                0x00000000200000b0        0x4 C:/ST/STM32CubeIDE_1.13.0/STM32CubeIDE/plugins/com.st.stm32cube.ide.mcu.externaltools.gnu-tools-for-stm32.11.3.rel1.win32_1.1.0.202305231506/tools/bin/../lib/gcc/arm-none-eabi/11.3.1/../../../../arm-none-eabi/lib/thumb/v7e-m+fp/hard\libc_nano.a(libc_a-impure.o)
                0x00000000200000b0                _impure_ptr
 *(.RamFunc)
 *(.RamFunc*)
                0x00000000200000b4                . = ALIGN (0x4)
                0x00000000200000b4                _edata = .

.igot.plt       0x00000000200000b4        0x0 load address 0x0000000008006de8
 .igot.plt      0x00000000200000b4        0x0 C:/ST/STM32CubeIDE_1.13.0/STM32CubeIDE/plugins/com.st.stm32cube.ide.mcu.externaltools.gnu-tools-for-stm32.11.3.rel1.win32_1.1.0.202305231506/tools/bin/../lib/gcc/arm-none-eabi/11.3.1/thumb/v7e-m+fp/hard/crtbegin.o
                0x00000000200000b4                . = ALIGN (0x4)

.bss            0x00000000200000b4     0x481c load address 0x0000000008006de8
                0x00000000200000b4                _sbss = .
                0x00000000200000b4                __bss_start__ = _sbss
 *(.bss)
 .bss           0x00000000200000b4       0x1c C:/ST/STM32CubeIDE_1.13.0/STM32CubeIDE/plugins/com.st.stm32cube.ide.mcu.externaltools.gnu-tools-for-stm32.11.3.rel1.win32_1.1.0.202305231506/tools/bin/../lib/gcc/arm-none-eabi/11.3.1/thumb/v7e-m+fp/hard/crtbegin.o
 *(.bss*)
 .bss.xIdleTaskTCBBuffer
                0x00000000200000d0       0xa0 ./Core/Src/freertos.o
 .bss.xIdleStack
                0x0000000020000170      0x200 ./Core/Src/freertos.o
 .bss.huart2    0x0000000020000370       0x44 ./Core/Src/main.o
                0x0000000020000370                huart2
 .bss.defaultTaskHandle
                0x00000000200003b4        0x4 ./Core/Src/main.o
                0x00000000200003b4                defaultTaskHandle
 .bss.htim1     0x00000000200003b8       0x48 ./Core/Src/stm32f4xx_hal_timebase_tim.o
                0x00000000200003b8                htim1
 .bss.__sbrk_heap_end
                0x0000000020000400        0x4 ./Core/Src/sysmem.o
 .bss.uwTick    0x0000000020000404        0x4 ./Drivers/STM32F4xx_HAL_Driver/Src/stm32f4xx_hal.o
                0x0000000020000404                uwTick
 .bss.pxCurrentTCB
                0x0000000020000408        0x4 ./Middlewares/Third_Party/FreeRTOS/Source/tasks.o
                0x0000000020000408                pxCurrentTCB
 .bss.pxReadyTasksLists
                0x000000002000040c       0x8c ./Middlewares/Third_Party/FreeRTOS/Source/tasks.o
 .bss.xDelayedTaskList1
                0x0000000020000498       0x14 ./Middlewares/Third_Party/FreeRTOS/Source/tasks.o
 .bss.xDelayedTaskList2
                0x00000000200004ac       0x14 ./Middlewares/Third_Party/FreeRTOS/Source/tasks.o
 .bss.pxDelayedTaskList
                0x00000000200004c0        0x4 ./Middlewares/Third_Party/FreeRTOS/Source/tasks.o
 .bss.pxOverflowDelayedTaskList
                0x00000000200004c4        0x4 ./Middlewares/Third_Party/FreeRTOS/Source/tasks.o
 .bss.xPendingReadyList
                0x00000000200004c8       0x14 ./Middlewares/Third_Party/FreeRTOS/Source/tasks.o
 .bss.xTasksWaitingTermination
                0x00000000200004dc       0x14 ./Middlewares/Third_Party/FreeRTOS/Source/tasks.o
 .bss.uxDeletedTasksWaitingCleanUp
                0x00000000200004f0        0x4 ./Middlewares/Third_Party/FreeRTOS/Source/tasks.o
 .bss.xSuspendedTaskList
                0x00000000200004f4       0x14 ./Middlewares/Third_Party/FreeRTOS/Source/tasks.o
 .bss.uxCurrentNumberOfTasks
                0x0000000020000508        0x4 ./Middlewares/Third_Party/FreeRTOS/Source/tasks.o
 .bss.xTickCount
                0x000000002000050c        0x4 ./Middlewares/Third_Party/FreeRTOS/Source/tasks.o
 .bss.uxTopReadyPriority
                0x0000000020000510        0x4 ./Middlewares/Third_Party/FreeRTOS/Source/tasks.o
 .bss.xSchedulerRunning
                0x0000000020000514        0x4 ./Middlewares/Third_Party/FreeRTOS/Source/tasks.o
 .bss.xPendedTicks
                0x0000000020000518        0x4 ./Middlewares/Third_Party/FreeRTOS/Source/tasks.o
 .bss.xYieldPending
                0x000000002000051c        0x4 ./Middlewares/Third_Party/FreeRTOS/Source/tasks.o
 .bss.xNumOfOverflows
                0x0000000020000520        0x4 ./Middlewares/Third_Party/FreeRTOS/Source/tasks.o
 .bss.uxTaskNumber
                0x0000000020000524        0x4 ./Middlewares/Third_Party/FreeRTOS/Source/tasks.o
 .bss.xNextTaskUnblockTime
                0x0000000020000528        0x4 ./Middlewares/Third_Party/FreeRTOS/Source/tasks.o
 .bss.xIdleTaskHandle
                0x000000002000052c        0x4 ./Middlewares/Third_Party/FreeRTOS/Source/tasks.o
 .bss.uxSchedulerSuspended
                0x0000000020000530        0x4 ./Middlewares/Third_Party/FreeRTOS/Source/tasks.o
 .bss.ucMaxSysCallPriority
                0x0000000020000534        0x1 ./Middlewares/Third_Party/FreeRTOS/Source/portable/GCC/ARM_CM4F/port.o
 *fill*         0x0000000020000535        0x3 
 .bss.ulMaxPRIGROUPValue
                0x0000000020000538        0x4 ./Middlewares/Third_Party/FreeRTOS/Source/portable/GCC/ARM_CM4F/port.o
 .bss.ucHeap    0x000000002000053c     0x3c00 ./Middlewares/Third_Party/FreeRTOS/Source/portable/MemMang/heap_4.o
 .bss.xStart    0x000000002000413c        0x8 ./Middlewares/Third_Party/FreeRTOS/Source/portable/MemMang/heap_4.o
 .bss.pxEnd     0x0000000020004144        0x4 ./Middlewares/Third_Party/FreeRTOS/Source/portable/MemMang/heap_4.o
 .bss.xFreeBytesRemaining
                0x0000000020004148        0x4 ./Middlewares/Third_Party/FreeRTOS/Source/portable/MemMang/heap_4.o
 .bss.xMinimumEverFreeBytesRemaining
                0x000000002000414c        0x4 ./Middlewares/Third_Party/FreeRTOS/Source/portable/MemMang/heap_4.o
 .bss.xNumberOfSuccessfulAllocations
                0x0000000020004150        0x4 ./Middlewares/Third_Party/FreeRTOS/Source/portable/MemMang/heap_4.o
 .bss.xNumberOfSuccessfulFrees
                0x0000000020004154        0x4 ./Middlewares/Third_Party/FreeRTOS/Source/portable/MemMang/heap_4.o
 .bss.xBlockAllocatedBit
                0x0000000020004158        0x4 ./Middlewares/Third_Party/FreeRTOS/Source/portable/MemMang/heap_4.o
 .bss.tx_buffer_
                0x000000002000415c      0x400 ./src/lib/src/eboard.o
 .bss.rx_buffer_
                0x000000002000455c      0x100 ./src/lib/src/eboard.o
 .bss.heuart_   0x000000002000465c       0x50 ./src/lib/src/eboard.o
 .bss.elog_buffer_
                0x00000000200046ac       0x20 ./src/lib/src/eboard.o
 .bss.elog_user_buffer_
                0x00000000200046cc       0x40 ./src/lib/src/eboard.o
 .bss.elog_msg_len
                0x000000002000470c        0x4 ./src/lib/src/eboard.o
                0x000000002000470c                elog_msg_len
 .bss.pressed_start
                0x0000000020004710        0x4 ./src/task/src/task_button.o
                0x0000000020004710                pressed_start
 .bss.pressed_time
                0x0000000020004714        0x4 ./src/task/src/task_button.o
                0x0000000020004714                pressed_time
 .bss.buffer    0x0000000020004718       0x64 ./src/task/src/task_button.o
                0x0000000020004718                buffer
 .bss.ao_led    0x000000002000477c        0x8 ./src/task/src/task_button.o
                0x000000002000477c                ao_led
 .bss.p_ao_evento
                0x0000000020004784        0x4 ./src/task/src/task_button.o
                0x0000000020004784                p_ao_evento
 .bss.__sf      0x0000000020004788      0x138 C:/ST/STM32CubeIDE_1.13.0/STM32CubeIDE/plugins/com.st.stm32cube.ide.mcu.externaltools.gnu-tools-for-stm32.11.3.rel1.win32_1.1.0.202305231506/tools/bin/../lib/gcc/arm-none-eabi/11.3.1/../../../../arm-none-eabi/lib/thumb/v7e-m+fp/hard\libc_nano.a(libc_a-findfp.o)
                0x0000000020004788                __sf
 .bss.errno     0x00000000200048c0        0x4 C:/ST/STM32CubeIDE_1.13.0/STM32CubeIDE/plugins/com.st.stm32cube.ide.mcu.externaltools.gnu-tools-for-stm32.11.3.rel1.win32_1.1.0.202305231506/tools/bin/../lib/gcc/arm-none-eabi/11.3.1/../../../../arm-none-eabi/lib/thumb/v7e-m+fp/hard\libc_nano.a(libc_a-reent.o)
                0x00000000200048c0                errno
 .bss.__lock___malloc_recursive_mutex
                0x00000000200048c4        0x1 C:/ST/STM32CubeIDE_1.13.0/STM32CubeIDE/plugins/com.st.stm32cube.ide.mcu.externaltools.gnu-tools-for-stm32.11.3.rel1.win32_1.1.0.202305231506/tools/bin/../lib/gcc/arm-none-eabi/11.3.1/../../../../arm-none-eabi/lib/thumb/v7e-m+fp/hard\libc_nano.a(libc_a-lock.o)
                0x00000000200048c4                __lock___malloc_recursive_mutex
 *fill*         0x00000000200048c5        0x3 
 .bss.__malloc_free_list
                0x00000000200048c8        0x4 C:/ST/STM32CubeIDE_1.13.0/STM32CubeIDE/plugins/com.st.stm32cube.ide.mcu.externaltools.gnu-tools-for-stm32.11.3.rel1.win32_1.1.0.202305231506/tools/bin/../lib/gcc/arm-none-eabi/11.3.1/../../../../arm-none-eabi/lib/thumb/v7e-m+fp/hard\libc_nano.a(libc_a-mallocr.o)
                0x00000000200048c8                __malloc_free_list
 .bss.__malloc_sbrk_start
                0x00000000200048cc        0x4 C:/ST/STM32CubeIDE_1.13.0/STM32CubeIDE/plugins/com.st.stm32cube.ide.mcu.externaltools.gnu-tools-for-stm32.11.3.rel1.win32_1.1.0.202305231506/tools/bin/../lib/gcc/arm-none-eabi/11.3.1/../../../../arm-none-eabi/lib/thumb/v7e-m+fp/hard\libc_nano.a(libc_a-mallocr.o)
                0x00000000200048cc                __malloc_sbrk_start
 *(COMMON)
                0x00000000200048d0                . = ALIGN (0x4)
                0x00000000200048d0                _ebss = .
                0x00000000200048d0                __bss_end__ = _ebss

._user_heap_stack
                0x00000000200048d0      0x600 load address 0x0000000008006de8
                0x00000000200048d0                . = ALIGN (0x8)
                [!provide]                        PROVIDE (end = .)
                0x00000000200048d0                PROVIDE (_end = .)
                0x0000000020004ad0                . = (. + _Min_Heap_Size)
 *fill*         0x00000000200048d0      0x200 
                0x0000000020004ed0                . = (. + _Min_Stack_Size)
 *fill*         0x0000000020004ad0      0x400 
                0x0000000020004ed0                . = ALIGN (0x8)

/DISCARD/
 libc.a(*)
 libm.a(*)
 libgcc.a(*)

.ARM.attributes
                0x0000000000000000       0x30
 *(.ARM.attributes)
 .ARM.attributes
                0x0000000000000000       0x1e C:/ST/STM32CubeIDE_1.13.0/STM32CubeIDE/plugins/com.st.stm32cube.ide.mcu.externaltools.gnu-tools-for-stm32.11.3.rel1.win32_1.1.0.202305231506/tools/bin/../lib/gcc/arm-none-eabi/11.3.1/thumb/v7e-m+fp/hard/crti.o
 .ARM.attributes
                0x000000000000001e       0x34 C:/ST/STM32CubeIDE_1.13.0/STM32CubeIDE/plugins/com.st.stm32cube.ide.mcu.externaltools.gnu-tools-for-stm32.11.3.rel1.win32_1.1.0.202305231506/tools/bin/../lib/gcc/arm-none-eabi/11.3.1/thumb/v7e-m+fp/hard/crtbegin.o
 .ARM.attributes
                0x0000000000000052       0x34 ./Core/Src/freertos.o
 .ARM.attributes
                0x0000000000000086       0x34 ./Core/Src/main.o
 .ARM.attributes
                0x00000000000000ba       0x34 ./Core/Src/stm32f4xx_hal_msp.o
 .ARM.attributes
                0x00000000000000ee       0x34 ./Core/Src/stm32f4xx_hal_timebase_tim.o
 .ARM.attributes
                0x0000000000000122       0x34 ./Core/Src/stm32f4xx_it.o
 .ARM.attributes
                0x0000000000000156       0x34 ./Core/Src/sysmem.o
 .ARM.attributes
                0x000000000000018a       0x34 ./Core/Src/system_stm32f4xx.o
 .ARM.attributes
                0x00000000000001be       0x21 ./Core/Startup/startup_stm32f446retx.o
 .ARM.attributes
                0x00000000000001df       0x34 ./Drivers/STM32F4xx_HAL_Driver/Src/stm32f4xx_hal.o
 .ARM.attributes
                0x0000000000000213       0x34 ./Drivers/STM32F4xx_HAL_Driver/Src/stm32f4xx_hal_cortex.o
 .ARM.attributes
                0x0000000000000247       0x34 ./Drivers/STM32F4xx_HAL_Driver/Src/stm32f4xx_hal_dma.o
 .ARM.attributes
                0x000000000000027b       0x34 ./Drivers/STM32F4xx_HAL_Driver/Src/stm32f4xx_hal_gpio.o
 .ARM.attributes
                0x00000000000002af       0x34 ./Drivers/STM32F4xx_HAL_Driver/Src/stm32f4xx_hal_rcc.o
 .ARM.attributes
                0x00000000000002e3       0x34 ./Drivers/STM32F4xx_HAL_Driver/Src/stm32f4xx_hal_rcc_ex.o
 .ARM.attributes
                0x0000000000000317       0x34 ./Drivers/STM32F4xx_HAL_Driver/Src/stm32f4xx_hal_tim.o
 .ARM.attributes
                0x000000000000034b       0x34 ./Drivers/STM32F4xx_HAL_Driver/Src/stm32f4xx_hal_tim_ex.o
 .ARM.attributes
                0x000000000000037f       0x34 ./Drivers/STM32F4xx_HAL_Driver/Src/stm32f4xx_hal_uart.o
 .ARM.attributes
                0x00000000000003b3       0x34 ./Middlewares/Third_Party/FreeRTOS/Source/CMSIS_RTOS/cmsis_os.o
 .ARM.attributes
                0x00000000000003e7       0x34 ./Middlewares/Third_Party/FreeRTOS/Source/list.o
 .ARM.attributes
                0x000000000000041b       0x34 ./Middlewares/Third_Party/FreeRTOS/Source/queue.o
 .ARM.attributes
                0x000000000000044f       0x34 ./Middlewares/Third_Party/FreeRTOS/Source/tasks.o
 .ARM.attributes
                0x0000000000000483       0x34 ./Middlewares/Third_Party/FreeRTOS/Source/portable/GCC/ARM_CM4F/port.o
 .ARM.attributes
                0x00000000000004b7       0x34 ./Middlewares/Third_Party/FreeRTOS/Source/portable/MemMang/heap_4.o
 .ARM.attributes
                0x00000000000004eb       0x34 ./src/app/src/ao_led.o
 .ARM.attributes
                0x000000000000051f       0x34 ./src/app/src/app.o
 .ARM.attributes
                0x0000000000000553       0x34 ./src/lib/src/eboard.o
 .ARM.attributes
                0x0000000000000587       0x34 ./src/lib/src/eringbuffer.o
 .ARM.attributes
                0x00000000000005bb       0x34 ./src/lib/src/euart.o
 .ARM.attributes
                0x00000000000005ef       0x34 ./src/task/src/task_button.o
 .ARM.attributes
                0x0000000000000623       0x34 C:/ST/STM32CubeIDE_1.13.0/STM32CubeIDE/plugins/com.st.stm32cube.ide.mcu.externaltools.gnu-tools-for-stm32.11.3.rel1.win32_1.1.0.202305231506/tools/bin/../lib/gcc/arm-none-eabi/11.3.1/../../../../arm-none-eabi/lib/thumb/v7e-m+fp/hard\libc_nano.a(libc_a-findfp.o)
 .ARM.attributes
                0x0000000000000657       0x34 C:/ST/STM32CubeIDE_1.13.0/STM32CubeIDE/plugins/com.st.stm32cube.ide.mcu.externaltools.gnu-tools-for-stm32.11.3.rel1.win32_1.1.0.202305231506/tools/bin/../lib/gcc/arm-none-eabi/11.3.1/../../../../arm-none-eabi/lib/thumb/v7e-m+fp/hard\libc_nano.a(libc_a-snprintf.o)
 .ARM.attributes
                0x000000000000068b       0x34 C:/ST/STM32CubeIDE_1.13.0/STM32CubeIDE/plugins/com.st.stm32cube.ide.mcu.externaltools.gnu-tools-for-stm32.11.3.rel1.win32_1.1.0.202305231506/tools/bin/../lib/gcc/arm-none-eabi/11.3.1/../../../../arm-none-eabi/lib/thumb/v7e-m+fp/hard\libc_nano.a(libc_a-sprintf.o)
 .ARM.attributes
                0x00000000000006bf       0x34 C:/ST/STM32CubeIDE_1.13.0/STM32CubeIDE/plugins/com.st.stm32cube.ide.mcu.externaltools.gnu-tools-for-stm32.11.3.rel1.win32_1.1.0.202305231506/tools/bin/../lib/gcc/arm-none-eabi/11.3.1/../../../../arm-none-eabi/lib/thumb/v7e-m+fp/hard\libc_nano.a(libc_a-memset.o)
 .ARM.attributes
                0x00000000000006f3       0x34 C:/ST/STM32CubeIDE_1.13.0/STM32CubeIDE/plugins/com.st.stm32cube.ide.mcu.externaltools.gnu-tools-for-stm32.11.3.rel1.win32_1.1.0.202305231506/tools/bin/../lib/gcc/arm-none-eabi/11.3.1/../../../../arm-none-eabi/lib/thumb/v7e-m+fp/hard\libc_nano.a(libc_a-reent.o)
 .ARM.attributes
                0x0000000000000727       0x34 C:/ST/STM32CubeIDE_1.13.0/STM32CubeIDE/plugins/com.st.stm32cube.ide.mcu.externaltools.gnu-tools-for-stm32.11.3.rel1.win32_1.1.0.202305231506/tools/bin/../lib/gcc/arm-none-eabi/11.3.1/../../../../arm-none-eabi/lib/thumb/v7e-m+fp/hard\libc_nano.a(libc_a-impure.o)
 .ARM.attributes
                0x000000000000075b       0x34 C:/ST/STM32CubeIDE_1.13.0/STM32CubeIDE/plugins/com.st.stm32cube.ide.mcu.externaltools.gnu-tools-for-stm32.11.3.rel1.win32_1.1.0.202305231506/tools/bin/../lib/gcc/arm-none-eabi/11.3.1/../../../../arm-none-eabi/lib/thumb/v7e-m+fp/hard\libc_nano.a(libc_a-errno.o)
 .ARM.attributes
                0x000000000000078f       0x34 C:/ST/STM32CubeIDE_1.13.0/STM32CubeIDE/plugins/com.st.stm32cube.ide.mcu.externaltools.gnu-tools-for-stm32.11.3.rel1.win32_1.1.0.202305231506/tools/bin/../lib/gcc/arm-none-eabi/11.3.1/../../../../arm-none-eabi/lib/thumb/v7e-m+fp/hard\libc_nano.a(libc_a-init.o)
 .ARM.attributes
                0x00000000000007c3       0x34 C:/ST/STM32CubeIDE_1.13.0/STM32CubeIDE/plugins/com.st.stm32cube.ide.mcu.externaltools.gnu-tools-for-stm32.11.3.rel1.win32_1.1.0.202305231506/tools/bin/../lib/gcc/arm-none-eabi/11.3.1/../../../../arm-none-eabi/lib/thumb/v7e-m+fp/hard\libc_nano.a(libc_a-lock.o)
 .ARM.attributes
                0x00000000000007f7       0x34 C:/ST/STM32CubeIDE_1.13.0/STM32CubeIDE/plugins/com.st.stm32cube.ide.mcu.externaltools.gnu-tools-for-stm32.11.3.rel1.win32_1.1.0.202305231506/tools/bin/../lib/gcc/arm-none-eabi/11.3.1/../../../../arm-none-eabi/lib/thumb/v7e-m+fp/hard\libc_nano.a(libc_a-memcpy-stub.o)
 .ARM.attributes
                0x000000000000082b       0x17 C:/ST/STM32CubeIDE_1.13.0/STM32CubeIDE/plugins/com.st.stm32cube.ide.mcu.externaltools.gnu-tools-for-stm32.11.3.rel1.win32_1.1.0.202305231506/tools/bin/../lib/gcc/arm-none-eabi/11.3.1/../../../../arm-none-eabi/lib/thumb/v7e-m+fp/hard\libc_nano.a(libc_a-strlen.o)
 .ARM.attributes
                0x0000000000000842       0x34 C:/ST/STM32CubeIDE_1.13.0/STM32CubeIDE/plugins/com.st.stm32cube.ide.mcu.externaltools.gnu-tools-for-stm32.11.3.rel1.win32_1.1.0.202305231506/tools/bin/../lib/gcc/arm-none-eabi/11.3.1/../../../../arm-none-eabi/lib/thumb/v7e-m+fp/hard\libc_nano.a(libc_a-freer.o)
 .ARM.attributes
                0x0000000000000876       0x34 C:/ST/STM32CubeIDE_1.13.0/STM32CubeIDE/plugins/com.st.stm32cube.ide.mcu.externaltools.gnu-tools-for-stm32.11.3.rel1.win32_1.1.0.202305231506/tools/bin/../lib/gcc/arm-none-eabi/11.3.1/../../../../arm-none-eabi/lib/thumb/v7e-m+fp/hard\libc_nano.a(libc_a-mallocr.o)
 .ARM.attributes
                0x00000000000008aa       0x34 C:/ST/STM32CubeIDE_1.13.0/STM32CubeIDE/plugins/com.st.stm32cube.ide.mcu.externaltools.gnu-tools-for-stm32.11.3.rel1.win32_1.1.0.202305231506/tools/bin/../lib/gcc/arm-none-eabi/11.3.1/../../../../arm-none-eabi/lib/thumb/v7e-m+fp/hard\libc_nano.a(libc_a-mlock.o)
 .ARM.attributes
                0x00000000000008de       0x34 C:/ST/STM32CubeIDE_1.13.0/STM32CubeIDE/plugins/com.st.stm32cube.ide.mcu.externaltools.gnu-tools-for-stm32.11.3.rel1.win32_1.1.0.202305231506/tools/bin/../lib/gcc/arm-none-eabi/11.3.1/../../../../arm-none-eabi/lib/thumb/v7e-m+fp/hard\libc_nano.a(libc_a-nano-svfprintf.o)
 .ARM.attributes
                0x0000000000000912       0x34 C:/ST/STM32CubeIDE_1.13.0/STM32CubeIDE/plugins/com.st.stm32cube.ide.mcu.externaltools.gnu-tools-for-stm32.11.3.rel1.win32_1.1.0.202305231506/tools/bin/../lib/gcc/arm-none-eabi/11.3.1/../../../../arm-none-eabi/lib/thumb/v7e-m+fp/hard\libc_nano.a(libc_a-nano-vfprintf_i.o)
 .ARM.attributes
                0x0000000000000946       0x34 C:/ST/STM32CubeIDE_1.13.0/STM32CubeIDE/plugins/com.st.stm32cube.ide.mcu.externaltools.gnu-tools-for-stm32.11.3.rel1.win32_1.1.0.202305231506/tools/bin/../lib/gcc/arm-none-eabi/11.3.1/../../../../arm-none-eabi/lib/thumb/v7e-m+fp/hard\libc_nano.a(libc_a-memmove.o)
 .ARM.attributes
                0x000000000000097a       0x34 C:/ST/STM32CubeIDE_1.13.0/STM32CubeIDE/plugins/com.st.stm32cube.ide.mcu.externaltools.gnu-tools-for-stm32.11.3.rel1.win32_1.1.0.202305231506/tools/bin/../lib/gcc/arm-none-eabi/11.3.1/../../../../arm-none-eabi/lib/thumb/v7e-m+fp/hard\libc_nano.a(libc_a-sbrkr.o)
 .ARM.attributes
                0x00000000000009ae       0x1c C:/ST/STM32CubeIDE_1.13.0/STM32CubeIDE/plugins/com.st.stm32cube.ide.mcu.externaltools.gnu-tools-for-stm32.11.3.rel1.win32_1.1.0.202305231506/tools/bin/../lib/gcc/arm-none-eabi/11.3.1/../../../../arm-none-eabi/lib/thumb/v7e-m+fp/hard\libc_nano.a(libc_a-memchr.o)
 .ARM.attributes
                0x00000000000009ca       0x34 C:/ST/STM32CubeIDE_1.13.0/STM32CubeIDE/plugins/com.st.stm32cube.ide.mcu.externaltools.gnu-tools-for-stm32.11.3.rel1.win32_1.1.0.202305231506/tools/bin/../lib/gcc/arm-none-eabi/11.3.1/../../../../arm-none-eabi/lib/thumb/v7e-m+fp/hard\libc_nano.a(libc_a-reallocr.o)
 .ARM.attributes
                0x00000000000009fe       0x34 C:/ST/STM32CubeIDE_1.13.0/STM32CubeIDE/plugins/com.st.stm32cube.ide.mcu.externaltools.gnu-tools-for-stm32.11.3.rel1.win32_1.1.0.202305231506/tools/bin/../lib/gcc/arm-none-eabi/11.3.1/../../../../arm-none-eabi/lib/thumb/v7e-m+fp/hard\libc_nano.a(libc_a-msizer.o)
 .ARM.attributes
                0x0000000000000a32       0x1e C:/ST/STM32CubeIDE_1.13.0/STM32CubeIDE/plugins/com.st.stm32cube.ide.mcu.externaltools.gnu-tools-for-stm32.11.3.rel1.win32_1.1.0.202305231506/tools/bin/../lib/gcc/arm-none-eabi/11.3.1/thumb/v7e-m+fp/hard\libgcc.a(_aeabi_uldivmod.o)
 .ARM.attributes
                0x0000000000000a50       0x34 C:/ST/STM32CubeIDE_1.13.0/STM32CubeIDE/plugins/com.st.stm32cube.ide.mcu.externaltools.gnu-tools-for-stm32.11.3.rel1.win32_1.1.0.202305231506/tools/bin/../lib/gcc/arm-none-eabi/11.3.1/thumb/v7e-m+fp/hard\libgcc.a(_udivmoddi4.o)
 .ARM.attributes
                0x0000000000000a84       0x1e C:/ST/STM32CubeIDE_1.13.0/STM32CubeIDE/plugins/com.st.stm32cube.ide.mcu.externaltools.gnu-tools-for-stm32.11.3.rel1.win32_1.1.0.202305231506/tools/bin/../lib/gcc/arm-none-eabi/11.3.1/thumb/v7e-m+fp/hard\libgcc.a(_dvmd_tls.o)
 .ARM.attributes
                0x0000000000000aa2       0x1e C:/ST/STM32CubeIDE_1.13.0/STM32CubeIDE/plugins/com.st.stm32cube.ide.mcu.externaltools.gnu-tools-for-stm32.11.3.rel1.win32_1.1.0.202305231506/tools/bin/../lib/gcc/arm-none-eabi/11.3.1/thumb/v7e-m+fp/hard/crtn.o
OUTPUT(tp2_rtos_ii_maisincho.elf elf32-littlearm)
LOAD linker stubs
LOAD C:/ST/STM32CubeIDE_1.13.0/STM32CubeIDE/plugins/com.st.stm32cube.ide.mcu.externaltools.gnu-tools-for-stm32.11.3.rel1.win32_1.1.0.202305231506/tools/bin/../lib/gcc/arm-none-eabi/11.3.1/../../../../arm-none-eabi/lib/thumb/v7e-m+fp/hard\libc.a
LOAD C:/ST/STM32CubeIDE_1.13.0/STM32CubeIDE/plugins/com.st.stm32cube.ide.mcu.externaltools.gnu-tools-for-stm32.11.3.rel1.win32_1.1.0.202305231506/tools/bin/../lib/gcc/arm-none-eabi/11.3.1/../../../../arm-none-eabi/lib/thumb/v7e-m+fp/hard\libm.a
LOAD C:/ST/STM32CubeIDE_1.13.0/STM32CubeIDE/plugins/com.st.stm32cube.ide.mcu.externaltools.gnu-tools-for-stm32.11.3.rel1.win32_1.1.0.202305231506/tools/bin/../lib/gcc/arm-none-eabi/11.3.1/thumb/v7e-m+fp/hard\libgcc.a

.comment        0x0000000000000000       0x43
 .comment       0x0000000000000000       0x43 C:/ST/STM32CubeIDE_1.13.0/STM32CubeIDE/plugins/com.st.stm32cube.ide.mcu.externaltools.gnu-tools-for-stm32.11.3.rel1.win32_1.1.0.202305231506/tools/bin/../lib/gcc/arm-none-eabi/11.3.1/thumb/v7e-m+fp/hard/crtbegin.o
                                         0x44 (size before relaxing)
 .comment       0x0000000000000043       0x44 ./Core/Src/freertos.o
 .comment       0x0000000000000043       0x44 ./Core/Src/main.o
 .comment       0x0000000000000043       0x44 ./Core/Src/stm32f4xx_hal_msp.o
 .comment       0x0000000000000043       0x44 ./Core/Src/stm32f4xx_hal_timebase_tim.o
 .comment       0x0000000000000043       0x44 ./Core/Src/stm32f4xx_it.o
 .comment       0x0000000000000043       0x44 ./Core/Src/sysmem.o
 .comment       0x0000000000000043       0x44 ./Core/Src/system_stm32f4xx.o
 .comment       0x0000000000000043       0x44 ./Drivers/STM32F4xx_HAL_Driver/Src/stm32f4xx_hal.o
 .comment       0x0000000000000043       0x44 ./Drivers/STM32F4xx_HAL_Driver/Src/stm32f4xx_hal_cortex.o
 .comment       0x0000000000000043       0x44 ./Drivers/STM32F4xx_HAL_Driver/Src/stm32f4xx_hal_dma.o
 .comment       0x0000000000000043       0x44 ./Drivers/STM32F4xx_HAL_Driver/Src/stm32f4xx_hal_gpio.o
 .comment       0x0000000000000043       0x44 ./Drivers/STM32F4xx_HAL_Driver/Src/stm32f4xx_hal_rcc.o
 .comment       0x0000000000000043       0x44 ./Drivers/STM32F4xx_HAL_Driver/Src/stm32f4xx_hal_rcc_ex.o
 .comment       0x0000000000000043       0x44 ./Drivers/STM32F4xx_HAL_Driver/Src/stm32f4xx_hal_tim.o
 .comment       0x0000000000000043       0x44 ./Drivers/STM32F4xx_HAL_Driver/Src/stm32f4xx_hal_tim_ex.o
 .comment       0x0000000000000043       0x44 ./Drivers/STM32F4xx_HAL_Driver/Src/stm32f4xx_hal_uart.o
 .comment       0x0000000000000043       0x44 ./Middlewares/Third_Party/FreeRTOS/Source/CMSIS_RTOS/cmsis_os.o
 .comment       0x0000000000000043       0x44 ./Middlewares/Third_Party/FreeRTOS/Source/list.o
 .comment       0x0000000000000043       0x44 ./Middlewares/Third_Party/FreeRTOS/Source/queue.o
 .comment       0x0000000000000043       0x44 ./Middlewares/Third_Party/FreeRTOS/Source/tasks.o
 .comment       0x0000000000000043       0x44 ./Middlewares/Third_Party/FreeRTOS/Source/portable/GCC/ARM_CM4F/port.o
 .comment       0x0000000000000043       0x44 ./Middlewares/Third_Party/FreeRTOS/Source/portable/MemMang/heap_4.o
 .comment       0x0000000000000043       0x44 ./src/app/src/ao_led.o
 .comment       0x0000000000000043       0x44 ./src/app/src/app.o
 .comment       0x0000000000000043       0x44 ./src/lib/src/eboard.o
 .comment       0x0000000000000043       0x44 ./src/lib/src/eringbuffer.o
 .comment       0x0000000000000043       0x44 ./src/lib/src/euart.o
 .comment       0x0000000000000043       0x44 ./src/task/src/task_button.o

.debug_info     0x0000000000000000    0x18075
 .debug_info    0x0000000000000000      0x918 ./Core/Src/freertos.o
 .debug_info    0x0000000000000918     0x1c28 ./Core/Src/main.o
 .debug_info    0x0000000000002540      0xb88 ./Core/Src/stm32f4xx_hal_msp.o
 .debug_info    0x00000000000030c8      0xc36 ./Core/Src/stm32f4xx_hal_timebase_tim.o
 .debug_info    0x0000000000003cfe      0x957 ./Core/Src/stm32f4xx_it.o
 .debug_info    0x0000000000004655      0x168 ./Core/Src/sysmem.o
 .debug_info    0x00000000000047bd      0x54a ./Core/Src/system_stm32f4xx.o
 .debug_info    0x0000000000004d07       0x23 ./Core/Startup/startup_stm32f446retx.o
 .debug_info    0x0000000000004d2a      0x99e ./Drivers/STM32F4xx_HAL_Driver/Src/stm32f4xx_hal.o
 .debug_info    0x00000000000056c8      0xd64 ./Drivers/STM32F4xx_HAL_Driver/Src/stm32f4xx_hal_cortex.o
 .debug_info    0x000000000000642c      0x8e7 ./Drivers/STM32F4xx_HAL_Driver/Src/stm32f4xx_hal_dma.o
 .debug_info    0x0000000000006d13      0x70b ./Drivers/STM32F4xx_HAL_Driver/Src/stm32f4xx_hal_gpio.o
 .debug_info    0x000000000000741e      0x8ed ./Drivers/STM32F4xx_HAL_Driver/Src/stm32f4xx_hal_rcc.o
 .debug_info    0x0000000000007d0b      0x956 ./Drivers/STM32F4xx_HAL_Driver/Src/stm32f4xx_hal_rcc_ex.o
 .debug_info    0x0000000000008661     0x2948 ./Drivers/STM32F4xx_HAL_Driver/Src/stm32f4xx_hal_tim.o
 .debug_info    0x000000000000afa9     0x14ae ./Drivers/STM32F4xx_HAL_Driver/Src/stm32f4xx_hal_tim_ex.o
 .debug_info    0x000000000000c457     0x2fb8 ./Drivers/STM32F4xx_HAL_Driver/Src/stm32f4xx_hal_uart.o
 .debug_info    0x000000000000f40f     0x21e1 ./Middlewares/Third_Party/FreeRTOS/Source/CMSIS_RTOS/cmsis_os.o
 .debug_info    0x00000000000115f0      0x2af ./Middlewares/Third_Party/FreeRTOS/Source/list.o
 .debug_info    0x000000000001189f     0x17cd ./Middlewares/Third_Party/FreeRTOS/Source/queue.o
 .debug_info    0x000000000001306c     0x239d ./Middlewares/Third_Party/FreeRTOS/Source/tasks.o
 .debug_info    0x0000000000015409      0x4de ./Middlewares/Third_Party/FreeRTOS/Source/portable/GCC/ARM_CM4F/port.o
 .debug_info    0x00000000000158e7      0x4d5 ./Middlewares/Third_Party/FreeRTOS/Source/portable/MemMang/heap_4.o
 .debug_info    0x0000000000015dbc      0x449 ./src/app/src/ao_led.o
 .debug_info    0x0000000000016205      0x1ea ./src/app/src/app.o
 .debug_info    0x00000000000163ef     0x106d ./src/lib/src/eboard.o
 .debug_info    0x000000000001745c      0x3aa ./src/lib/src/eringbuffer.o
 .debug_info    0x0000000000017806      0x46e ./src/lib/src/euart.o
 .debug_info    0x0000000000017c74      0x401 ./src/task/src/task_button.o

.debug_abbrev   0x0000000000000000     0x3d02
 .debug_abbrev  0x0000000000000000      0x16f ./Core/Src/freertos.o
 .debug_abbrev  0x000000000000016f      0x31e ./Core/Src/main.o
 .debug_abbrev  0x000000000000048d      0x1cc ./Core/Src/stm32f4xx_hal_msp.o
 .debug_abbrev  0x0000000000000659      0x1f4 ./Core/Src/stm32f4xx_hal_timebase_tim.o
 .debug_abbrev  0x000000000000084d      0x19e ./Core/Src/stm32f4xx_it.o
 .debug_abbrev  0x00000000000009eb       0xbc ./Core/Src/sysmem.o
 .debug_abbrev  0x0000000000000aa7      0x11a ./Core/Src/system_stm32f4xx.o
 .debug_abbrev  0x0000000000000bc1       0x12 ./Core/Startup/startup_stm32f446retx.o
 .debug_abbrev  0x0000000000000bd3      0x213 ./Drivers/STM32F4xx_HAL_Driver/Src/stm32f4xx_hal.o
 .debug_abbrev  0x0000000000000de6      0x327 ./Drivers/STM32F4xx_HAL_Driver/Src/stm32f4xx_hal_cortex.o
 .debug_abbrev  0x000000000000110d      0x264 ./Drivers/STM32F4xx_HAL_Driver/Src/stm32f4xx_hal_dma.o
 .debug_abbrev  0x0000000000001371      0x1d4 ./Drivers/STM32F4xx_HAL_Driver/Src/stm32f4xx_hal_gpio.o
 .debug_abbrev  0x0000000000001545      0x2b6 ./Drivers/STM32F4xx_HAL_Driver/Src/stm32f4xx_hal_rcc.o
 .debug_abbrev  0x00000000000017fb      0x20a ./Drivers/STM32F4xx_HAL_Driver/Src/stm32f4xx_hal_rcc_ex.o
 .debug_abbrev  0x0000000000001a05      0x271 ./Drivers/STM32F4xx_HAL_Driver/Src/stm32f4xx_hal_tim.o
 .debug_abbrev  0x0000000000001c76      0x27c ./Drivers/STM32F4xx_HAL_Driver/Src/stm32f4xx_hal_tim_ex.o
 .debug_abbrev  0x0000000000001ef2      0x30e ./Drivers/STM32F4xx_HAL_Driver/Src/stm32f4xx_hal_uart.o
 .debug_abbrev  0x0000000000002200      0x416 ./Middlewares/Third_Party/FreeRTOS/Source/CMSIS_RTOS/cmsis_os.o
 .debug_abbrev  0x0000000000002616       0xf5 ./Middlewares/Third_Party/FreeRTOS/Source/list.o
 .debug_abbrev  0x000000000000270b      0x3b5 ./Middlewares/Third_Party/FreeRTOS/Source/queue.o
 .debug_abbrev  0x0000000000002ac0      0x3d0 ./Middlewares/Third_Party/FreeRTOS/Source/tasks.o
 .debug_abbrev  0x0000000000002e90      0x25c ./Middlewares/Third_Party/FreeRTOS/Source/portable/GCC/ARM_CM4F/port.o
 .debug_abbrev  0x00000000000030ec      0x21d ./Middlewares/Third_Party/FreeRTOS/Source/portable/MemMang/heap_4.o
 .debug_abbrev  0x0000000000003309      0x1bf ./src/app/src/ao_led.o
 .debug_abbrev  0x00000000000034c8       0xf8 ./src/app/src/app.o
 .debug_abbrev  0x00000000000035c0      0x2b4 ./src/lib/src/eboard.o
 .debug_abbrev  0x0000000000003874      0x143 ./src/lib/src/eringbuffer.o
 .debug_abbrev  0x00000000000039b7      0x155 ./src/lib/src/euart.o
 .debug_abbrev  0x0000000000003b0c      0x1f6 ./src/task/src/task_button.o

.debug_aranges  0x0000000000000000     0x14f8
 .debug_aranges
                0x0000000000000000       0x20 ./Core/Src/freertos.o
 .debug_aranges
                0x0000000000000020       0x50 ./Core/Src/main.o
 .debug_aranges
                0x0000000000000070       0x30 ./Core/Src/stm32f4xx_hal_msp.o
 .debug_aranges
                0x00000000000000a0       0x30 ./Core/Src/stm32f4xx_hal_timebase_tim.o
 .debug_aranges
                0x00000000000000d0       0x60 ./Core/Src/stm32f4xx_it.o
 .debug_aranges
                0x0000000000000130       0x20 ./Core/Src/sysmem.o
 .debug_aranges
                0x0000000000000150       0x28 ./Core/Src/system_stm32f4xx.o
 .debug_aranges
                0x0000000000000178       0x28 ./Core/Startup/startup_stm32f446retx.o
 .debug_aranges
                0x00000000000001a0       0xf0 ./Drivers/STM32F4xx_HAL_Driver/Src/stm32f4xx_hal.o
 .debug_aranges
                0x0000000000000290      0x118 ./Drivers/STM32F4xx_HAL_Driver/Src/stm32f4xx_hal_cortex.o
 .debug_aranges
                0x00000000000003a8       0x90 ./Drivers/STM32F4xx_HAL_Driver/Src/stm32f4xx_hal_dma.o
 .debug_aranges
                0x0000000000000438       0x58 ./Drivers/STM32F4xx_HAL_Driver/Src/stm32f4xx_hal_gpio.o
 .debug_aranges
                0x0000000000000490       0x88 ./Drivers/STM32F4xx_HAL_Driver/Src/stm32f4xx_hal_rcc.o
 .debug_aranges