19:47:32 **** Build of configuration Debug for project tp1_rtos_ii_maisincho ****
make -j12 all 
arm-none-eabi-gcc "../src/task/src/task_button.c" -mcpu=cortex-m4 -std=gnu11 -g3 -DDEBUG -DUSE_HAL_DRIVER -DSTM32F446xx -c -I../Core/Inc -I../Drivers/STM32F4xx_HAL_Driver/Inc -I../Drivers/STM32F4xx_HAL_Driver/Inc/Legacy -I../Drivers/CMSIS/Device/ST/STM32F4xx/Include -I../Drivers/CMSIS/Include -I../Middlewares/Third_Party/FreeRTOS/Source/include -I../Middlewares/Third_Party/FreeRTOS/Source/CMSIS_RTOS -I../Middlewares/Third_Party/FreeRTOS/Source/portable/GCC/ARM_CM4F -I"C:/Users/thony/Documents/Maestria/RTOS II/Practica/tp1_rtos_ii_maisincho/src/app/inc" -I"C:/Users/thony/Documents/Maestria/RTOS II/Practica/tp1_rtos_ii_maisincho/src/hal/inc" -I"C:/Users/thony/Documents/Maestria/RTOS II/Practica/tp1_rtos_ii_maisincho/src/lib/inc" -I"C:/Users/thony/Documents/Maestria/RTOS II/Practica/tp1_rtos_ii_maisincho/src/task/inc" -O0 -ffunction-sections -fdata-sections -Wall -fstack-usage -fcyclomatic-complexity -MMD -MP -MF"src/task/src/task_button.d" -MT"src/task/src/task_button.o" --specs=nano.specs -mfpu=fpv4-sp-d16 -mfloat-abi=hard -mthumb -o "src/task/src/task_button.o"
arm-none-eabi-gcc "../src/lib/src/eboard.c" -mcpu=cortex-m4 -std=gnu11 -g3 -DDEBUG -DUSE_HAL_DRIVER -DSTM32F446xx -c -I../Core/Inc -I../Drivers/STM32F4xx_HAL_Driver/Inc -I../Drivers/STM32F4xx_HAL_Driver/Inc/Legacy -I../Drivers/CMSIS/Device/ST/STM32F4xx/Include -I../Drivers/CMSIS/Include -I../Middlewares/Third_Party/FreeRTOS/Source/include -I../Middlewares/Third_Party/FreeRTOS/Source/CMSIS_RTOS -I../Middlewares/Third_Party/FreeRTOS/Source/portable/GCC/ARM_CM4F -I"C:/Users/thony/Documents/Maestria/RTOS II/Practica/tp1_rtos_ii_maisincho/src/app/inc" -I"C:/Users/thony/Documents/Maestria/RTOS II/Practica/tp1_rtos_ii_maisincho/src/hal/inc" -I"C:/Users/thony/Documents/Maestria/RTOS II/Practica/tp1_rtos_ii_maisincho/src/lib/inc" -I"C:/Users/thony/Documents/Maestria/RTOS II/Practica/tp1_rtos_ii_maisincho/src/task/inc" -O0 -ffunction-sections -fdata-sections -Wall -fstack-usage -fcyclomatic-complexity -MMD -MP -MF"src/lib/src/eboard.d" -MT"src/lib/src/eboard.o" --specs=nano.specs -mfpu=fpv4-sp-d16 -mfloat-abi=hard -mthumb -o "src/lib/src/eboard.o"
arm-none-eabi-gcc "../src/lib/src/eringbuffer.c" -mcpu=cortex-m4 -std=gnu11 -g3 -DDEBUG -DUSE_HAL_DRIVER -DSTM32F446xx -c -I../Core/Inc -I../Drivers/STM32F4xx_HAL_Driver/Inc -I../Drivers/STM32F4xx_HAL_Driver/Inc/Legacy -I../Drivers/CMSIS/Device/ST/STM32F4xx/Include -I../Drivers/CMSIS/Include -I../Middlewares/Third_Party/FreeRTOS/Source/include -I../Middlewares/Third_Party/FreeRTOS/Source/CMSIS_RTOS -I../Middlewares/Third_Party/FreeRTOS/Source/portable/GCC/ARM_CM4F -I"C:/Users/thony/Documents/Maestria/RTOS II/Practica/tp1_rtos_ii_maisincho/src/app/inc" -I"C:/Users/thony/Documents/Maestria/RTOS II/Practica/tp1_rtos_ii_maisincho/src/hal/inc" -I"C:/Users/thony/Documents/Maestria/RTOS II/Practica/tp1_rtos_ii_maisincho/src/lib/inc" -I"C:/Users/thony/Documents/Maestria/RTOS II/Practica/tp1_rtos_ii_maisincho/src/task/inc" -O0 -ffunction-sections -fdata-sections -Wall -fstack-usage -fcyclomatic-complexity -MMD -MP -MF"src/lib/src/eringbuffer.d" -MT"src/lib/src/eringbuffer.o" --specs=nano.specs -mfpu=fpv4-sp-d16 -mfloat-abi=hard -mthumb -o "src/lib/src/eringbuffer.o"
arm-none-eabi-gcc "../src/lib/src/euart.c" -mcpu=cortex-m4 -std=gnu11 -g3 -DDEBUG -DUSE_HAL_DRIVER -DSTM32F446xx -c -I../Core/Inc -I../Drivers/STM32F4xx_HAL_Driver/Inc -I../Drivers/STM32F4xx_HAL_Driver/Inc/Legacy -I../Drivers/CMSIS/Device/ST/STM32F4xx/Include -I../Drivers/CMSIS/Include -I../Middlewares/Third_Party/FreeRTOS/Source/include -I../Middlewares/Third_Party/FreeRTOS/Source/CMSIS_RTOS -I../Middlewares/Third_Party/FreeRTOS/Source/portable/GCC/ARM_CM4F -I"C:/Users/thony/Documents/Maestria/RTOS II/Practica/tp1_rtos_ii_maisincho/src/app/inc" -I"C:/Users/thony/Documents/Maestria/RTOS II/Practica/tp1_rtos_ii_maisincho/src/hal/inc" -I"C:/Users/thony/Documents/Maestria/RTOS II/Practica/tp1_rtos_ii_maisincho/src/lib/inc" -I"C:/Users/thony/Documents/Maestria/RTOS II/Practica/tp1_rtos_ii_maisincho/src/task/inc" -O0 -ffunction-sections -fdata-sections -Wall -fstack-usage -fcyclomatic-complexity -MMD -MP -MF"src/lib/src/euart.d" -MT"src/lib/src/euart.o" --specs=nano.specs -mfpu=fpv4-sp-d16 -mfloat-abi=hard -mthumb -o "src/lib/src/euart.o"
arm-none-eabi-gcc "../src/app/src/app.c" -mcpu=cortex-m4 -std=gnu11 -g3 -DDEBUG -DUSE_HAL_DRIVER -DSTM32F446xx -c -I../Core/Inc -I../Drivers/STM32F4xx_HAL_Driver/Inc -I../Drivers/STM32F4xx_HAL_Driver/Inc/Legacy -I../Drivers/CMSIS/Device/ST/STM32F4xx/Include -I../Drivers/CMSIS/Include -I../Middlewares/Third_Party/FreeRTOS/Source/include -I../Middlewares/Third_Party/FreeRTOS/Source/CMSIS_RTOS -I../Middlewares/Third_Party/FreeRTOS/Source/portable/GCC/ARM_CM4F -I"C:/Users/thony/Documents/Maestria/RTOS II/Practica/tp1_rtos_ii_maisincho/src/app/inc" -I"C:/Users/thony/Documents/Maestria/RTOS II/Practica/tp1_rtos_ii_maisincho/src/hal/inc" -I"C:/Users/thony/Documents/Maestria/RTOS II/Practica/tp1_rtos_ii_maisincho/src/lib/inc" -I"C:/Users/thony/Documents/Maestria/RTOS II/Practica/tp1_rtos_ii_maisincho/src/task/inc" -O0 -ffunction-sections -fdata-sections -Wall -fstack-usage -fcyclomatic-complexity -MMD -MP -MF"src/app/src/app.d" -MT"src/app/src/app.o" --specs=nano.specs -mfpu=fpv4-sp-d16 -mfloat-abi=hard -mthumb -o "src/app/src/app.o"
arm-none-eabi-gcc "../Middlewares/Third_Party/FreeRTOS/Source/portable/MemMang/heap_4.c" -mcpu=cortex-m4 -std=gnu11 -g3 -DDEBUG -DUSE_HAL_DRIVER -DSTM32F446xx -c -I../Core/Inc -I../Drivers/STM32F4xx_HAL_Driver/Inc -I../Drivers/STM32F4xx_HAL_Driver/Inc/Legacy -I../Drivers/CMSIS/Device/ST/STM32F4xx/Include -I../Drivers/CMSIS/Include -I../Middlewares/Third_Party/FreeRTOS/Source/include -I../Middlewares/Third_Party/FreeRTOS/Source/CMSIS_RTOS -I../Middlewares/Third_Party/FreeRTOS/Source/portable/GCC/ARM_CM4F -I"C:/Users/thony/Documents/Maestria/RTOS II/Practica/tp1_rtos_ii_maisincho/src/app/inc" -I"C:/Users/thony/Documents/Maestria/RTOS II/Practica/tp1_rtos_ii_maisincho/src/hal/inc" -I"C:/Users/thony/Documents/Maestria/RTOS II/Practica/tp1_rtos_ii_maisincho/src/lib/inc" -I"C:/Users/thony/Documents/Maestria/RTOS II/Practica/tp1_rtos_ii_maisincho/src/task/inc" -O0 -ffunction-sections -fdata-sections -Wall -fstack-usage -fcyclomatic-complexity -MMD -MP -MF"Middlewares/Third_Party/FreeRTOS/Source/portable/MemMang/heap_4.d" -MT"Middlewares/Third_Party/FreeRTOS/Source/portable/MemMang/heap_4.o" --specs=nano.specs -mfpu=fpv4-sp-d16 -mfloat-abi=hard -mthumb -o "Middlewares/Third_Party/FreeRTOS/Source/portable/MemMang/heap_4.o"
arm-none-eabi-gcc "../Middlewares/Third_Party/FreeRTOS/Source/portable/GCC/ARM_CM4F/port.c" -mcpu=cortex-m4 -std=gnu11 -g3 -DDEBUG -DUSE_HAL_DRIVER -DSTM32F446xx -c -I../Core/Inc -I../Drivers/STM32F4xx_HAL_Driver/Inc -I../Drivers/STM32F4xx_HAL_Driver/Inc/Legacy -I../Drivers/CMSIS/Device/ST/STM32F4xx/Include -I../Drivers/CMSIS/Include -I../Middlewares/Third_Party/FreeRTOS/Source/include -I../Middlewares/Third_Party/FreeRTOS/Source/CMSIS_RTOS -I../Middlewares/Third_Party/FreeRTOS/Source/portable/GCC/ARM_CM4F -I"C:/Users/thony/Documents/Maestria/RTOS II/Practica/tp1_rtos_ii_maisincho/src/app/inc" -I"C:/Users/thony/Documents/Maestria/RTOS II/Practica/tp1_rtos_ii_maisincho/src/hal/inc" -I"C:/Users/thony/Documents/Maestria/RTOS II/Practica/tp1_rtos_ii_maisincho/src/lib/inc" -I"C:/Users/thony/Documents/Maestria/RTOS II/Practica/tp1_rtos_ii_maisincho/src/task/inc" -O0 -ffunction-sections -fdata-sections -Wall -fstack-usage -fcyclomatic-complexity -MMD -MP -MF"Middlewares/Third_Party/FreeRTOS/Source/portable/GCC/ARM_CM4F/port.d" -MT"Middlewares/Third_Party/FreeRTOS/Source/portable/GCC/ARM_CM4F/port.o" --specs=nano.specs -mfpu=fpv4-sp-d16 -mfloat-abi=hard -mthumb -o "Middlewares/Third_Party/FreeRTOS/Source/portable/GCC/ARM_CM4F/port.o"
arm-none-eabi-gcc "../Middlewares/Third_Party/FreeRTOS/Source/CMSIS_RTOS/cmsis_os.c" -mcpu=cortex-m4 -std=gnu11 -g3 -DDEBUG -DUSE_HAL_DRIVER -DSTM32F446xx -c -I../Core/Inc -I../Drivers/STM32F4xx_HAL_Driver/Inc -I../Drivers/STM32F4xx_HAL_Driver/Inc/Legacy -I../Drivers/CMSIS/Device/ST/STM32F4xx/Include -I../Drivers/CMSIS/Include -I../Middlewares/Third_Party/FreeRTOS/Source/include -I../Middlewares/Third_Party/FreeRTOS/Source/CMSIS_RTOS -I../Middlewares/Third_Party/FreeRTOS/Source/portable/GCC/ARM_CM4F -I"C:/Users/thony/Documents/Maestria/RTOS II/Practica/tp1_rtos_ii_maisincho/src/app/inc" -I"C:/Users/thony/Documents/Maestria/RTOS II/Practica/tp1_rtos_ii_maisincho/src/hal/inc" -I"C:/Users/thony/Documents/Maestria/RTOS II/Practica/tp1_rtos_ii_maisincho/src/lib/inc" -I"C:/Users/thony/Documents/Maestria/RTOS II/Practica/tp1_rtos_ii_maisincho/src/task/inc" -O0 -ffunction-sections -fdata-sections -Wall -fstack-usage -fcyclomatic-complexity -MMD -MP -MF"Middlewares/Third_Party/FreeRTOS/Source/CMSIS_RTOS/cmsis_os.d" -MT"Middlewares/Third_Party/FreeRTOS/Source/CMSIS_RTOS/cmsis_os.o" --specs=nano.specs -mfpu=fpv4-sp-d16 -mfloat-abi=hard -mthumb -o "Middlewares/Third_Party/FreeRTOS/Source/CMSIS_RTOS/cmsis_os.o"
arm-none-eabi-gcc "../Middlewares/Third_Party/FreeRTOS/Source/croutine.c" -mcpu=cortex-m4 -std=gnu11 -g3 -DDEBUG -DUSE_HAL_DRIVER -DSTM32F446xx -c -I../Core/Inc -I../Drivers/STM32F4xx_HAL_Driver/Inc -I../Drivers/STM32F4xx_HAL_Driver/Inc/Legacy -I../Drivers/CMSIS/Device/ST/STM32F4xx/Include -I../Drivers/CMSIS/Include -I../Middlewares/Third_Party/FreeRTOS/Source/include -I../Middlewares/Third_Party/FreeRTOS/Source/CMSIS_RTOS -I../Middlewares/Third_Party/FreeRTOS/Source/portable/GCC/ARM_CM4F -I"C:/Users/thony/Documents/Maestria/RTOS II/Practica/tp1_rtos_ii_maisincho/src/app/inc" -I"C:/Users/thony/Documents/Maestria/RTOS II/Practica/tp1_rtos_ii_maisincho/src/hal/inc" -I"C:/Users/thony/Documents/Maestria/RTOS II/Practica/tp1_rtos_ii_maisincho/src/lib/inc" -I"C:/Users/thony/Documents/Maestria/RTOS II/Practica/tp1_rtos_ii_maisincho/src/task/inc" -O0 -ffunction-sections -fdata-sections -Wall -fstack-usage -fcyclomatic-complexity -MMD -MP -MF"Middlewares/Third_Party/FreeRTOS/Source/croutine.d" -MT"Middlewares/Third_Party/FreeRTOS/Source/croutine.o" --specs=nano.specs -mfpu=fpv4-sp-d16 -mfloat-abi=hard -mthumb -o "Middlewares/Third_Party/FreeRTOS/Source/croutine.o"
arm-none-eabi-gcc "../Middlewares/Third_Party/FreeRTOS/Source/event_groups.c" -mcpu=cortex-m4 -std=gnu11 -g3 -DDEBUG -DUSE_HAL_DRIVER -DSTM32F446xx -c -I../Core/Inc -I../Drivers/STM32F4xx_HAL_Driver/Inc -I../Drivers/STM32F4xx_HAL_Driver/Inc/Legacy -I../Drivers/CMSIS/Device/ST/STM32F4xx/Include -I../Drivers/CMSIS/Include -I../Middlewares/Third_Party/FreeRTOS/Source/include -I../Middlewares/Third_Party/FreeRTOS/Source/CMSIS_RTOS -I../Middlewares/Third_Party/FreeRTOS/Source/portable/GCC/ARM_CM4F -I"C:/Users/thony/Documents/Maestria/RTOS II/Practica/tp1_rtos_ii_maisincho/src/app/inc" -I"C:/Users/thony/Documents/Maestria/RTOS II/Practica/tp1_rtos_ii_maisincho/src/hal/inc" -I"C:/Users/thony/Documents/Maestria/RTOS II/Practica/tp1_rtos_ii_maisincho/src/lib/inc" -I"C:/Users/thony/Documents/Maestria/RTOS II/Practica/tp1_rtos_ii_maisincho/src/task/inc" -O0 -ffunction-sections -fdata-sections -Wall -fstack-usage -fcyclomatic-complexity -MMD -MP -MF"Middlewares/Third_Party/FreeRTOS/Source/event_groups.d" -MT"Middlewares/Third_Party/FreeRTOS/Source/event_groups.o" --specs=nano.specs -mfpu=fpv4-sp-d16 -mfloat-abi=hard -mthumb -o "Middlewares/Third_Party/FreeRTOS/Source/event_groups.o"
arm-none-eabi-gcc "../Middlewares/Third_Party/FreeRTOS/Source/list.c" -mcpu=cortex-m4 -std=gnu11 -g3 -DDEBUG -DUSE_HAL_DRIVER -DSTM32F446xx -c -I../Core/Inc -I../Drivers/STM32F4xx_HAL_Driver/Inc -I../Drivers/STM32F4xx_HAL_Driver/Inc/Legacy -I../Drivers/CMSIS/Device/ST/STM32F4xx/Include -I../Drivers/CMSIS/Include -I../Middlewares/Third_Party/FreeRTOS/Source/include -I../Middlewares/Third_Party/FreeRTOS/Source/CMSIS_RTOS -I../Middlewares/Third_Party/FreeRTOS/Source/portable/GCC/ARM_CM4F -I"C:/Users/thony/Documents/Maestria/RTOS II/Practica/tp1_rtos_ii_maisincho/src/app/inc" -I"C:/Users/thony/Documents/Maestria/RTOS II/Practica/tp1_rtos_ii_maisincho/src/hal/inc" -I"C:/Users/thony/Documents/Maestria/RTOS II/Practica/tp1_rtos_ii_maisincho/src/lib/inc" -I"C:/Users/thony/Documents/Maestria/RTOS II/Practica/tp1_rtos_ii_maisincho/src/task/inc" -O0 -ffunction-sections -fdata-sections -Wall -fstack-usage -fcyclomatic-complexity -MMD -MP -MF"Middlewares/Third_Party/FreeRTOS/Source/list.d" -MT"Middlewares/Third_Party/FreeRTOS/Source/list.o" --specs=nano.specs -mfpu=fpv4-sp-d16 -mfloat-abi=hard -mthumb -o "Middlewares/Third_Party/FreeRTOS/Source/list.o"
arm-none-eabi-gcc "../Middlewares/Third_Party/FreeRTOS/Source/queue.c" -mcpu=cortex-m4 -std=gnu11 -g3 -DDEBUG -DUSE_HAL_DRIVER -DSTM32F446xx -c -I../Core/Inc -I../Drivers/STM32F4xx_HAL_Driver/Inc -I../Drivers/STM32F4xx_HAL_Driver/Inc/Legacy -I../Drivers/CMSIS/Device/ST/STM32F4xx/Include -I../Drivers/CMSIS/Include -I../Middlewares/Third_Party/FreeRTOS/Source/include -I../Middlewares/Third_Party/FreeRTOS/Source/CMSIS_RTOS -I../Middlewares/Third_Party/FreeRTOS/Source/portable/GCC/ARM_CM4F -I"C:/Users/thony/Documents/Maestria/RTOS II/Practica/tp1_rtos_ii_maisincho/src/app/inc" -I"C:/Users/thony/Documents/Maestria/RTOS II/Practica/tp1_rtos_ii_maisincho/src/hal/inc" -I"C:/Users/thony/Documents/Maestria/RTOS II/Practica/tp1_rtos_ii_maisincho/src/lib/inc" -I"C:/Users/thony/Documents/Maestria/RTOS II/Practica/tp1_rtos_ii_maisincho/src/task/inc" -O0 -ffunction-sections -fdata-sections -Wall -fstack-usage -fcyclomatic-complexity -MMD -MP -MF"Middlewares/Third_Party/FreeRTOS/Source/queue.d" -MT"Middlewares/Third_Party/FreeRTOS/Source/queue.o" --specs=nano.specs -mfpu=fpv4-sp-d16 -mfloat-abi=hard -mthumb -o "Middlewares/Third_Party/FreeRTOS/Source/queue.o"
arm-none-eabi-gcc "../Middlewares/Third_Party/FreeRTOS/Source/stream_buffer.c" -mcpu=cortex-m4 -std=gnu11 -g3 -DDEBUG -DUSE_HAL_DRIVER -DSTM32F446xx -c -I../Core/Inc -I../Drivers/STM32F4xx_HAL_Driver/Inc -I../Drivers/STM32F4xx_HAL_Driver/Inc/Legacy -I../Drivers/CMSIS/Device/ST/STM32F4xx/Include -I../Drivers/CMSIS/Include -I../Middlewares/Third_Party/FreeRTOS/Source/include -I../Middlewares/Third_Party/FreeRTOS/Source/CMSIS_RTOS -I../Middlewares/Third_Party/FreeRTOS/Source/portable/GCC/ARM_CM4F -I"C:/Users/thony/Documents/Maestria/RTOS II/Practica/tp1_rtos_ii_maisincho/src/app/inc" -I"C:/Users/thony/Documents/Maestria/RTOS II/Practica/tp1_rtos_ii_maisincho/src/hal/inc" -I"C:/Users/thony/Documents/Maestria/RTOS II/Practica/tp1_rtos_ii_maisincho/src/lib/inc" -I"C:/Users/thony/Documents/Maestria/RTOS II/Practica/tp1_rtos_ii_maisincho/src/task/inc" -O0 -ffunction-sections -fdata-sections -Wall -fstack-usage -fcyclomatic-complexity -MMD -MP -MF"Middlewares/Third_Party/FreeRTOS/Source/stream_buffer.d" -MT"Middlewares/Third_Party/FreeRTOS/Source/stream_buffer.o" --specs=nano.specs -mfpu=fpv4-sp-d16 -mfloat-abi=hard -mthumb -o "Middlewares/Third_Party/FreeRTOS/Source/stream_buffer.o"
arm-none-eabi-gcc "../Middlewares/Third_Party/FreeRTOS/Source/tasks.c" -mcpu=cortex-m4 -std=gnu11 -g3 -DDEBUG -DUSE_HAL_DRIVER -DSTM32F446xx -c -I../Core/Inc -I../Drivers/STM32F4xx_HAL_Driver/Inc -I../Drivers/STM32F4xx_HAL_Driver/Inc/Legacy -I../Drivers/CMSIS/Device/ST/STM32F4xx/Include -I../Drivers/CMSIS/Include -I../Middlewares/Third_Party/FreeRTOS/Source/include -I../Middlewares/Third_Party/FreeRTOS/Source/CMSIS_RTOS -I../Middlewares/Third_Party/FreeRTOS/Source/portable/GCC/ARM_CM4F -I"C:/Users/thony/Documents/Maestria/RTOS II/Practica/tp1_rtos_ii_maisincho/src/app/inc" -I"C:/Users/thony/Documents/Maestria/RTOS II/Practica/tp1_rtos_ii_maisincho/src/hal/inc" -I"C:/Users/thony/Documents/Maestria/RTOS II/Practica/tp1_rtos_ii_maisincho/src/lib/inc" -I"C:/Users/thony/Documents/Maestria/RTOS II/Practica/tp1_rtos_ii_maisincho/src/task/inc" -O0 -ffunction-sections -fdata-sections -Wall -fstack-usage -fcyclomatic-complexity -MMD -MP -MF"Middlewares/Third_Party/FreeRTOS/Source/tasks.d" -MT"Middlewares/Third_Party/FreeRTOS/Source/tasks.o" --specs=nano.specs -mfpu=fpv4-sp-d16 -mfloat-abi=hard -mthumb -o "Middlewares/Third_Party/FreeRTOS/Source/tasks.o"
arm-none-eabi-gcc "../Middlewares/Third_Party/FreeRTOS/Source/timers.c" -mcpu=cortex-m4 -std=gnu11 -g3 -DDEBUG -DUSE_HAL_DRIVER -DSTM32F446xx -c -I../Core/Inc -I../Drivers/STM32F4xx_HAL_Driver/Inc -I../Drivers/STM32F4xx_HAL_Driver/Inc/Legacy -I../Drivers/CMSIS/Device/ST/STM32F4xx/Include -I../Drivers/CMSIS/Include -I../Middlewares/Third_Party/FreeRTOS/Source/include -I../Middlewares/Third_Party/FreeRTOS/Source/CMSIS_RTOS -I../Middlewares/Third_Party/FreeRTOS/Source/portable/GCC/ARM_CM4F -I"C:/Users/thony/Documents/Maestria/RTOS II/Practica/tp1_rtos_ii_maisincho/src/app/inc" -I"C:/Users/thony/Documents/Maestria/RTOS II/Practica/tp1_rtos_ii_maisincho/src/hal/inc" -I"C:/Users/thony/Documents/Maestria/RTOS II/Practica/tp1_rtos_ii_maisincho/src/lib/inc" -I"C:/Users/thony/Documents/Maestria/RTOS II/Practica/tp1_rtos_ii_maisincho/src/task/inc" -O0 -ffunction-sections -fdata-sections -Wall -fstack-usage -fcyclomatic-complexity -MMD -MP -MF"Middlewares/Third_Party/FreeRTOS/Source/timers.d" -MT"Middlewares/Third_Party/FreeRTOS/Source/timers.o" --specs=nano.specs -mfpu=fpv4-sp-d16 -mfloat-abi=hard -mthumb -o "Middlewares/Third_Party/FreeRTOS/Source/timers.o"
arm-none-eabi-gcc "../Drivers/STM32F4xx_HAL_Driver/Src/stm32f4xx_hal.c" -mcpu=cortex-m4 -std=gnu11 -g3 -DDEBUG -DUSE_HAL_DRIVER -DSTM32F446xx -c -I../Core/Inc -I../Drivers/STM32F4xx_HAL_Driver/Inc -I../Drivers/STM32F4xx_HAL_Driver/Inc/Legacy -I../Drivers/CMSIS/Device/ST/STM32F4xx/Include -I../Drivers/CMSIS/Include -I../Middlewares/Third_Party/FreeRTOS/Source/include -I../Middlewares/Third_Party/FreeRTOS/Source/CMSIS_RTOS -I../Middlewares/Third_Party/FreeRTOS/Source/portable/GCC/ARM_CM4F -I"C:/Users/thony/Documents/Maestria/RTOS II/Practica/tp1_rtos_ii_maisincho/src/app/inc" -I"C:/Users/thony/Documents/Maestria/RTOS II/Practica/tp1_rtos_ii_maisincho/src/hal/inc" -I"C:/Users/thony/Documents/Maestria/RTOS II/Practica/tp1_rtos_ii_maisincho/src/lib/inc" -I"C:/Users/thony/Documents/Maestria/RTOS II/Practica/tp1_rtos_ii_maisincho/src/task/inc" -O0 -ffunction-sections -fdata-sections -Wall -fstack-usage -fcyclomatic-complexity -MMD -MP -MF"Drivers/STM32F4xx_HAL_Driver/Src/stm32f4xx_hal.d" -MT"Drivers/STM32F4xx_HAL_Driver/Src/stm32f4xx_hal.o" --specs=nano.specs -mfpu=fpv4-sp-d16 -mfloat-abi=hard -mthumb -o "Drivers/STM32F4xx_HAL_Driver/Src/stm32f4xx_hal.o"
arm-none-eabi-gcc "../Drivers/STM32F4xx_HAL_Driver/Src/stm32f4xx_hal_cortex.c" -mcpu=cortex-m4 -std=gnu11 -g3 -DDEBUG -DUSE_HAL_DRIVER -DSTM32F446xx -c -I../Core/Inc -I../Drivers/STM32F4xx_HAL_Driver/Inc -I../Drivers/STM32F4xx_HAL_Driver/Inc/Legacy -I../Drivers/CMSIS/Device/ST/STM32F4xx/Include -I../Drivers/CMSIS/Include -I../Middlewares/Third_Party/FreeRTOS/Source/include -I../Middlewares/Third_Party/FreeRTOS/Source/CMSIS_RTOS -I../Middlewares/Third_Party/FreeRTOS/Source/portable/GCC/ARM_CM4F -I"C:/Users/thony/Documents/Maestria/RTOS II/Practica/tp1_rtos_ii_maisincho/src/app/inc" -I"C:/Users/thony/Documents/Maestria/RTOS II/Practica/tp1_rtos_ii_maisincho/src/hal/inc" -I"C:/Users/thony/Documents/Maestria/RTOS II/Practica/tp1_rtos_ii_maisincho/src/lib/inc" -I"C:/Users/thony/Documents/Maestria/RTOS II/Practica/tp1_rtos_ii_maisincho/src/task/inc" -O0 -ffunction-sections -fdata-sections -Wall -fstack-usage -fcyclomatic-complexity -MMD -MP -MF"Drivers/STM32F4xx_HAL_Driver/Src/stm32f4xx_hal_cortex.d" -MT"Drivers/STM32F4xx_HAL_Driver/Src/stm32f4xx_hal_cortex.o" --specs=nano.specs -mfpu=fpv4-sp-d16 -mfloat-abi=hard -mthumb -o "Drivers/STM32F4xx_HAL_Driver/Src/stm32f4xx_hal_cortex.o"
arm-none-eabi-gcc "../Drivers/STM32F4xx_HAL_Driver/Src/stm32f4xx_hal_dma.c" -mcpu=cortex-m4 -std=gnu11 -g3 -DDEBUG -DUSE_HAL_DRIVER -DSTM32F446xx -c -I../Core/Inc -I../Drivers/STM32F4xx_HAL_Driver/Inc -I../Drivers/STM32F4xx_HAL_Driver/Inc/Legacy -I../Drivers/CMSIS/Device/ST/STM32F4xx/Include -I../Drivers/CMSIS/Include -I../Middlewares/Third_Party/FreeRTOS/Source/include -I../Middlewares/Third_Party/FreeRTOS/Source/CMSIS_RTOS -I../Middlewares/Third_Party/FreeRTOS/Source/portable/GCC/ARM_CM4F -I"C:/Users/thony/Documents/Maestria/RTOS II/Practica/tp1_rtos_ii_maisincho/src/app/inc" -I"C:/Users/thony/Documents/Maestria/RTOS II/Practica/tp1_rtos_ii_maisincho/src/hal/inc" -I"C:/Users/thony/Documents/Maestria/RTOS II/Practica/tp1_rtos_ii_maisincho/src/lib/inc" -I"C:/Users/thony/Documents/Maestria/RTOS II/Practica/tp1_rtos_ii_maisincho/src/task/inc" -O0 -ffunction-sections -fdata-sections -Wall -fstack-usage -fcyclomatic-complexity -MMD -MP -MF"Drivers/STM32F4xx_HAL_Driver/Src/stm32f4xx_hal_dma.d" -MT"Drivers/STM32F4xx_HAL_Driver/Src/stm32f4xx_hal_dma.o" --specs=nano.specs -mfpu=fpv4-sp-d16 -mfloat-abi=hard -mthumb -o "Drivers/STM32F4xx_HAL_Driver/Src/stm32f4xx_hal_dma.o"
arm-none-eabi-gcc "../Drivers/STM32F4xx_HAL_Driver/Src/stm32f4xx_hal_dma_ex.c" -mcpu=cortex-m4 -std=gnu11 -g3 -DDEBUG -DUSE_HAL_DRIVER -DSTM32F446xx -c -I../Core/Inc -I../Drivers/STM32F4xx_HAL_Driver/Inc -I../Drivers/STM32F4xx_HAL_Driver/Inc/Legacy -I../Drivers/CMSIS/Device/ST/STM32F4xx/Include -I../Drivers/CMSIS/Include -I../Middlewares/Third_Party/FreeRTOS/Source/include -I../Middlewares/Third_Party/FreeRTOS/Source/CMSIS_RTOS -I../Middlewares/Third_Party/FreeRTOS/Source/portable/GCC/ARM_CM4F -I"C:/Users/thony/Documents/Maestria/RTOS II/Practica/tp1_rtos_ii_maisincho/src/app/inc" -I"C:/Users/thony/Documents/Maestria/RTOS II/Practica/tp1_rtos_ii_maisincho/src/hal/inc" -I"C:/Users/thony/Documents/Maestria/RTOS II/Practica/tp1_rtos_ii_maisincho/src/lib/inc" -I"C:/Users/thony/Documents/Maestria/RTOS II/Practica/tp1_rtos_ii_maisincho/src/task/inc" -O0 -ffunction-sections -fdata-sections -Wall -fstack-usage -fcyclomatic-complexity -MMD -MP -MF"Drivers/STM32F4xx_HAL_Driver/Src/stm32f4xx_hal_dma_ex.d" -MT"Drivers/STM32F4xx_HAL_Driver/Src/stm32f4xx_hal_dma_ex.o" --specs=nano.specs -mfpu=fpv4-sp-d16 -mfloat-abi=hard -mthumb -o "Drivers/STM32F4xx_HAL_Driver/Src/stm32f4xx_hal_dma_ex.o"
arm-none-eabi-gcc "../Drivers/STM32F4xx_HAL_Driver/Src/stm32f4xx_hal_exti.c" -mcpu=cortex-m4 -std=gnu11 -g3 -DDEBUG -DUSE_HAL_DRIVER -DSTM32F446xx -c -I../Core/Inc -I../Drivers/STM32F4xx_HAL_Driver/Inc -I../Drivers/STM32F4xx_HAL_Driver/Inc/Legacy -I../Drivers/CMSIS/Device/ST/STM32F4xx/Include -I../Drivers/CMSIS/Include -I../Middlewares/Third_Party/FreeRTOS/Source/include -I../Middlewares/Third_Party/FreeRTOS/Source/CMSIS_RTOS -I../Middlewares/Third_Party/FreeRTOS/Source/portable/GCC/ARM_CM4F -I"C:/Users/thony/Documents/Maestria/RTOS II/Practica/tp1_rtos_ii_maisincho/src/app/inc" -I"C:/Users/thony/Documents/Maestria/RTOS II/Practica/tp1_rtos_ii_maisincho/src/hal/inc" -I"C:/Users/thony/Documents/Maestria/RTOS II/Practica/tp1_rtos_ii_maisincho/src/lib/inc" -I"C:/Users/thony/Documents/Maestria/RTOS II/Practica/tp1_rtos_ii_maisincho/src/task/inc" -O0 -ffunction-sections -fdata-sections -Wall -fstack-usage -fcyclomatic-complexity -MMD -MP -MF"Drivers/STM32F4xx_HAL_Driver/Src/stm32f4xx_hal_exti.d" -MT"Drivers/STM32F4xx_HAL_Driver/Src/stm32f4xx_hal_exti.o" --specs=nano.specs -mfpu=fpv4-sp-d16 -mfloat-abi=hard -mthumb -o "Drivers/STM32F4xx_HAL_Driver/Src/stm32f4xx_hal_exti.o"
arm-none-eabi-gcc "../Drivers/STM32F4xx_HAL_Driver/Src/stm32f4xx_hal_flash.c" -mcpu=cortex-m4 -std=gnu11 -g3 -DDEBUG -DUSE_HAL_DRIVER -DSTM32F446xx -c -I../Core/Inc -I../Drivers/STM32F4xx_HAL_Driver/Inc -I../Drivers/STM32F4xx_HAL_Driver/Inc/Legacy -I../Drivers/CMSIS/Device/ST/STM32F4xx/Include -I../Drivers/CMSIS/Include -I../Middlewares/Third_Party/FreeRTOS/Source/include -I../Middlewares/Third_Party/FreeRTOS/Source/CMSIS_RTOS -I../Middlewares/Third_Party/FreeRTOS/Source/portable/GCC/ARM_CM4F -I"C:/Users/thony/Documents/Maestria/RTOS II/Practica/tp1_rtos_ii_maisincho/src/app/inc" -I"C:/Users/thony/Documents/Maestria/RTOS II/Practica/tp1_rtos_ii_maisincho/src/hal/inc" -I"C:/Users/thony/Documents/Maestria/RTOS II/Practica/tp1_rtos_ii_maisincho/src/lib/inc" -I"C:/Users/thony/Documents/Maestria/RTOS II/Practica/tp1_rtos_ii_maisincho/src/task/inc" -O0 -ffunction-sections -fdata-sections -Wall -fstack-usage -fcyclomatic-complexity -MMD -MP -MF"Drivers/STM32F4xx_HAL_Driver/Src/stm32f4xx_hal_flash.d" -MT"Drivers/STM32F4xx_HAL_Driver/Src/stm32f4xx_hal_flash.o" --specs=nano.specs -mfpu=fpv4-sp-d16 -mfloat-abi=hard -mthumb -o "Drivers/STM32F4xx_HAL_Driver/Src/stm32f4xx_hal_flash.o"
arm-none-eabi-gcc "../Drivers/STM32F4xx_HAL_Driver/Src/stm32f4xx_hal_flash_ex.c" -mcpu=cortex-m4 -std=gnu11 -g3 -DDEBUG -DUSE_HAL_DRIVER -DSTM32F446xx -c -I../Core/Inc -I../Drivers/STM32F4xx_HAL_Driver/Inc -I../Drivers/STM32F4xx_HAL_Driver/Inc/Legacy -I../Drivers/CMSIS/Device/ST/STM32F4xx/Include -I../Drivers/CMSIS/Include -I../Middlewares/Third_Party/FreeRTOS/Source/include -I../Middlewares/Third_Party/FreeRTOS/Source/CMSIS_RTOS -I../Middlewares/Third_Party/FreeRTOS/Source/portable/GCC/ARM_CM4F -I"C:/Users/thony/Documents/Maestria/RTOS II/Practica/tp1_rtos_ii_maisincho/src/app/inc" -I"C:/Users/thony/Documents/Maestria/RTOS II/Practica/tp1_rtos_ii_maisincho/src/hal/inc" -I"C:/Users/thony/Documents/Maestria/RTOS II/Practica/tp1_rtos_ii_maisincho/src/lib/inc" -I"C:/Users/thony/Documents/Maestria/RTOS II/Practica/tp1_rtos_ii_maisincho/src/task/inc" -O0 -ffunction-sections -fdata-sections -Wall -fstack-usage -fcyclomatic-complexity -MMD -MP -MF"Drivers/STM32F4xx_HAL_Driver/Src/stm32f4xx_hal_flash_ex.d" -MT"Drivers/STM32F4xx_HAL_Driver/Src/stm32f4xx_hal_flash_ex.o" --specs=nano.specs -mfpu=fpv4-sp-d16 -mfloat-abi=hard -mthumb -o "Drivers/STM32F4xx_HAL_Driver/Src/stm32f4xx_hal_flash_ex.o"
arm-none-eabi-gcc "../Drivers/STM32F4xx_HAL_Driver/Src/stm32f4xx_hal_flash_ramfunc.c" -mcpu=cortex-m4 -std=gnu11 -g3 -DDEBUG -DUSE_HAL_DRIVER -DSTM32F446xx -c -I../Core/Inc -I../Drivers/STM32F4xx_HAL_Driver/Inc -I../Drivers/STM32F4xx_HAL_Driver/Inc/Legacy -I../Drivers/CMSIS/Device/ST/STM32F4xx/Include -I../Drivers/CMSIS/Include -I../Middlewares/Third_Party/FreeRTOS/Source/include -I../Middlewares/Third_Party/FreeRTOS/Source/CMSIS_RTOS -I../Middlewares/Third_Party/FreeRTOS/Source/portable/GCC/ARM_CM4F -I"C:/Users/thony/Documents/Maestria/RTOS II/Practica/tp1_rtos_ii_maisincho/src/app/inc" -I"C:/Users/thony/Documents/Maestria/RTOS II/Practica/tp1_rtos_ii_maisincho/src/hal/inc" -I"C:/Users/thony/Documents/Maestria/RTOS II/Practica/tp1_rtos_ii_maisincho/src/lib/inc" -I"C:/Users/thony/Documents/Maestria/RTOS II/Practica/tp1_rtos_ii_maisincho/src/task/inc" -O0 -ffunction-sections -fdata-sections -Wall -fstack-usage -fcyclomatic-complexity -MMD -MP -MF"Drivers/STM32F4xx_HAL_Driver/Src/stm32f4xx_hal_flash_ramfunc.d" -MT"Drivers/STM32F4xx_HAL_Driver/Src/stm32f4xx_hal_flash_ramfunc.o" --specs=nano.specs -mfpu=fpv4-sp-d16 -mfloat-abi=hard -mthumb -o "Drivers/STM32F4xx_HAL_Driver/Src/stm32f4xx_hal_flash_ramfunc.o"
arm-none-eabi-gcc "../Drivers/STM32F4xx_HAL_Driver/Src/stm32f4xx_hal_gpio.c" -mcpu=cortex-m4 -std=gnu11 -g3 -DDEBUG -DUSE_HAL_DRIVER -DSTM32F446xx -c -I../Core/Inc -I../Drivers/STM32F4xx_HAL_Driver/Inc -I../Drivers/STM32F4xx_HAL_Driver/Inc/Legacy -I../Drivers/CMSIS/Device/ST/STM32F4xx/Include -I../Drivers/CMSIS/Include -I../Middlewares/Third_Party/FreeRTOS/Source/include -I../Middlewares/Third_Party/FreeRTOS/Source/CMSIS_RTOS -I../Middlewares/Third_Party/FreeRTOS/Source/portable/GCC/ARM_CM4F -I"C:/Users/thony/Documents/Maestria/RTOS II/Practica/tp1_rtos_ii_maisincho/src/app/inc" -I"C:/Users/thony/Documents/Maestria/RTOS II/Practica/tp1_rtos_ii_maisincho/src/hal/inc" -I"C:/Users/thony/Documents/Maestria/RTOS II/Practica/tp1_rtos_ii_maisincho/src/lib/inc" -I"C:/Users/thony/Documents/Maestria/RTOS II/Practica/tp1_rtos_ii_maisincho/src/task/inc" -O0 -ffunction-sections -fdata-sections -Wall -fstack-usage -fcyclomatic-complexity -MMD -MP -MF"Drivers/STM32F4xx_HAL_Driver/Src/stm32f4xx_hal_gpio.d" -MT"Drivers/STM32F4xx_HAL_Driver/Src/stm32f4xx_hal_gpio.o" --specs=nano.specs -mfpu=fpv4-sp-d16 -mfloat-abi=hard -mthumb -o "Drivers/STM32F4xx_HAL_Driver/Src/stm32f4xx_hal_gpio.o"
arm-none-eabi-gcc "../Drivers/STM32F4xx_HAL_Driver/Src/stm32f4xx_hal_pwr.c" -mcpu=cortex-m4 -std=gnu11 -g3 -DDEBUG -DUSE_HAL_DRIVER -DSTM32F446xx -c -I../Core/Inc -I../Drivers/STM32F4xx_HAL_Driver/Inc -I../Drivers/STM32F4xx_HAL_Driver/Inc/Legacy -I../Drivers/CMSIS/Device/ST/STM32F4xx/Include -I../Drivers/CMSIS/Include -I../Middlewares/Third_Party/FreeRTOS/Source/include -I../Middlewares/Third_Party/FreeRTOS/Source/CMSIS_RTOS -I../Middlewares/Third_Party/FreeRTOS/Source/portable/GCC/ARM_CM4F -I"C:/Users/thony/Documents/Maestria/RTOS II/Practica/tp1_rtos_ii_maisincho/src/app/inc" -I"C:/Users/thony/Documents/Maestria/RTOS II/Practica/tp1_rtos_ii_maisincho/src/hal/inc" -I"C:/Users/thony/Documents/Maestria/RTOS II/Practica/tp1_rtos_ii_maisincho/src/lib/inc" -I"C:/Users/thony/Documents/Maestria/RTOS II/Practica/tp1_rtos_ii_maisincho/src/task/inc" -O0 -ffunction-sections -fdata-sections -Wall -fstack-usage -fcyclomatic-complexity -MMD -MP -MF"Drivers/STM32F4xx_HAL_Driver/Src/stm32f4xx_hal_pwr.d" -MT"Drivers/STM32F4xx_HAL_Driver/Src/stm32f4xx_hal_pwr.o" --specs=nano.specs -mfpu=fpv4-sp-d16 -mfloat-abi=hard -mthumb -o "Drivers/STM32F4xx_HAL_Driver/Src/stm32f4xx_hal_pwr.o"
arm-none-eabi-gcc "../Drivers/STM32F4xx_HAL_Driver/Src/stm32f4xx_hal_pwr_ex.c" -mcpu=cortex-m4 -std=gnu11 -g3 -DDEBUG -DUSE_HAL_DRIVER -DSTM32F446xx -c -I../Core/Inc -I../Drivers/STM32F4xx_HAL_Driver/Inc -I../Drivers/STM32F4xx_HAL_Driver/Inc/Legacy -I../Drivers/CMSIS/Device/ST/STM32F4xx/Include -I../Drivers/CMSIS/Include -I../Middlewares/Third_Party/FreeRTOS/Source/include -I../Middlewares/Third_Party/FreeRTOS/Source/CMSIS_RTOS -I../Middlewares/Third_Party/FreeRTOS/Source/portable/GCC/ARM_CM4F -I"C:/Users/thony/Documents/Maestria/RTOS II/Practica/tp1_rtos_ii_maisincho/src/app/inc" -I"C:/Users/thony/Documents/Maestria/RTOS II/Practica/tp1_rtos_ii_maisincho/src/hal/inc" -I"C:/Users/thony/Documents/Maestria/RTOS II/Practica/tp1_rtos_ii_maisincho/src/lib/inc" -I"C:/Users/thony/Documents/Maestria/RTOS II/Practica/tp1_rtos_ii_maisincho/src/task/inc" -O0 -ffunction-sections -fdata-sections -Wall -fstack-usage -fcyclomatic-complexity -MMD -MP -MF"Drivers/STM32F4xx_HAL_Driver/Src/stm32f4xx_hal_pwr_ex.d" -MT"Drivers/STM32F4xx_HAL_Driver/Src/stm32f4xx_hal_pwr_ex.o" --specs=nano.specs -mfpu=fpv4-sp-d16 -mfloat-abi=hard -mthumb -o "Drivers/STM32F4xx_HAL_Driver/Src/stm32f4xx_hal_pwr_ex.o"
arm-none-eabi-gcc "../Drivers/STM32F4xx_HAL_Driver/Src/stm32f4xx_hal_rcc.c" -mcpu=cortex-m4 -std=gnu11 -g3 -DDEBUG -DUSE_HAL_DRIVER -DSTM32F446xx -c -I../Core/Inc -I../Drivers/STM32F4xx_HAL_Driver/Inc -I../Drivers/STM32F4xx_HAL_Driver/Inc/Legacy -I../Drivers/CMSIS/Device/ST/STM32F4xx/Include -I../Drivers/CMSIS/Include -I../Middlewares/Third_Party/FreeRTOS/Source/include -I../Middlewares/Third_Party/FreeRTOS/Source/CMSIS_RTOS -I../Middlewares/Third_Party/FreeRTOS/Source/portable/GCC/ARM_CM4F -I"C:/Users/thony/Documents/Maestria/RTOS II/Practica/tp1_rtos_ii_maisincho/src/app/inc" -I"C:/Users/thony/Documents/Maestria/RTOS II/Practica/tp1_rtos_ii_maisincho/src/hal/inc" -I"C:/Users/thony/Documents/Maestria/RTOS II/Practica/tp1_rtos_ii_maisincho/src/lib/inc" -I"C:/Users/thony/Documents/Maestria/RTOS II/Practica/tp1_rtos_ii_maisincho/src/task/inc" -O0 -ffunction-sections -fdata-sections -Wall -fstack-usage -fcyclomatic-complexity -MMD -MP -MF"Drivers/STM32F4xx_HAL_Driver/Src/stm32f4xx_hal_rcc.d" -MT"Drivers/STM32F4xx_HAL_Driver/Src/stm32f4xx_hal_rcc.o" --specs=nano.specs -mfpu=fpv4-sp-d16 -mfloat-abi=hard -mthumb -o "Drivers/STM32F4xx_HAL_Driver/Src/stm32f4xx_hal_rcc.o"
arm-none-eabi-gcc "../Drivers/STM32F4xx_HAL_Driver/Src/stm32f4xx_hal_rcc_ex.c" -mcpu=cortex-m4 -std=gnu11 -g3 -DDEBUG -DUSE_HAL_DRIVER -DSTM32F446xx -c -I../Core/Inc -I../Drivers/STM32F4xx_HAL_Driver/Inc -I../Drivers/STM32F4xx_HAL_Driver/Inc/Legacy -I../Drivers/CMSIS/Device/ST/STM32F4xx/Include -I../Drivers/CMSIS/Include -I../Middlewares/Third_Party/FreeRTOS/Source/include -I../Middlewares/Third_Party/FreeRTOS/Source/CMSIS_RTOS -I../Middlewares/Third_Party/FreeRTOS/Source/portable/GCC/ARM_CM4F -I"C:/Users/thony/Documents/Maestria/RTOS II/Practica/tp1_rtos_ii_maisincho/src/app/inc" -I"C:/Users/thony/Documents/Maestria/RTOS II/Practica/tp1_rtos_ii_maisincho/src/hal/inc" -I"C:/Users/thony/Documents/Maestria/RTOS II/Practica/tp1_rtos_ii_maisincho/src/lib/inc" -I"C:/Users/thony/Documents/Maestria/RTOS II/Practica/tp1_rtos_ii_maisincho/src/task/inc" -O0 -ffunction-sections -fdata-sections -Wall -fstack-usage -fcyclomatic-complexity -MMD -MP -MF"Drivers/STM32F4xx_HAL_Driver/Src/stm32f4xx_hal_rcc_ex.d" -MT"Drivers/STM32F4xx_HAL_Driver/Src/stm32f4xx_hal_rcc_ex.o" --specs=nano.specs -mfpu=fpv4-sp-d16 -mfloat-abi=hard -mthumb -o "Drivers/STM32F4xx_HAL_Driver/Src/stm32f4xx_hal_rcc_ex.o"
arm-none-eabi-gcc "../Drivers/STM32F4xx_HAL_Driver/Src/stm32f4xx_hal_tim.c" -mcpu=cortex-m4 -std=gnu11 -g3 -DDEBUG -DUSE_HAL_DRIVER -DSTM32F446xx -c -I../Core/Inc -I../Drivers/STM32F4xx_HAL_Driver/Inc -I../Drivers/STM32F4xx_HAL_Driver/Inc/Legacy -I../Drivers/CMSIS/Device/ST/STM32F4xx/Include -I../Drivers/CMSIS/Include -I../Middlewares/Third_Party/FreeRTOS/Source/include -I../Middlewares/Third_Party/FreeRTOS/Source/CMSIS_RTOS -I../Middlewares/Third_Party/FreeRTOS/Source/portable/GCC/ARM_CM4F -I"C:/Users/thony/Documents/Maestria/RTOS II/Practica/tp1_rtos_ii_maisincho/src/app/inc" -I"C:/Users/thony/Documents/Maestria/RTOS II/Practica/tp1_rtos_ii_maisincho/src/hal/inc" -I"C:/Users/thony/Documents/Maestria/RTOS II/Practica/tp1_rtos_ii_maisincho/src/lib/inc" -I"C:/Users/thony/Documents/Maestria/RTOS II/Practica/tp1_rtos_ii_maisincho/src/task/inc" -O0 -ffunction-sections -fdata-sections -Wall -fstack-usage -fcyclomatic-complexity -MMD -MP -MF"Drivers/STM32F4xx_HAL_Driver/Src/stm32f4xx_hal_tim.d" -MT"Drivers/STM32F4xx_HAL_Driver/Src/stm32f4xx_hal_tim.o" --specs=nano.specs -mfpu=fpv4-sp-d16 -mfloat-abi=hard -mthumb -o "Drivers/STM32F4xx_HAL_Driver/Src/stm32f4xx_hal_tim.o"
arm-none-eabi-gcc "../Drivers/STM32F4xx_HAL_Driver/Src/stm32f4xx_hal_tim_ex.c" -mcpu=cortex-m4 -std=gnu11 -g3 -DDEBUG -DUSE_HAL_DRIVER -DSTM32F446xx -c -I../Core/Inc -I../Drivers/STM32F4xx_HAL_Driver/Inc -I../Drivers/STM32F4xx_HAL_Driver/Inc/Legacy -I../Drivers/CMSIS/Device/ST/STM32F4xx/Include -I../Drivers/CMSIS/Include -I../Middlewares/Third_Party/FreeRTOS/Source/include -I../Middlewares/Third_Party/FreeRTOS/Source/CMSIS_RTOS -I../Middlewares/Third_Party/FreeRTOS/Source/portable/GCC/ARM_CM4F -I"C:/Users/thony/Documents/Maestria/RTOS II/Practica/tp1_rtos_ii_maisincho/src/app/inc" -I"C:/Users/thony/Documents/Maestria/RTOS II/Practica/tp1_rtos_ii_maisincho/src/hal/inc" -I"C:/Users/thony/Documents/Maestria/RTOS II/Practica/tp1_rtos_ii_maisincho/src/lib/inc" -I"C:/Users/thony/Documents/Maestria/RTOS II/Practica/tp1_rtos_ii_maisincho/src/task/inc" -O0 -ffunction-sections -fdata-sections -Wall -fstack-usage -fcyclomatic-complexity -MMD -MP -MF"Drivers/STM32F4xx_HAL_Driver/Src/stm32f4xx_hal_tim_ex.d" -MT"Drivers/STM32F4xx_HAL_Driver/Src/stm32f4xx_hal_tim_ex.o" --specs=nano.specs -mfpu=fpv4-sp-d16 -mfloat-abi=hard -mthumb -o "Drivers/STM32F4xx_HAL_Driver/Src/stm32f4xx_hal_tim_ex.o"
arm-none-eabi-gcc "../Drivers/STM32F4xx_HAL_Driver/Src/stm32f4xx_hal_uart.c" -mcpu=cortex-m4 -std=gnu11 -g3 -DDEBUG -DUSE_HAL_DRIVER -DSTM32F446xx -c -I../Core/Inc -I../Drivers/STM32F4xx_HAL_Driver/Inc -I../Drivers/STM32F4xx_HAL_Driver/Inc/Legacy -I../Drivers/CMSIS/Device/ST/STM32F4xx/Include -I../Drivers/CMSIS/Include -I../Middlewares/Third_Party/FreeRTOS/Source/include -I../Middlewares/Third_Party/FreeRTOS/Source/CMSIS_RTOS -I../Middlewares/Third_Party/FreeRTOS/Source/portable/GCC/ARM_CM4F -I"C:/Users/thony/Documents/Maestria/RTOS II/Practica/tp1_rtos_ii_maisincho/src/app/inc" -I"C:/Users/thony/Documents/Maestria/RTOS II/Practica/tp1_rtos_ii_maisincho/src/hal/inc" -I"C:/Users/thony/Documents/Maestria/RTOS II/Practica/tp1_rtos_ii_maisincho/src/lib/inc" -I"C:/Users/thony/Documents/Maestria/RTOS II/Practica/tp1_rtos_ii_maisincho/src/task/inc" -O0 -ffunction-sections -fdata-sections -Wall -fstack-usage -fcyclomatic-complexity -MMD -MP -MF"Drivers/STM32F4xx_HAL_Driver/Src/stm32f4xx_hal_uart.d" -MT"Drivers/STM32F4xx_HAL_Driver/Src/stm32f4xx_hal_uart.o" --specs=nano.specs -mfpu=fpv4-sp-d16 -mfloat-abi=hard -mthumb -o "Drivers/STM32F4xx_HAL_Driver/Src/stm32f4xx_hal_uart.o"
arm-none-eabi-gcc -mcpu=cortex-m4 -g3 -DDEBUG -c -I"C:/Users/thony/Documents/Maestria/RTOS II/Practica/tp1_rtos_ii_maisincho/src/app/inc" -I"C:/Users/thony/Documents/Maestria/RTOS II/Practica/tp1_rtos_ii_maisincho/src/hal/inc" -I"C:/Users/thony/Documents/Maestria/RTOS II/Practica/tp1_rtos_ii_maisincho/src/lib/inc" -I"C:/Users/thony/Documents/Maestria/RTOS II/Practica/tp1_rtos_ii_maisincho/src/task/inc" -x assembler-with-cpp -MMD -MP -MF"Core/Startup/startup_stm32f446retx.d" -MT"Core/Startup/startup_stm32f446retx.o" --specs=nano.specs -mfpu=fpv4-sp-d16 -mfloat-abi=hard -mthumb -o "Core/Startup/startup_stm32f446retx.o" "../Core/Startup/startup_stm32f446retx.s"
arm-none-eabi-gcc "../Core/Src/freertos.c" -mcpu=cortex-m4 -std=gnu11 -g3 -DDEBUG -DUSE_HAL_DRIVER -DSTM32F446xx -c -I../Core/Inc -I../Drivers/STM32F4xx_HAL_Driver/Inc -I../Drivers/STM32F4xx_HAL_Driver/Inc/Legacy -I../Drivers/CMSIS/Device/ST/STM32F4xx/Include -I../Drivers/CMSIS/Include -I../Middlewares/Third_Party/FreeRTOS/Source/include -I../Middlewares/Third_Party/FreeRTOS/Source/CMSIS_RTOS -I../Middlewares/Third_Party/FreeRTOS/Source/portable/GCC/ARM_CM4F -I"C:/Users/thony/Documents/Maestria/RTOS II/Practica/tp1_rtos_ii_maisincho/src/app/inc" -I"C:/Users/thony/Documents/Maestria/RTOS II/Practica/tp1_rtos_ii_maisincho/src/hal/inc" -I"C:/Users/thony/Documents/Maestria/RTOS II/Practica/tp1_rtos_ii_maisincho/src/lib/inc" -I"C:/Users/thony/Documents/Maestria/RTOS II/Practica/tp1_rtos_ii_maisincho/src/task/inc" -O0 -ffunction-sections -fdata-sections -Wall -fstack-usage -fcyclomatic-complexity -MMD -MP -MF"Core/Src/freertos.d" -MT"Core/Src/freertos.o" --specs=nano.specs -mfpu=fpv4-sp-d16 -mfloat-abi=hard -mthumb -o "Core/Src/freertos.o"
arm-none-eabi-gcc "../Core/Src/main.c" -mcpu=cortex-m4 -std=gnu11 -g3 -DDEBUG -DUSE_HAL_DRIVER -DSTM32F446xx -c -I../Core/Inc -I../Drivers/STM32F4xx_HAL_Driver/Inc -I../Drivers/STM32F4xx_HAL_Driver/Inc/Legacy -I../Drivers/CMSIS/Device/ST/STM32F4xx/Include -I../Drivers/CMSIS/Include -I../Middlewares/Third_Party/FreeRTOS/Source/include -I../Middlewares/Third_Party/FreeRTOS/Source/CMSIS_RTOS -I../Middlewares/Third_Party/FreeRTOS/Source/portable/GCC/ARM_CM4F -I"C:/Users/thony/Documents/Maestria/RTOS II/Practica/tp1_rtos_ii_maisincho/src/app/inc" -I"C:/Users/thony/Documents/Maestria/RTOS II/Practica/tp1_rtos_ii_maisincho/src/hal/inc" -I"C:/Users/thony/Documents/Maestria/RTOS II/Practica/tp1_rtos_ii_maisincho/src/lib/inc" -I"C:/Users/thony/Documents/Maestria/RTOS II/Practica/tp1_rtos_ii_maisincho/src/task/inc" -O0 -ffunction-sections -fdata-sections -Wall -fstack-usage -fcyclomatic-complexity -MMD -MP -MF"Core/Src/main.d" -MT"Core/Src/main.o" --specs=nano.specs -mfpu=fpv4-sp-d16 -mfloat-abi=hard -mthumb -o "Core/Src/main.o"
arm-none-eabi-gcc "../Core/Src/stm32f4xx_hal_msp.c" -mcpu=cortex-m4 -std=gnu11 -g3 -DDEBUG -DUSE_HAL_DRIVER -DSTM32F446xx -c -I../Core/Inc -I../Drivers/STM32F4xx_HAL_Driver/Inc -I../Drivers/STM32F4xx_HAL_Driver/Inc/Legacy -I../Drivers/CMSIS/Device/ST/STM32F4xx/Include -I../Drivers/CMSIS/Include -I../Middlewares/Third_Party/FreeRTOS/Source/include -I../Middlewares/Third_Party/FreeRTOS/Source/CMSIS_RTOS -I../Middlewares/Third_Party/FreeRTOS/Source/portable/GCC/ARM_CM4F -I"C:/Users/thony/Documents/Maestria/RTOS II/Practica/tp1_rtos_ii_maisincho/src/app/inc" -I"C:/Users/thony/Documents/Maestria/RTOS II/Practica/tp1_rtos_ii_maisincho/src/hal/inc" -I"C:/Users/thony/Documents/Maestria/RTOS II/Practica/tp1_rtos_ii_maisincho/src/lib/inc" -I"C:/Users/thony/Documents/Maestria/RTOS II/Practica/tp1_rtos_ii_maisincho/src/task/inc" -O0 -ffunction-sections -fdata-sections -Wall -fstack-usage -fcyclomatic-complexity -MMD -MP -MF"Core/Src/stm32f4xx_hal_msp.d" -MT"Core/Src/stm32f4xx_hal_msp.o" --specs=nano.specs -mfpu=fpv4-sp-d16 -mfloat-abi=hard -mthumb -o "Core/Src/stm32f4xx_hal_msp.o"
arm-none-eabi-gcc "../Core/Src/stm32f4xx_hal_timebase_tim.c" -mcpu=cortex-m4 -std=gnu11 -g3 -DDEBUG -DUSE_HAL_DRIVER -DSTM32F446xx -c -I../Core/Inc -I../Drivers/STM32F4xx_HAL_Driver/Inc -I../Drivers/STM32F4xx_HAL_Driver/Inc/Legacy -I../Drivers/CMSIS/Device/ST/STM32F4xx/Include -I../Drivers/CMSIS/Include -I../Middlewares/Third_Party/FreeRTOS/Source/include -I../Middlewares/Third_Party/FreeRTOS/Source/CMSIS_RTOS -I../Middlewares/Third_Party/FreeRTOS/Source/portable/GCC/ARM_CM4F -I"C:/Users/thony/Documents/Maestria/RTOS II/Practica/tp1_rtos_ii_maisincho/src/app/inc" -I"C:/Users/thony/Documents/Maestria/RTOS II/Practica/tp1_rtos_ii_maisincho/src/hal/inc" -I"C:/Users/thony/Documents/Maestria/RTOS II/Practica/tp1_rtos_ii_maisincho/src/lib/inc" -I"C:/Users/thony/Documents/Maestria/RTOS II/Practica/tp1_rtos_ii_maisincho/src/task/inc" -O0 -ffunction-sections -fdata-sections -Wall -fstack-usage -fcyclomatic-complexity -MMD -MP -MF"Core/Src/stm32f4xx_hal_timebase_tim.d" -MT"Core/Src/stm32f4xx_hal_timebase_tim.o" --specs=nano.specs -mfpu=fpv4-sp-d16 -mfloat-abi=hard -mthumb -o "Core/Src/stm32f4xx_hal_timebase_tim.o"
arm-none-eabi-gcc "../Core/Src/stm32f4xx_it.c" -mcpu=cortex-m4 -std=gnu11 -g3 -DDEBUG -DUSE_HAL_DRIVER -DSTM32F446xx -c -I../Core/Inc -I../Drivers/STM32F4xx_HAL_Driver/Inc -I../Drivers/STM32F4xx_HAL_Driver/Inc/Legacy -I../Drivers/CMSIS/Device/ST/STM32F4xx/Include -I../Drivers/CMSIS/Include -I../Middlewares/Third_Party/FreeRTOS/Source/include -I../Middlewares/Third_Party/FreeRTOS/Source/CMSIS_RTOS -I../Middlewares/Third_Party/FreeRTOS/Source/portable/GCC/ARM_CM4F -I"C:/Users/thony/Documents/Maestria/RTOS II/Practica/tp1_rtos_ii_maisincho/src/app/inc" -I"C:/Users/thony/Documents/Maestria/RTOS II/Practica/tp1_rtos_ii_maisincho/src/hal/inc" -I"C:/Users/thony/Documents/Maestria/RTOS II/Practica/tp1_rtos_ii_maisincho/src/lib/inc" -I"C:/Users/thony/Documents/Maestria/RTOS II/Practica/tp1_rtos_ii_maisincho/src/task/inc" -O0 -ffunction-sections -fdata-sections -Wall -fstack-usage -fcyclomatic-complexity -MMD -MP -MF"Core/Src/stm32f4xx_it.d" -MT"Core/Src/stm32f4xx_it.o" --specs=nano.specs -mfpu=fpv4-sp-d16 -mfloat-abi=hard -mthumb -o "Core/Src/stm32f4xx_it.o"
arm-none-eabi-gcc "../Core/Src/syscalls.c" -mcpu=cortex-m4 -std=gnu11 -g3 -DDEBUG -DUSE_HAL_DRIVER -DSTM32F446xx -c -I../Core/Inc -I../Drivers/STM32F4xx_HAL_Driver/Inc -I../Drivers/STM32F4xx_HAL_Driver/Inc/Legacy -I../Drivers/CMSIS/Device/ST/STM32F4xx/Include -I../Drivers/CMSIS/Include -I../Middlewares/Third_Party/FreeRTOS/Source/include -I../Middlewares/Third_Party/FreeRTOS/Source/CMSIS_RTOS -I../Middlewares/Third_Party/FreeRTOS/Source/portable/GCC/ARM_CM4F -I"C:/Users/thony/Documents/Maestria/RTOS II/Practica/tp1_rtos_ii_maisincho/src/app/inc" -I"C:/Users/thony/Documents/Maestria/RTOS II/Practica/tp1_rtos_ii_maisincho/src/hal/inc" -I"C:/Users/thony/Documents/Maestria/RTOS II/Practica/tp1_rtos_ii_maisincho/src/lib/inc" -I"C:/Users/thony/Documents/Maestria/RTOS II/Practica/tp1_rtos_ii_maisincho/src/task/inc" -O0 -ffunction-sections -fdata-sections -Wall -fstack-usage -fcyclomatic-complexity -MMD -MP -MF"Core/Src/syscalls.d" -MT"Core/Src/syscalls.o" --specs=nano.specs -mfpu=fpv4-sp-d16 -mfloat-abi=hard -mthumb -o "Core/Src/syscalls.o"
arm-none-eabi-gcc "../Core/Src/sysmem.c" -mcpu=cortex-m4 -std=gnu11 -g3 -DDEBUG -DUSE_HAL_DRIVER -DSTM32F446xx -c -I../Core/Inc -I../Drivers/STM32F4xx_HAL_Driver/Inc -I../Drivers/STM32F4xx_HAL_Driver/Inc/Legacy -I../Drivers/CMSIS/Device/ST/STM32F4xx/Include -I../Drivers/CMSIS/Include -I../Middlewares/Third_Party/FreeRTOS/Source/include -I../Middlewares/Third_Party/FreeRTOS/Source/CMSIS_RTOS -I../Middlewares/Third_Party/FreeRTOS/Source/portable/GCC/ARM_CM4F -I"C:/Users/thony/Documents/Maestria/RTOS II/Practica/tp1_rtos_ii_maisincho/src/app/inc" -I"C:/Users/thony/Documents/Maestria/RTOS II/Practica/tp1_rtos_ii_maisincho/src/hal/inc" -I"C:/Users/thony/Documents/Maestria/RTOS II/Practica/tp1_rtos_ii_maisincho/src/lib/inc" -I"C:/Users/thony/Documents/Maestria/RTOS II/Practica/tp1_rtos_ii_maisincho/src/task/inc" -O0 -ffunction-sections -fdata-sections -Wall -fstack-usage -fcyclomatic-complexity -MMD -MP -MF"Core/Src/sysmem.d" -MT"Core/Src/sysmem.o" --specs=nano.specs -mfpu=fpv4-sp-d16 -mfloat-abi=hard -mthumb -o "Core/Src/sysmem.o"
arm-none-eabi-gcc "../Core/Src/system_stm32f4xx.c" -mcpu=cortex-m4 -std=gnu11 -g3 -DDEBUG -DUSE_HAL_DRIVER -DSTM32F446xx -c -I../Core/Inc -I../Drivers/STM32F4xx_HAL_Driver/Inc -I../Drivers/STM32F4xx_HAL_Driver/Inc/Legacy -I../Drivers/CMSIS/Device/ST/STM32F4xx/Include -I../Drivers/CMSIS/Include -I../Middlewares/Third_Party/FreeRTOS/Source/include -I../Middlewares/Third_Party/FreeRTOS/Source/CMSIS_RTOS -I../Middlewares/Third_Party/FreeRTOS/Source/portable/GCC/ARM_CM4F -I"C:/Users/thony/Documents/Maestria/RTOS II/Practica/tp1_rtos_ii_maisincho/src/app/inc" -I"C:/Users/thony/Documents/Maestria/RTOS II/Practica/tp1_rtos_ii_maisincho/src/hal/inc" -I"C:/Users/thony/Documents/Maestria/RTOS II/Practica/tp1_rtos_ii_maisincho/src/lib/inc" -I"C:/Users/thony/Documents/Maestria/RTOS II/Practica/tp1_rtos_ii_maisincho/src/task/inc" -O0 -ffunction-sections -fdata-sections -Wall -fstack-usage -fcyclomatic-complexity -MMD -MP -MF"Core/Src/system_stm32f4xx.d" -MT"Core/Src/system_stm32f4xx.o" --specs=nano.specs -mfpu=fpv4-sp-d16 -mfloat-abi=hard -mthumb -o "Core/Src/system_stm32f4xx.o"
arm-none-eabi-gcc -o "tp1_rtos_ii_maisincho.elf" @"objects.list"   -mcpu=cortex-m4 -T"C:\Users\thony\Documents\Maestria\RTOS II\Practica\tp1_rtos_ii_maisincho\STM32F446RETX_FLASH.ld" --specs=nosys.specs -Wl,-Map="tp1_rtos_ii_maisincho.map" -Wl,--gc-sections -static --specs=nano.specs -mfpu=fpv4-sp-d16 -mfloat-abi=hard -mthumb -Wl,--start-group -lc -lm -Wl,--end-group
Finished building target: tp1_rtos_ii_maisincho.elf
 
arm-none-eabi-size   tp1_rtos_ii_maisincho.elf 
arm-none-eabi-objdump -h -S  tp1_rtos_ii_maisincho.elf  > "tp1_rtos_ii_maisincho.list"
   text	   data	    bss	    dec	    hex	filename
  20220	    188	  19764	  40172	   9cec	tp1_rtos_ii_maisincho.elf
Finished building: default.size.stdout
 
Finished building: tp1_rtos_ii_maisincho.list
 
19:52:59 **** Incremental Build of configuration Debug for project sistemas_reactivos_ejemplo_02 ****
make -j12 all 
arm-none-eabi-size   sistemas_reactivos_ejemplo_02.elf 
   text	   data	    bss	    dec	    hex	filename
  29324	    188	  21180	  50692	   c604	sistemas_reactivos_ejemplo_02.elf
Finished building: default.size.stdout
 
19:53:00 **** Incremental Build of configuration Debug for project tp1_rtos_ii_maisincho ****
make -j12 all 
arm-none-eabi-gcc "../src/task/src/task_button.c" -mcpu=cortex-m4 -std=gnu11 -g3 -DDEBUG -DUSE_HAL_DRIVER -DSTM32F446xx -c -I../Core/Inc -I../Drivers/STM32F4xx_HAL_Driver/Inc -I../Drivers/STM32F4xx_HAL_Driver/Inc/Legacy -I../Drivers/CMSIS/Device/ST/STM32F4xx/Include -I../Drivers/CMSIS/Include -I../Middlewares/Third_Party/FreeRTOS/Source/include -I../Middlewares/Third_Party/FreeRTOS/Source/CMSIS_RTOS -I../Middlewares/Third_Party/FreeRTOS/Source/portable/GCC/ARM_CM4F -I"C:/Users/thony/Documents/Maestria/RTOS II/Practica/tp1_rtos_ii_maisincho/src/app/inc" -I"C:/Users/thony/Documents/Maestria/RTOS II/Practica/tp1_rtos_ii_maisincho/src/hal/inc" -I"C:/Users/thony/Documents/Maestria/RTOS II/Practica/tp1_rtos_ii_maisincho/src/lib/inc" -I"C:/Users/thony/Documents/Maestria/RTOS II/Practica/tp1_rtos_ii_maisincho/src/task/inc" -O0 -ffunction-sections -fdata-sections -Wall -fstack-usage -fcyclomatic-complexity -MMD -MP -MF"src/task/src/task_button.d" -MT"src/task/src/task_button.o" --specs=nano.specs -mfpu=fpv4-sp-d16 -mfloat-abi=hard -mthumb -o "src/task/src/task_button.o"
arm-none-eabi-gcc "../src/task/src/task_led.c" -mcpu=cortex-m4 -std=gnu11 -g3 -DDEBUG -DUSE_HAL_DRIVER -DSTM32F446xx -c -I../Core/Inc -I../Drivers/STM32F4xx_HAL_Driver/Inc -I../Drivers/STM32F4xx_HAL_Driver/Inc/Legacy -I../Drivers/CMSIS/Device/ST/STM32F4xx/Include -I../Drivers/CMSIS/Include -I../Middlewares/Third_Party/FreeRTOS/Source/include -I../Middlewares/Third_Party/FreeRTOS/Source/CMSIS_RTOS -I../Middlewares/Third_Party/FreeRTOS/Source/portable/GCC/ARM_CM4F -I"C:/Users/thony/Documents/Maestria/RTOS II/Practica/tp1_rtos_ii_maisincho/src/app/inc" -I"C:/Users/thony/Documents/Maestria/RTOS II/Practica/tp1_rtos_ii_maisincho/src/hal/inc" -I"C:/Users/thony/Documents/Maestria/RTOS II/Practica/tp1_rtos_ii_maisincho/src/lib/inc" -I"C:/Users/thony/Documents/Maestria/RTOS II/Practica/tp1_rtos_ii_maisincho/src/task/inc" -O0 -ffunction-sections -fdata-sections -Wall -fstack-usage -fcyclomatic-complexity -MMD -MP -MF"src/task/src/task_led.d" -MT"src/task/src/task_led.o" --specs=nano.specs -mfpu=fpv4-sp-d16 -mfloat-abi=hard -mthumb -o "src/task/src/task_led.o"
arm-none-eabi-gcc "../src/app/src/app.c" -mcpu=cortex-m4 -std=gnu11 -g3 -DDEBUG -DUSE_HAL_DRIVER -DSTM32F446xx -c -I../Core/Inc -I../Drivers/STM32F4xx_HAL_Driver/Inc -I../Drivers/STM32F4xx_HAL_Driver/Inc/Legacy -I../Drivers/CMSIS/Device/ST/STM32F4xx/Include -I../Drivers/CMSIS/Include -I../Middlewares/Third_Party/FreeRTOS/Source/include -I../Middlewares/Third_Party/FreeRTOS/Source/CMSIS_RTOS -I../Middlewares/Third_Party/FreeRTOS/Source/portable/GCC/ARM_CM4F -I"C:/Users/thony/Documents/Maestria/RTOS II/Practica/tp1_rtos_ii_maisincho/src/app/inc" -I"C:/Users/thony/Documents/Maestria/RTOS II/Practica/tp1_rtos_ii_maisincho/src/hal/inc" -I"C:/Users/thony/Documents/Maestria/RTOS II/Practica/tp1_rtos_ii_maisincho/src/lib/inc" -I"C:/Users/thony/Documents/Maestria/RTOS II/Practica/tp1_rtos_ii_maisincho/src/task/inc" -O0 -ffunction-sections -fdata-sections -Wall -fstack-usage -fcyclomatic-complexity -MMD -MP -MF"src/app/src/app.d" -MT"src/app/src/app.o" --specs=nano.specs -mfpu=fpv4-sp-d16 -mfloat-abi=hard -mthumb -o "src/app/src/app.o"
../src/app/src/app.c: In function 'app_init':
../src/app/src/app.c:78:26: error: 'task_led' undeclared (first use in this function)
   78 |     status = xTaskCreate(task_led, "task_led", (2 * configMINIMAL_STACK_SIZE), NULL,(tskIDLE_PRIORITY + 2UL), NULL);
      |                          ^~~~~~~~
../src/app/src/app.c:78:26: note: each undeclared identifier is reported only once for each function it appears in
make: *** [src/app/src/subdir.mk:19: src/app/src/app.o] Error 1
make: *** Waiting for unfinished jobs....
"make -j12 all" terminated with exit code 2. Build might be incomplete.
19:53:19 **** Incremental Build of configuration Debug for project sistemas_reactivos_ejemplo_02 ****
make -j12 all 
arm-none-eabi-size   sistemas_reactivos_ejemplo_02.elf 
   text	   data	    bss	    dec	    hex	filename
  29324	    188	  21180	  50692	   c604	sistemas_reactivos_ejemplo_02.elf
Finished building: default.size.stdout
 
19:53:20 **** Incremental Build of configuration Debug for project tp1_rtos_ii_maisincho ****
make -j12 all 
arm-none-eabi-gcc "../src/app/src/app.c" -mcpu=cortex-m4 -std=gnu11 -g3 -DDEBUG -DUSE_HAL_DRIVER -DSTM32F446xx -c -I../Core/Inc -I../Drivers/STM32F4xx_HAL_Driver/Inc -I../Drivers/STM32F4xx_HAL_Driver/Inc/Legacy -I../Drivers/CMSIS/Device/ST/STM32F4xx/Include -I../Drivers/CMSIS/Include -I../Middlewares/Third_Party/FreeRTOS/Source/include -I../Middlewares/Third_Party/FreeRTOS/Source/CMSIS_RTOS -I../Middlewares/Third_Party/FreeRTOS/Source/portable/GCC/ARM_CM4F -I"C:/Users/thony/Documents/Maestria/RTOS II/Practica/tp1_rtos_ii_maisincho/src/app/inc" -I"C:/Users/thony/Documents/Maestria/RTOS II/Practica/tp1_rtos_ii_maisincho/src/hal/inc" -I"C:/Users/thony/Documents/Maestria/RTOS II/Practica/tp1_rtos_ii_maisincho/src/lib/inc" -I"C:/Users/thony/Documents/Maestria/RTOS II/Practica/tp1_rtos_ii_maisincho/src/task/inc" -O0 -ffunction-sections -fdata-sections -Wall -fstack-usage -fcyclomatic-complexity -MMD -MP -MF"src/app/src/app.d" -MT"src/app/src/app.o" --specs=nano.specs -mfpu=fpv4-sp-d16 -mfloat-abi=hard -mthumb -o "src/app/src/app.o"
arm-none-eabi-gcc -o "tp1_rtos_ii_maisincho.elf" @"objects.list"   -mcpu=cortex-m4 -T"C:\Users\thony\Documents\Maestria\RTOS II\Practica\tp1_rtos_ii_maisincho\STM32F446RETX_FLASH.ld" --specs=nosys.specs -Wl,-Map="tp1_rtos_ii_maisincho.map" -Wl,--gc-sections -static --specs=nano.specs -mfpu=fpv4-sp-d16 -mfloat-abi=hard -mthumb -Wl,--start-group -lc -lm -Wl,--end-group
C:/ST/STM32CubeIDE_1.13.0/STM32CubeIDE/plugins/com.st.stm32cube.ide.mcu.externaltools.gnu-tools-for-stm32.11.3.rel1.win32_1.1.0.202305231506/tools/bin/../lib/gcc/arm-none-eabi/11.3.1/../../../../arm-none-eabi/bin/ld.exe: ./src/task/src/task_led.o: in function `task_button':
C:/Users/thony/Documents/Maestria/RTOS II/Practica/tp1_rtos_ii_maisincho/Debug/../src/task/src/task_led.c:16: multiple definition of `task_button'; ./src/task/src/task_button.o:C:/Users/thony/Documents/Maestria/RTOS II/Practica/tp1_rtos_ii_maisincho/Debug/../src/task/src/task_button.c:16: first defined here
C:/ST/STM32CubeIDE_1.13.0/STM32CubeIDE/plugins/com.st.stm32cube.ide.mcu.externaltools.gnu-tools-for-stm32.11.3.rel1.win32_1.1.0.202305231506/tools/bin/../lib/gcc/arm-none-eabi/11.3.1/../../../../arm-none-eabi/bin/ld.exe: ./src/app/src/app.o: in function `app_init':
C:/Users/thony/Documents/Maestria/RTOS II/Practica/tp1_rtos_ii_maisincho/Debug/../src/app/src/app.c:86: undefined reference to `task_led'
collect2.exe: error: ld returned 1 exit status
make: *** [makefile:71: tp1_rtos_ii_maisincho.elf] Error 1
"make -j12 all" terminated with exit code 2. Build might be incomplete.
19:53:36 **** Incremental Build of configuration Debug for project sistemas_reactivos_ejemplo_02 ****
make -j12 all 
arm-none-eabi-size   sistemas_reactivos_ejemplo_02.elf 
   text	   data	    bss	    dec	    hex	filename
  29324	    188	  21180	  50692	   c604	sistemas_reactivos_ejemplo_02.elf
Finished building: default.size.stdout
 
19:53:36 **** Incremental Build of configuration Debug for project tp1_rtos_ii_maisincho ****
make -j12 all 
arm-none-eabi-gcc "../src/task/src/task_led.c" -mcpu=cortex-m4 -std=gnu11 -g3 -DDEBUG -DUSE_HAL_DRIVER -DSTM32F446xx -c -I../Core/Inc -I../Drivers/STM32F4xx_HAL_Driver/Inc -I../Drivers/STM32F4xx_HAL_Driver/Inc/Legacy -I../Drivers/CMSIS/Device/ST/STM32F4xx/Include -I../Drivers/CMSIS/Include -I../Middlewares/Third_Party/FreeRTOS/Source/include -I../Middlewares/Third_Party/FreeRTOS/Source/CMSIS_RTOS -I../Middlewares/Third_Party/FreeRTOS/Source/portable/GCC/ARM_CM4F -I"C:/Users/thony/Documents/Maestria/RTOS II/Practica/tp1_rtos_ii_maisincho/src/app/inc" -I"C:/Users/thony/Documents/Maestria/RTOS II/Practica/tp1_rtos_ii_maisincho/src/hal/inc" -I"C:/Users/thony/Documents/Maestria/RTOS II/Practica/tp1_rtos_ii_maisincho/src/lib/inc" -I"C:/Users/thony/Documents/Maestria/RTOS II/Practica/tp1_rtos_ii_maisincho/src/task/inc" -O0 -ffunction-sections -fdata-sections -Wall -fstack-usage -fcyclomatic-complexity -MMD -MP -MF"src/task/src/task_led.d" -MT"src/task/src/task_led.o" --specs=nano.specs -mfpu=fpv4-sp-d16 -mfloat-abi=hard -mthumb -o "src/task/src/task_led.o"
arm-none-eabi-gcc -o "tp1_rtos_ii_maisincho.elf" @"objects.list"   -mcpu=cortex-m4 -T"C:\Users\thony\Documents\Maestria\RTOS II\Practica\tp1_rtos_ii_maisincho\STM32F446RETX_FLASH.ld" --specs=nosys.specs -Wl,-Map="tp1_rtos_ii_maisincho.map" -Wl,--gc-sections -static --specs=nano.specs -mfpu=fpv4-sp-d16 -mfloat-abi=hard -mthumb -Wl,--start-group -lc -lm -Wl,--end-group
Finished building target: tp1_rtos_ii_maisincho.elf
 
arm-none-eabi-size   tp1_rtos_ii_maisincho.elf 
arm-none-eabi-objdump -h -S  tp1_rtos_ii_maisincho.elf  > "tp1_rtos_ii_maisincho.list"
   text	   data	    bss	    dec	    hex	filename
  20292	    188	  19764	  40244	   9d34	tp1_rtos_ii_maisincho.elf
Finished building: default.size.stdout
 
Finished building: tp1_rtos_ii_maisincho.list
 
20:16:12 **** Incremental Build of configuration Debug for project sistemas_reactivos_ejemplo_02 ****
make -j12 all 
arm-none-eabi-size   sistemas_reactivos_ejemplo_02.elf 
   text	   data	    bss	    dec	    hex	filename
  29324	    188	  21180	  50692	   c604	sistemas_reactivos_ejemplo_02.elf
Finished building: default.size.stdout
 
20:16:12 **** Clean-only build of configuration Debug for project tp1_rtos_ii_maisincho ****
make -j12 clean 
rm -rf ./src/task/src/task_button.cyclo ./src/task/src/task_button.d ./src/task/src/task_button.o ./src/task/src/task_button.su ./src/task/src/task_led.cyclo ./src/task/src/task_led.d ./src/task/src/task_led.o ./src/task/src/task_led.su
rm -rf ./src/lib/src/eboard.cyclo ./src/lib/src/eboard.d ./src/lib/src/eboard.o ./src/lib/src/eboard.su ./src/lib/src/eringbuffer.cyclo ./src/lib/src/eringbuffer.d ./src/lib/src/eringbuffer.o ./src/lib/src/eringbuffer.su ./src/lib/src/euart.cyclo ./src/lib/src/euart.d ./src/lib/src/euart.o ./src/lib/src/euart.su
rm -rf ./src/app/src/app.cyclo ./src/app/src/app.d ./src/app/src/app.o ./src/app/src/app.su
rm -rf ./Middlewares/Third_Party/FreeRTOS/Source/portable/MemMang/heap_4.cyclo ./Middlewares/Third_Party/FreeRTOS/Source/portable/MemMang/heap_4.d ./Middlewares/Third_Party/FreeRTOS/Source/portable/MemMang/heap_4.o ./Middlewares/Third_Party/FreeRTOS/Source/portable/MemMang/heap_4.su
rm -rf ./Middlewares/Third_Party/FreeRTOS/Source/portable/GCC/ARM_CM4F/port.cyclo ./Middlewares/Third_Party/FreeRTOS/Source/portable/GCC/ARM_CM4F/port.d ./Middlewares/Third_Party/FreeRTOS/Source/portable/GCC/ARM_CM4F/port.o ./Middlewares/Third_Party/FreeRTOS/Source/portable/GCC/ARM_CM4F/port.su
rm -rf ./Middlewares/Third_Party/FreeRTOS/Source/CMSIS_RTOS/cmsis_os.cyclo ./Middlewares/Third_Party/FreeRTOS/Source/CMSIS_RTOS/cmsis_os.d ./Middlewares/Third_Party/FreeRTOS/Source/CMSIS_RTOS/cmsis_os.o ./Middlewares/Third_Party/FreeRTOS/Source/CMSIS_RTOS/cmsis_os.su
rm -rf ./Middlewares/Third_Party/FreeRTOS/Source/croutine.cyclo ./Middlewares/Third_Party/FreeRTOS/Source/croutine.d ./Middlewares/Third_Party/FreeRTOS/Source/croutine.o ./Middlewares/Third_Party/FreeRTOS/Source/croutine.su ./Middlewares/Third_Party/FreeRTOS/Source/event_groups.cyclo ./Middlewares/Third_Party/FreeRTOS/Source/event_groups.d ./Middlewares/Third_Party/FreeRTOS/Source/event_groups.o ./Middlewares/Third_Party/FreeRTOS/Source/event_groups.su ./Middlewares/Third_Party/FreeRTOS/Source/list.cyclo ./Middlewares/Third_Party/FreeRTOS/Source/list.d ./Middlewares/Third_Party/FreeRTOS/Source/list.o ./Middlewares/Third_Party/FreeRTOS/Source/list.su ./Middlewares/Third_Party/FreeRTOS/Source/queue.cyclo ./Middlewares/Third_Party/FreeRTOS/Source/queue.d ./Middlewares/Third_Party/FreeRTOS/Source/queue.o ./Middlewares/Third_Party/FreeRTOS/Source/queue.su ./Middlewares/Third_Party/FreeRTOS/Source/stream_buffer.cyclo ./Middlewares/Third_Party/FreeRTOS/Source/stream_buffer.d ./Middlewares/Third_Party/FreeRTOS/Source/stream_buffer.o ./Middlewares/Third_Party/FreeRTOS/Source/stream_buffer.su ./Middlewares/Third_Party/FreeRTOS/Source/tasks.cyclo ./Middlewares/Third_Party/FreeRTOS/Source/tasks.d ./Middlewares/Third_Party/FreeRTOS/Source/tasks.o ./Middlewares/Third_Party/FreeRTOS/Source/tasks.su ./Middlewares/Third_Party/FreeRTOS/Source/timers.cyclo ./Middlewares/Third_Party/FreeRTOS/Source/timers.d ./Middlewares/Third_Party/FreeRTOS/Source/timers.o ./Middlewares/Third_Party/FreeRTOS/Source/timers.su
rm -rf ./Drivers/STM32F4xx_HAL_Driver/Src/stm32f4xx_hal.cyclo ./Drivers/STM32F4xx_HAL_Driver/Src/stm32f4xx_hal.d ./Drivers/STM32F4xx_HAL_Driver/Src/stm32f4xx_hal.o ./Drivers/STM32F4xx_HAL_Driver/Src/stm32f4xx_hal.su ./Drivers/STM32F4xx_HAL_Driver/Src/stm32f4xx_hal_cortex.cyclo ./Drivers/STM32F4xx_HAL_Driver/Src/stm32f4xx_hal_cortex.d ./Drivers/STM32F4xx_HAL_Driver/Src/stm32f4xx_hal_cortex.o ./Drivers/STM32F4xx_HAL_Driver/Src/stm32f4xx_hal_cortex.su ./Drivers/STM32F4xx_HAL_Driver/Src/stm32f4xx_hal_dma.cyclo ./Drivers/STM32F4xx_HAL_Driver/Src/stm32f4xx_hal_dma.d ./Drivers/STM32F4xx_HAL_Driver/Src/stm32f4xx_hal_dma.o ./Drivers/STM32F4xx_HAL_Driver/Src/stm32f4xx_hal_dma.su ./Drivers/STM32F4xx_HAL_Driver/Src/stm32f4xx_hal_dma_ex.cyclo ./Drivers/STM32F4xx_HAL_Driver/Src/stm32f4xx_hal_dma_ex.d ./Drivers/STM32F4xx_HAL_Driver/Src/stm32f4xx_hal_dma_ex.o ./Drivers/STM32F4xx_HAL_Driver/Src/stm32f4xx_hal_dma_ex.su ./Drivers/STM32F4xx_HAL_Driver/Src/stm32f4xx_hal_exti.cyclo ./Drivers/STM32F4xx_HAL_Driver/Src/stm32f4xx_hal_exti.d ./Drivers/STM32F4xx_HAL_Driver/Src/stm32f4xx_hal_exti.o ./Drivers/STM32F4xx_HAL_Driver/Src/stm32f4xx_hal_exti.su ./Drivers/STM32F4xx_HAL_Driver/Src/stm32f4xx_hal_flash.cyclo ./Drivers/STM32F4xx_HAL_Driver/Src/stm32f4xx_hal_flash.d ./Drivers/STM32F4xx_HAL_Driver/Src/stm32f4xx_hal_flash.o ./Drivers/STM32F4xx_HAL_Driver/Src/stm32f4xx_hal_flash.su ./Drivers/STM32F4xx_HAL_Driver/Src/stm32f4xx_hal_flash_ex.cyclo ./Drivers/STM32F4xx_HAL_Driver/Src/stm32f4xx_hal_flash_ex.d ./Drivers/STM32F4xx_HAL_Driver/Src/stm32f4xx_hal_flash_ex.o ./Drivers/STM32F4xx_HAL_Driver/Src/stm32f4xx_hal_flash_ex.su ./Drivers/STM32F4xx_HAL_Driver/Src/stm32f4xx_hal_flash_ramfunc.cyclo ./Drivers/STM32F4xx_HAL_Driver/Src/stm32f4xx_hal_flash_ramfunc.d ./Drivers/STM32F4xx_HAL_Driver/Src/stm32f4xx_hal_flash_ramfunc.o ./Drivers/STM32F4xx_HAL_Driver/Src/stm32f4xx_hal_flash_ramfunc.su ./Drivers/STM32F4xx_HAL_Driver/Src/stm32f4xx_hal_gpio.cyclo ./Drivers/STM32F4xx_HAL_Driver/Src/stm32f4xx_hal_gpio.d ./Drivers/STM32F4xx_HAL_Driver/Src/stm32f4xx_hal_gpio.o ./Drivers/STM32F4xx_HAL_Driver/Src/stm32f4xx_hal_gpio.su ./Drivers/STM32F4xx_HAL_Driver/Src/stm32f4xx_hal_pwr.cyclo ./Drivers/STM32F4xx_HAL_Driver/Src/stm32f4xx_hal_pwr.d ./Drivers/STM32F4xx_HAL_Driver/Src/stm32f4xx_hal_pwr.o ./Drivers/STM32F4xx_HAL_Driver/Src/stm32f4xx_hal_pwr.su ./Drivers/STM32F4xx_HAL_Driver/Src/stm32f4xx_hal_pwr_ex.cyclo ./Drivers/STM32F4xx_HAL_Driver/Src/stm32f4xx_hal_pwr_ex.d ./Drivers/STM32F4xx_HAL_Driver/Src/stm32f4xx_hal_pwr_ex.o ./Drivers/STM32F4xx_HAL_Driver/Src/stm32f4xx_hal_pwr_ex.su ./Drivers/STM32F4xx_HAL_Driver/Src/stm32f4xx_hal_rcc.cyclo ./Drivers/STM32F4xx_HAL_Driver/Src/stm32f4xx_hal_rcc.d ./Drivers/STM32F4xx_HAL_Driver/Src/stm32f4xx_hal_rcc.o ./Drivers/STM32F4xx_HAL_Driver/Src/stm32f4xx_hal_rcc.su ./Drivers/STM32F4xx_HAL_Driver/Src/stm32f4xx_hal_rcc_ex.cyclo ./Drivers/STM32F4xx_HAL_Driver/Src/stm32f4xx_hal_rcc_ex.d ./Drivers/STM32F4xx_HAL_Driver/Src/stm32f4xx_hal_rcc_ex.o ./Drivers/STM32F4xx_HAL_Driver/Src/stm32f4xx_hal_rcc_ex.su ./Drivers/STM32F4xx_HAL_Driver/Src/stm32f4xx_hal_tim.cyclo ./Drivers/STM32F4xx_HAL_Driver/Src/stm32f4xx_hal_tim.d ./Drivers/STM32F4xx_HAL_Driver/Src/stm32f4xx_hal_tim.o ./Drivers/STM32F4xx_HAL_Driver/Src/stm32f4xx_hal_tim.su ./Drivers/STM32F4xx_HAL_Driver/Src/stm32f4xx_hal_tim_ex.cyclo ./Drivers/STM32F4xx_HAL_Driver/Src/stm32f4xx_hal_tim_ex.d ./Drivers/STM32F4xx_HAL_Driver/Src/stm32f4xx_hal_tim_ex.o ./Drivers/STM32F4xx_HAL_Driver/Src/stm32f4xx_hal_tim_ex.su ./Drivers/STM32F4xx_HAL_Driver/Src/stm32f4xx_hal_uart.cyclo ./Drivers/STM32F4xx_HAL_Driver/Src/stm32f4xx_hal_uart.d ./Drivers/STM32F4xx_HAL_Driver/Src/stm32f4xx_hal_uart.o ./Drivers/STM32F4xx_HAL_Driver/Src/stm32f4xx_hal_uart.su
rm -rf ./Core/Startup/startup_stm32f446retx.d ./Core/Startup/startup_stm32f446retx.o
rm -rf ./Core/Src/freertos.cyclo ./Core/Src/freertos.d ./Core/Src/freertos.o ./Core/Src/freertos.su ./Core/Src/main.cyclo ./Core/Src/main.d ./Core/Src/main.o ./Core/Src/main.su ./Core/Src/stm32f4xx_hal_msp.cyclo ./Core/Src/stm32f4xx_hal_msp.d ./Core/Src/stm32f4xx_hal_msp.o ./Core/Src/stm32f4xx_hal_msp.su ./Core/Src/stm32f4xx_hal_timebase_tim.cyclo ./Core/Src/stm32f4xx_hal_timebase_tim.d ./Core/Src/stm32f4xx_hal_timebase_tim.o ./Core/Src/stm32f4xx_hal_timebase_tim.su ./Core/Src/stm32f4xx_it.cyclo ./Core/Src/stm32f4xx_it.d ./Core/Src/stm32f4xx_it.o ./Core/Src/stm32f4xx_it.su ./Core/Src/syscalls.cyclo ./Core/Src/syscalls.d ./Core/Src/syscalls.o ./Core/Src/syscalls.su ./Core/Src/sysmem.cyclo ./Core/Src/sysmem.d ./Core/Src/sysmem.o ./Core/Src/sysmem.su ./Core/Src/system_stm32f4xx.cyclo ./Core/Src/system_stm32f4xx.d ./Core/Src/system_stm32f4xx.o ./Core/Src/system_stm32f4xx.su
rm -rf default.size.stdout tp1_rtos_ii_maisincho.elf tp1_rtos_ii_maisincho.list tp1_rtos_ii_maisincho.map
 
20:16:12 **** Incremental Build of configuration Debug for project tp1_rtos_ii_maisincho ****
make -j12 all 
arm-none-eabi-gcc "../src/task/src/task_button.c" -mcpu=cortex-m4 -std=gnu11 -g3 -DDEBUG -DUSE_HAL_DRIVER -DSTM32F446xx -c -I../Core/Inc -I../Drivers/STM32F4xx_HAL_Driver/Inc -I../Drivers/STM32F4xx_HAL_Driver/Inc/Legacy -I../Drivers/CMSIS/Device/ST/STM32F4xx/Include -I../Drivers/CMSIS/Include -I../Middlewares/Third_Party/FreeRTOS/Source/include -I../Middlewares/Third_Party/FreeRTOS/Source/CMSIS_RTOS -I../Middlewares/Third_Party/FreeRTOS/Source/portable/GCC/ARM_CM4F -I"C:/Users/thony/Documents/Maestria/RTOS II/Practica/tp1_rtos_ii_maisincho/src/app/inc" -I"C:/Users/thony/Documents/Maestria/RTOS II/Practica/tp1_rtos_ii_maisincho/src/hal/inc" -I"C:/Users/thony/Documents/Maestria/RTOS II/Practica/tp1_rtos_ii_maisincho/src/lib/inc" -I"C:/Users/thony/Documents/Maestria/RTOS II/Practica/tp1_rtos_ii_maisincho/src/task/inc" -O0 -ffunction-sections -fdata-sections -Wall -fstack-usage -fcyclomatic-complexity -MMD -MP -MF"src/task/src/task_button.d" -MT"src/task/src/task_button.o" --specs=nano.specs -mfpu=fpv4-sp-d16 -mfloat-abi=hard -mthumb -o "src/task/src/task_button.o"
arm-none-eabi-gcc "../src/task/src/task_led.c" -mcpu=cortex-m4 -std=gnu11 -g3 -DDEBUG -DUSE_HAL_DRIVER -DSTM32F446xx -c -I../Core/Inc -I../Drivers/STM32F4xx_HAL_Driver/Inc -I../Drivers/STM32F4xx_HAL_Driver/Inc/Legacy -I../Drivers/CMSIS/Device/ST/STM32F4xx/Include -I../Drivers/CMSIS/Include -I../Middlewares/Third_Party/FreeRTOS/Source/include -I../Middlewares/Third_Party/FreeRTOS/Source/CMSIS_RTOS -I../Middlewares/Third_Party/FreeRTOS/Source/portable/GCC/ARM_CM4F -I"C:/Users/thony/Documents/Maestria/RTOS II/Practica/tp1_rtos_ii_maisincho/src/app/inc" -I"C:/Users/thony/Documents/Maestria/RTOS II/Practica/tp1_rtos_ii_maisincho/src/hal/inc" -I"C:/Users/thony/Documents/Maestria/RTOS II/Practica/tp1_rtos_ii_maisincho/src/lib/inc" -I"C:/Users/thony/Documents/Maestria/RTOS II/Practica/tp1_rtos_ii_maisincho/src/task/inc" -O0 -ffunction-sections -fdata-sections -Wall -fstack-usage -fcyclomatic-complexity -MMD -MP -MF"src/task/src/task_led.d" -MT"src/task/src/task_led.o" --specs=nano.specs -mfpu=fpv4-sp-d16 -mfloat-abi=hard -mthumb -o "src/task/src/task_led.o"
arm-none-eabi-gcc "../src/lib/src/eboard.c" -mcpu=cortex-m4 -std=gnu11 -g3 -DDEBUG -DUSE_HAL_DRIVER -DSTM32F446xx -c -I../Core/Inc -I../Drivers/STM32F4xx_HAL_Driver/Inc -I../Drivers/STM32F4xx_HAL_Driver/Inc/Legacy -I../Drivers/CMSIS/Device/ST/STM32F4xx/Include -I../Drivers/CMSIS/Include -I../Middlewares/Third_Party/FreeRTOS/Source/include -I../Middlewares/Third_Party/FreeRTOS/Source/CMSIS_RTOS -I../Middlewares/Third_Party/FreeRTOS/Source/portable/GCC/ARM_CM4F -I"C:/Users/thony/Documents/Maestria/RTOS II/Practica/tp1_rtos_ii_maisincho/src/app/inc" -I"C:/Users/thony/Documents/Maestria/RTOS II/Practica/tp1_rtos_ii_maisincho/src/hal/inc" -I"C:/Users/thony/Documents/Maestria/RTOS II/Practica/tp1_rtos_ii_maisincho/src/lib/inc" -I"C:/Users/thony/Documents/Maestria/RTOS II/Practica/tp1_rtos_ii_maisincho/src/task/inc" -O0 -ffunction-sections -fdata-sections -Wall -fstack-usage -fcyclomatic-complexity -MMD -MP -MF"src/lib/src/eboard.d" -MT"src/lib/src/eboard.o" --specs=nano.specs -mfpu=fpv4-sp-d16 -mfloat-abi=hard -mthumb -o "src/lib/src/eboard.o"
arm-none-eabi-gcc "../src/lib/src/eringbuffer.c" -mcpu=cortex-m4 -std=gnu11 -g3 -DDEBUG -DUSE_HAL_DRIVER -DSTM32F446xx -c -I../Core/Inc -I../Drivers/STM32F4xx_HAL_Driver/Inc -I../Drivers/STM32F4xx_HAL_Driver/Inc/Legacy -I../Drivers/CMSIS/Device/ST/STM32F4xx/Include -I../Drivers/CMSIS/Include -I../Middlewares/Third_Party/FreeRTOS/Source/include -I../Middlewares/Third_Party/FreeRTOS/Source/CMSIS_RTOS -I../Middlewares/Third_Party/FreeRTOS/Source/portable/GCC/ARM_CM4F -I"C:/Users/thony/Documents/Maestria/RTOS II/Practica/tp1_rtos_ii_maisincho/src/app/inc" -I"C:/Users/thony/Documents/Maestria/RTOS II/Practica/tp1_rtos_ii_maisincho/src/hal/inc" -I"C:/Users/thony/Documents/Maestria/RTOS II/Practica/tp1_rtos_ii_maisincho/src/lib/inc" -I"C:/Users/thony/Documents/Maestria/RTOS II/Practica/tp1_rtos_ii_maisincho/src/task/inc" -O0 -ffunction-sections -fdata-sections -Wall -fstack-usage -fcyclomatic-complexity -MMD -MP -MF"src/lib/src/eringbuffer.d" -MT"src/lib/src/eringbuffer.o" --specs=nano.specs -mfpu=fpv4-sp-d16 -mfloat-abi=hard -mthumb -o "src/lib/src/eringbuffer.o"
arm-none-eabi-gcc "../src/lib/src/euart.c" -mcpu=cortex-m4 -std=gnu11 -g3 -DDEBUG -DUSE_HAL_DRIVER -DSTM32F446xx -c -I../Core/Inc -I../Drivers/STM32F4xx_HAL_Driver/Inc -I../Drivers/STM32F4xx_HAL_Driver/Inc/Legacy -I../Drivers/CMSIS/Device/ST/STM32F4xx/Include -I../Drivers/CMSIS/Include -I../Middlewares/Third_Party/FreeRTOS/Source/include -I../Middlewares/Third_Party/FreeRTOS/Source/CMSIS_RTOS -I../Middlewares/Third_Party/FreeRTOS/Source/portable/GCC/ARM_CM4F -I"C:/Users/thony/Documents/Maestria/RTOS II/Practica/tp1_rtos_ii_maisincho/src/app/inc" -I"C:/Users/thony/Documents/Maestria/RTOS II/Practica/tp1_rtos_ii_maisincho/src/hal/inc" -I"C:/Users/thony/Documents/Maestria/RTOS II/Practica/tp1_rtos_ii_maisincho/src/lib/inc" -I"C:/Users/thony/Documents/Maestria/RTOS II/Practica/tp1_rtos_ii_maisincho/src/task/inc" -O0 -ffunction-sections -fdata-sections -Wall -fstack-usage -fcyclomatic-complexity -MMD -MP -MF"src/lib/src/euart.d" -MT"src/lib/src/euart.o" --specs=nano.specs -mfpu=fpv4-sp-d16 -mfloat-abi=hard -mthumb -o "src/lib/src/euart.o"
arm-none-eabi-gcc "../src/app/src/app.c" -mcpu=cortex-m4 -std=gnu11 -g3 -DDEBUG -DUSE_HAL_DRIVER -DSTM32F446xx -c -I../Core/Inc -I../Drivers/STM32F4xx_HAL_Driver/Inc -I../Drivers/STM32F4xx_HAL_Driver/Inc/Legacy -I../Drivers/CMSIS/Device/ST/STM32F4xx/Include -I../Drivers/CMSIS/Include -I../Middlewares/Third_Party/FreeRTOS/Source/include -I../Middlewares/Third_Party/FreeRTOS/Source/CMSIS_RTOS -I../Middlewares/Third_Party/FreeRTOS/Source/portable/GCC/ARM_CM4F -I"C:/Users/thony/Documents/Maestria/RTOS II/Practica/tp1_rtos_ii_maisincho/src/app/inc" -I"C:/Users/thony/Documents/Maestria/RTOS II/Practica/tp1_rtos_ii_maisincho/src/hal/inc" -I"C:/Users/thony/Documents/Maestria/RTOS II/Practica/tp1_rtos_ii_maisincho/src/lib/inc" -I"C:/Users/thony/Documents/Maestria/RTOS II/Practica/tp1_rtos_ii_maisincho/src/task/inc" -O0 -ffunction-sections -fdata-sections -Wall -fstack-usage -fcyclomatic-complexity -MMD -MP -MF"src/app/src/app.d" -MT"src/app/src/app.o" --specs=nano.specs -mfpu=fpv4-sp-d16 -mfloat-abi=hard -mthumb -o "src/app/src/app.o"
arm-none-eabi-gcc "../Middlewares/Third_Party/FreeRTOS/Source/portable/MemMang/heap_4.c" -mcpu=cortex-m4 -std=gnu11 -g3 -DDEBUG -DUSE_HAL_DRIVER -DSTM32F446xx -c -I../Core/Inc -I../Drivers/STM32F4xx_HAL_Driver/Inc -I../Drivers/STM32F4xx_HAL_Driver/Inc/Legacy -I../Drivers/CMSIS/Device/ST/STM32F4xx/Include -I../Drivers/CMSIS/Include -I../Middlewares/Third_Party/FreeRTOS/Source/include -I../Middlewares/Third_Party/FreeRTOS/Source/CMSIS_RTOS -I../Middlewares/Third_Party/FreeRTOS/Source/portable/GCC/ARM_CM4F -I"C:/Users/thony/Documents/Maestria/RTOS II/Practica/tp1_rtos_ii_maisincho/src/app/inc" -I"C:/Users/thony/Documents/Maestria/RTOS II/Practica/tp1_rtos_ii_maisincho/src/hal/inc" -I"C:/Users/thony/Documents/Maestria/RTOS II/Practica/tp1_rtos_ii_maisincho/src/lib/inc" -I"C:/Users/thony/Documents/Maestria/RTOS II/Practica/tp1_rtos_ii_maisincho/src/task/inc" -O0 -ffunction-sections -fdata-sections -Wall -fstack-usage -fcyclomatic-complexity -MMD -MP -MF"Middlewares/Third_Party/FreeRTOS/Source/portable/MemMang/heap_4.d" -MT"Middlewares/Third_Party/FreeRTOS/Source/portable/MemMang/heap_4.o" --specs=nano.specs -mfpu=fpv4-sp-d16 -mfloat-abi=hard -mthumb -o "Middlewares/Third_Party/FreeRTOS/Source/portable/MemMang/heap_4.o"
arm-none-eabi-gcc "../Middlewares/Third_Party/FreeRTOS/Source/portable/GCC/ARM_CM4F/port.c" -mcpu=cortex-m4 -std=gnu11 -g3 -DDEBUG -DUSE_HAL_DRIVER -DSTM32F446xx -c -I../Core/Inc -I../Drivers/STM32F4xx_HAL_Driver/Inc -I../Drivers/STM32F4xx_HAL_Driver/Inc/Legacy -I../Drivers/CMSIS/Device/ST/STM32F4xx/Include -I../Drivers/CMSIS/Include -I../Middlewares/Third_Party/FreeRTOS/Source/include -I../Middlewares/Third_Party/FreeRTOS/Source/CMSIS_RTOS -I../Middlewares/Third_Party/FreeRTOS/Source/portable/GCC/ARM_CM4F -I"C:/Users/thony/Documents/Maestria/RTOS II/Practica/tp1_rtos_ii_maisincho/src/app/inc" -I"C:/Users/thony/Documents/Maestria/RTOS II/Practica/tp1_rtos_ii_maisincho/src/hal/inc" -I"C:/Users/thony/Documents/Maestria/RTOS II/Practica/tp1_rtos_ii_maisincho/src/lib/inc" -I"C:/Users/thony/Documents/Maestria/RTOS II/Practica/tp1_rtos_ii_maisincho/src/task/inc" -O0 -ffunction-sections -fdata-sections -Wall -fstack-usage -fcyclomatic-complexity -MMD -MP -MF"Middlewares/Third_Party/FreeRTOS/Source/portable/GCC/ARM_CM4F/port.d" -MT"Middlewares/Third_Party/FreeRTOS/Source/portable/GCC/ARM_CM4F/port.o" --specs=nano.specs -mfpu=fpv4-sp-d16 -mfloat-abi=hard -mthumb -o "Middlewares/Third_Party/FreeRTOS/Source/portable/GCC/ARM_CM4F/port.o"
arm-none-eabi-gcc "../Middlewares/Third_Party/FreeRTOS/Source/CMSIS_RTOS/cmsis_os.c" -mcpu=cortex-m4 -std=gnu11 -g3 -DDEBUG -DUSE_HAL_DRIVER -DSTM32F446xx -c -I../Core/Inc -I../Drivers/STM32F4xx_HAL_Driver/Inc -I../Drivers/STM32F4xx_HAL_Driver/Inc/Legacy -I../Drivers/CMSIS/Device/ST/STM32F4xx/Include -I../Drivers/CMSIS/Include -I../Middlewares/Third_Party/FreeRTOS/Source/include -I../Middlewares/Third_Party/FreeRTOS/Source/CMSIS_RTOS -I../Middlewares/Third_Party/FreeRTOS/Source/portable/GCC/ARM_CM4F -I"C:/Users/thony/Documents/Maestria/RTOS II/Practica/tp1_rtos_ii_maisincho/src/app/inc" -I"C:/Users/thony/Documents/Maestria/RTOS II/Practica/tp1_rtos_ii_maisincho/src/hal/inc" -I"C:/Users/thony/Documents/Maestria/RTOS II/Practica/tp1_rtos_ii_maisincho/src/lib/inc" -I"C:/Users/thony/Documents/Maestria/RTOS II/Practica/tp1_rtos_ii_maisincho/src/task/inc" -O0 -ffunction-sections -fdata-sections -Wall -fstack-usage -fcyclomatic-complexity -MMD -MP -MF"Middlewares/Third_Party/FreeRTOS/Source/CMSIS_RTOS/cmsis_os.d" -MT"Middlewares/Third_Party/FreeRTOS/Source/CMSIS_RTOS/cmsis_os.o" --specs=nano.specs -mfpu=fpv4-sp-d16 -mfloat-abi=hard -mthumb -o "Middlewares/Third_Party/FreeRTOS/Source/CMSIS_RTOS/cmsis_os.o"
arm-none-eabi-gcc "../Middlewares/Third_Party/FreeRTOS/Source/croutine.c" -mcpu=cortex-m4 -std=gnu11 -g3 -DDEBUG -DUSE_HAL_DRIVER -DSTM32F446xx -c -I../Core/Inc -I../Drivers/STM32F4xx_HAL_Driver/Inc -I../Drivers/STM32F4xx_HAL_Driver/Inc/Legacy -I../Drivers/CMSIS/Device/ST/STM32F4xx/Include -I../Drivers/CMSIS/Include -I../Middlewares/Third_Party/FreeRTOS/Source/include -I../Middlewares/Third_Party/FreeRTOS/Source/CMSIS_RTOS -I../Middlewares/Third_Party/FreeRTOS/Source/portable/GCC/ARM_CM4F -I"C:/Users/thony/Documents/Maestria/RTOS II/Practica/tp1_rtos_ii_maisincho/src/app/inc" -I"C:/Users/thony/Documents/Maestria/RTOS II/Practica/tp1_rtos_ii_maisincho/src/hal/inc" -I"C:/Users/thony/Documents/Maestria/RTOS II/Practica/tp1_rtos_ii_maisincho/src/lib/inc" -I"C:/Users/thony/Documents/Maestria/RTOS II/Practica/tp1_rtos_ii_maisincho/src/task/inc" -O0 -ffunction-sections -fdata-sections -Wall -fstack-usage -fcyclomatic-complexity -MMD -MP -MF"Middlewares/Third_Party/FreeRTOS/Source/croutine.d" -MT"Middlewares/Third_Party/FreeRTOS/Source/croutine.o" --specs=nano.specs -mfpu=fpv4-sp-d16 -mfloat-abi=hard -mthumb -o "Middlewares/Third_Party/FreeRTOS/Source/croutine.o"
arm-none-eabi-gcc "../Middlewares/Third_Party/FreeRTOS/Source/event_groups.c" -mcpu=cortex-m4 -std=gnu11 -g3 -DDEBUG -DUSE_HAL_DRIVER -DSTM32F446xx -c -I../Core/Inc -I../Drivers/STM32F4xx_HAL_Driver/Inc -I../Drivers/STM32F4xx_HAL_Driver/Inc/Legacy -I../Drivers/CMSIS/Device/ST/STM32F4xx/Include -I../Drivers/CMSIS/Include -I../Middlewares/Third_Party/FreeRTOS/Source/include -I../Middlewares/Third_Party/FreeRTOS/Source/CMSIS_RTOS -I../Middlewares/Third_Party/FreeRTOS/Source/portable/GCC/ARM_CM4F -I"C:/Users/thony/Documents/Maestria/RTOS II/Practica/tp1_rtos_ii_maisincho/src/app/inc" -I"C:/Users/thony/Documents/Maestria/RTOS II/Practica/tp1_rtos_ii_maisincho/src/hal/inc" -I"C:/Users/thony/Documents/Maestria/RTOS II/Practica/tp1_rtos_ii_maisincho/src/lib/inc" -I"C:/Users/thony/Documents/Maestria/RTOS II/Practica/tp1_rtos_ii_maisincho/src/task/inc" -O0 -ffunction-sections -fdata-sections -Wall -fstack-usage -fcyclomatic-complexity -MMD -MP -MF"Middlewares/Third_Party/FreeRTOS/Source/event_groups.d" -MT"Middlewares/Third_Party/FreeRTOS/Source/event_groups.o" --specs=nano.specs -mfpu=fpv4-sp-d16 -mfloat-abi=hard -mthumb -o "Middlewares/Third_Party/FreeRTOS/Source/event_groups.o"
arm-none-eabi-gcc "../Middlewares/Third_Party/FreeRTOS/Source/list.c" -mcpu=cortex-m4 -std=gnu11 -g3 -DDEBUG -DUSE_HAL_DRIVER -DSTM32F446xx -c -I../Core/Inc -I../Drivers/STM32F4xx_HAL_Driver/Inc -I../Drivers/STM32F4xx_HAL_Driver/Inc/Legacy -I../Drivers/CMSIS/Device/ST/STM32F4xx/Include -I../Drivers/CMSIS/Include -I../Middlewares/Third_Party/FreeRTOS/Source/include -I../Middlewares/Third_Party/FreeRTOS/Source/CMSIS_RTOS -I../Middlewares/Third_Party/FreeRTOS/Source/portable/GCC/ARM_CM4F -I"C:/Users/thony/Documents/Maestria/RTOS II/Practica/tp1_rtos_ii_maisincho/src/app/inc" -I"C:/Users/thony/Documents/Maestria/RTOS II/Practica/tp1_rtos_ii_maisincho/src/hal/inc" -I"C:/Users/thony/Documents/Maestria/RTOS II/Practica/tp1_rtos_ii_maisincho/src/lib/inc" -I"C:/Users/thony/Documents/Maestria/RTOS II/Practica/tp1_rtos_ii_maisincho/src/task/inc" -O0 -ffunction-sections -fdata-sections -Wall -fstack-usage -fcyclomatic-complexity -MMD -MP -MF"Middlewares/Third_Party/FreeRTOS/Source/list.d" -MT"Middlewares/Third_Party/FreeRTOS/Source/list.o" --specs=nano.specs -mfpu=fpv4-sp-d16 -mfloat-abi=hard -mthumb -o "Middlewares/Third_Party/FreeRTOS/Source/list.o"
arm-none-eabi-gcc "../Middlewares/Third_Party/FreeRTOS/Source/queue.c" -mcpu=cortex-m4 -std=gnu11 -g3 -DDEBUG -DUSE_HAL_DRIVER -DSTM32F446xx -c -I../Core/Inc -I../Drivers/STM32F4xx_HAL_Driver/Inc -I../Drivers/STM32F4xx_HAL_Driver/Inc/Legacy -I../Drivers/CMSIS/Device/ST/STM32F4xx/Include -I../Drivers/CMSIS/Include -I../Middlewares/Third_Party/FreeRTOS/Source/include -I../Middlewares/Third_Party/FreeRTOS/Source/CMSIS_RTOS -I../Middlewares/Third_Party/FreeRTOS/Source/portable/GCC/ARM_CM4F -I"C:/Users/thony/Documents/Maestria/RTOS II/Practica/tp1_rtos_ii_maisincho/src/app/inc" -I"C:/Users/thony/Documents/Maestria/RTOS II/Practica/tp1_rtos_ii_maisincho/src/hal/inc" -I"C:/Users/thony/Documents/Maestria/RTOS II/Practica/tp1_rtos_ii_maisincho/src/lib/inc" -I"C:/Users/thony/Documents/Maestria/RTOS II/Practica/tp1_rtos_ii_maisincho/src/task/inc" -O0 -ffunction-sections -fdata-sections -Wall -fstack-usage -fcyclomatic-complexity -MMD -MP -MF"Middlewares/Third_Party/FreeRTOS/Source/queue.d" -MT"Middlewares/Third_Party/FreeRTOS/Source/queue.o" --specs=nano.specs -mfpu=fpv4-sp-d16 -mfloat-abi=hard -mthumb -o "Middlewares/Third_Party/FreeRTOS/Source/queue.o"
[...]
Finished building target: tp1_rtos_ii_maisincho.elf
 
arm-none-eabi-size   tp1_rtos_ii_maisincho.elf 
arm-none-eabi-objdump -h -S  tp1_rtos_ii_maisincho.elf  > "tp1_rtos_ii_maisincho.list"
   text	   data	    bss	    dec	    hex	filename
  30108	    200	  20104	  50412	   c4ec	tp1_rtos_ii_maisincho.elf
Finished building: default.size.stdout
 
Finished building: tp1_rtos_ii_maisincho.list
 
00:16:42 **** Incremental Build of configuration Debug for project sistemas_reactivos_ejemplo_02 ****
make -j12 all 
arm-none-eabi-size   sistemas_reactivos_ejemplo_02.elf 
   text	   data	    bss	    dec	    hex	filename
  29324	    188	  21180	  50692	   c604	sistemas_reactivos_ejemplo_02.elf
Finished building: default.size.stdout
 
00:16:43 **** Incremental Build of configuration Debug for project tp1_rtos_ii_maisincho ****
make -j12 all 
arm-none-eabi-gcc "../src/task/src/task_button.c" -mcpu=cortex-m4 -std=gnu11 -g3 -DDEBUG -DUSE_HAL_DRIVER -DSTM32F446xx -c -I../Core/Inc -I../Drivers/STM32F4xx_HAL_Driver/Inc -I../Drivers/STM32F4xx_HAL_Driver/Inc/Legacy -I../Drivers/CMSIS/Device/ST/STM32F4xx/Include -I../Drivers/CMSIS/Include -I../Middlewares/Third_Party/FreeRTOS/Source/include -I../Middlewares/Third_Party/FreeRTOS/Source/CMSIS_RTOS -I../Middlewares/Third_Party/FreeRTOS/Source/portable/GCC/ARM_CM4F -I"C:/Users/thony/Documents/Maestria/RTOS II/Practica/tp1_rtos_ii_maisincho/src/app/inc" -I"C:/Users/thony/Documents/Maestria/RTOS II/Practica/tp1_rtos_ii_maisincho/src/hal/inc" -I"C:/Users/thony/Documents/Maestria/RTOS II/Practica/tp1_rtos_ii_maisincho/src/lib/inc" -I"C:/Users/thony/Documents/Maestria/RTOS II/Practica/tp1_rtos_ii_maisincho/src/task/inc" -O0 -ffunction-sections -fdata-sections -Wall -fstack-usage -fcyclomatic-complexity -MMD -MP -MF"src/task/src/task_button.d" -MT"src/task/src/task_button.o" --specs=nano.specs -mfpu=fpv4-sp-d16 -mfloat-abi=hard -mthumb -o "src/task/src/task_button.o"
arm-none-eabi-gcc "../src/task/src/task_led.c" -mcpu=cortex-m4 -std=gnu11 -g3 -DDEBUG -DUSE_HAL_DRIVER -DSTM32F446xx -c -I../Core/Inc -I../Drivers/STM32F4xx_HAL_Driver/Inc -I../Drivers/STM32F4xx_HAL_Driver/Inc/Legacy -I../Drivers/CMSIS/Device/ST/STM32F4xx/Include -I../Drivers/CMSIS/Include -I../Middlewares/Third_Party/FreeRTOS/Source/include -I../Middlewares/Third_Party/FreeRTOS/Source/CMSIS_RTOS -I../Middlewares/Third_Party/FreeRTOS/Source/portable/GCC/ARM_CM4F -I"C:/Users/thony/Documents/Maestria/RTOS II/Practica/tp1_rtos_ii_maisincho/src/app/inc" -I"C:/Users/thony/Documents/Maestria/RTOS II/Practica/tp1_rtos_ii_maisincho/src/hal/inc" -I"C:/Users/thony/Documents/Maestria/RTOS II/Practica/tp1_rtos_ii_maisincho/src/lib/inc" -I"C:/Users/thony/Documents/Maestria/RTOS II/Practica/tp1_rtos_ii_maisincho/src/task/inc" -O0 -ffunction-sections -fdata-sections -Wall -fstack-usage -fcyclomatic-complexity -MMD -MP -MF"src/task/src/task_led.d" -MT"src/task/src/task_led.o" --specs=nano.specs -mfpu=fpv4-sp-d16 -mfloat-abi=hard -mthumb -o "src/task/src/task_led.o"
In file included from C:/Users/thony/Documents/Maestria/RTOS II/Practica/tp1_rtos_ii_maisincho/src/app/inc/driver.h:55,
                 from ../src/task/src/task_button.c:12:
../src/task/src/task_button.c: In function 'task_button':
../src/task/src/task_button.c:56:22: warning: pointer targets in passing argument 3 of 'snprintf' differ in signedness [-Wpointer-sign]
   56 |                 ELOG(buffer);
      |                      ^~~~~~
      |                      |
      |                      uint8_t * {aka unsigned char *}
C:/Users/thony/Documents/Maestria/RTOS II/Practica/tp1_rtos_ii_maisincho/src/lib/inc/eboard.h:61:60: note: in definition of macro 'ELOG'
   61 |       elog_msg_len = snprintf(elog_msg, (ELOG_MAXLEN - 1), __VA_ARGS__);\
      |                                                            ^~~~~~~~~~~
In file included from ../src/task/src/task_button.c:8:
C:\ST\STM32CubeIDE_1.13.0\STM32CubeIDE\plugins\com.st.stm32cube.ide.mcu.externaltools.gnu-tools-for-stm32.11.3.rel1.win32_1.1.0.202305231506\tools\bin/../lib/gcc/arm-none-eabi/11.3.1/../../../../arm-none-eabi/include/stdio.h:276:45: note: expected 'const char * restrict' but argument is of type 'uint8_t *' {aka 'unsigned char *'}
  276 | int     snprintf (char *__restrict, size_t, const char *__restrict, ...)
      |                                             ^
In file included from C:/Users/thony/Documents/Maestria/RTOS II/Practica/tp1_rtos_ii_maisincho/src/app/inc/driver.h:55,
                 from ../src/task/src/task_button.c:12:
../src/task/src/task_button.c:59:22: warning: pointer targets in passing argument 3 of 'snprintf' differ in signedness [-Wpointer-sign]
   59 |                 ELOG(buffer);
      |                      ^~~~~~
      |                      |
      |                      uint8_t * {aka unsigned char *}
C:/Users/thony/Documents/Maestria/RTOS II/Practica/tp1_rtos_ii_maisincho/src/lib/inc/eboard.h:61:60: note: in definition of macro 'ELOG'
   61 |       elog_msg_len = snprintf(elog_msg, (ELOG_MAXLEN - 1), __VA_ARGS__);\
      |                                                            ^~~~~~~~~~~
In file included from ../src/task/src/task_button.c:8:
C:\ST\STM32CubeIDE_1.13.0\STM32CubeIDE\plugins\com.st.stm32cube.ide.mcu.externaltools.gnu-tools-for-stm32.11.3.rel1.win32_1.1.0.202305231506\tools\bin/../lib/gcc/arm-none-eabi/11.3.1/../../../../arm-none-eabi/include/stdio.h:276:45: note: expected 'const char * restrict' but argument is of type 'uint8_t *' {aka 'unsigned char *'}
  276 | int     snprintf (char *__restrict, size_t, const char *__restrict, ...)
      |                                             ^
In file included from C:/Users/thony/Documents/Maestria/RTOS II/Practica/tp1_rtos_ii_maisincho/src/app/inc/driver.h:55,
                 from ../src/task/src/task_led.c:11:
../src/task/src/task_led.c: In function 'task_led':
../src/task/src/task_led.c:30:22: warning: pointer targets in passing argument 3 of 'snprintf' differ in signedness [-Wpointer-sign]
   30 |                 ELOG(buffer2);
      |                      ^~~~~~~
      |                      |
      |                      uint8_t * {aka unsigned char *}
C:/Users/thony/Documents/Maestria/RTOS II/Practica/tp1_rtos_ii_maisincho/src/lib/inc/eboard.h:61:60: note: in definition of macro 'ELOG'
   61 |       elog_msg_len = snprintf(elog_msg, (ELOG_MAXLEN - 1), __VA_ARGS__);\
      |                                                            ^~~~~~~~~~~
In file included from ../src/task/src/task_led.c:7:
C:\ST\STM32CubeIDE_1.13.0\STM32CubeIDE\plugins\com.st.stm32cube.ide.mcu.externaltools.gnu-tools-for-stm32.11.3.rel1.win32_1.1.0.202305231506\tools\bin/../lib/gcc/arm-none-eabi/11.3.1/../../../../arm-none-eabi/include/stdio.h:276:45: note: expected 'const char * restrict' but argument is of type 'uint8_t *' {aka 'unsigned char *'}
  276 | int     snprintf (char *__restrict, size_t, const char *__restrict, ...)
      |                                             ^
arm-none-eabi-gcc -o "tp1_rtos_ii_maisincho.elf" @"objects.list"   -mcpu=cortex-m4 -T"C:\Users\thony\Documents\Maestria\RTOS II\Practica\tp1_rtos_ii_maisincho\STM32F446RETX_FLASH.ld" --specs=nosys.specs -Wl,-Map="tp1_rtos_ii_maisincho.map" -Wl,--gc-sections -static --specs=nano.specs -mfpu=fpv4-sp-d16 -mfloat-abi=hard -mthumb -Wl,--start-group -lc -lm -Wl,--end-group
Finished building target: tp1_rtos_ii_maisincho.elf
 
arm-none-eabi-size   tp1_rtos_ii_maisincho.elf 
arm-none-eabi-objdump -h -S  tp1_rtos_ii_maisincho.elf  > "tp1_rtos_ii_maisincho.list"
   text	   data	    bss	    dec	    hex	filename
  30092	    200	  20104	  50396	   c4dc	tp1_rtos_ii_maisincho.elf
Finished building: default.size.stdout
 
Finished building: tp1_rtos_ii_maisincho.list
 
00:16:51 **** Incremental Build of configuration Debug for project tp1_rtos_ii_maisincho ****
make -j12 all 
arm-none-eabi-size   tp1_rtos_ii_maisincho.elf 
   text	   data	    bss	    dec	    hex	filename
  30092	    200	  20104	  50396	   c4dc	tp1_rtos_ii_maisincho.elf
Finished building: default.size.stdout
 
00:17:18 **** Incremental Build of configuration Debug for project sistemas_reactivos_ejemplo_02 ****
make -j12 all 
arm-none-eabi-size   sistemas_reactivos_ejemplo_02.elf 
   text	   data	    bss	    dec	    hex	filename
  29324	    188	  21180	  50692	   c604	sistemas_reactivos_ejemplo_02.elf
Finished building: default.size.stdout
 
00:17:18 **** Incremental Build of configuration Debug for project tp1_rtos_ii_maisincho ****
make -j12 all 
arm-none-eabi-gcc "../src/task/src/task_button.c" -mcpu=cortex-m4 -std=gnu11 -g3 -DDEBUG -DUSE_HAL_DRIVER -DSTM32F446xx -c -I../Core/Inc -I../Drivers/STM32F4xx_HAL_Driver/Inc -I../Drivers/STM32F4xx_HAL_Driver/Inc/Legacy -I../Drivers/CMSIS/Device/ST/STM32F4xx/Include -I../Drivers/CMSIS/Include -I../Middlewares/Third_Party/FreeRTOS/Source/include -I../Middlewares/Third_Party/FreeRTOS/Source/CMSIS_RTOS -I../Middlewares/Third_Party/FreeRTOS/Source/portable/GCC/ARM_CM4F -I"C:/Users/thony/Documents/Maestria/RTOS II/Practica/tp1_rtos_ii_maisincho/src/app/inc" -I"C:/Users/thony/Documents/Maestria/RTOS II/Practica/tp1_rtos_ii_maisincho/src/hal/inc" -I"C:/Users/thony/Documents/Maestria/RTOS II/Practica/tp1_rtos_ii_maisincho/src/lib/inc" -I"C:/Users/thony/Documents/Maestria/RTOS II/Practica/tp1_rtos_ii_maisincho/src/task/inc" -O0 -ffunction-sections -fdata-sections -Wall -fstack-usage -fcyclomatic-complexity -MMD -MP -MF"src/task/src/task_button.d" -MT"src/task/src/task_button.o" --specs=nano.specs -mfpu=fpv4-sp-d16 -mfloat-abi=hard -mthumb -o "src/task/src/task_button.o"
arm-none-eabi-gcc "../src/task/src/task_led.c" -mcpu=cortex-m4 -std=gnu11 -g3 -DDEBUG -DUSE_HAL_DRIVER -DSTM32F446xx -c -I../Core/Inc -I../Drivers/STM32F4xx_HAL_Driver/Inc -I../Drivers/STM32F4xx_HAL_Driver/Inc/Legacy -I../Drivers/CMSIS/Device/ST/STM32F4xx/Include -I../Drivers/CMSIS/Include -I../Middlewares/Third_Party/FreeRTOS/Source/include -I../Middlewares/Third_Party/FreeRTOS/Source/CMSIS_RTOS -I../Middlewares/Third_Party/FreeRTOS/Source/portable/GCC/ARM_CM4F -I"C:/Users/thony/Documents/Maestria/RTOS II/Practica/tp1_rtos_ii_maisincho/src/app/inc" -I"C:/Users/thony/Documents/Maestria/RTOS II/Practica/tp1_rtos_ii_maisincho/src/hal/inc" -I"C:/Users/thony/Documents/Maestria/RTOS II/Practica/tp1_rtos_ii_maisincho/src/lib/inc" -I"C:/Users/thony/Documents/Maestria/RTOS II/Practica/tp1_rtos_ii_maisincho/src/task/inc" -O0 -ffunction-sections -fdata-sections -Wall -fstack-usage -fcyclomatic-complexity -MMD -MP -MF"src/task/src/task_led.d" -MT"src/task/src/task_led.o" --specs=nano.specs -mfpu=fpv4-sp-d16 -mfloat-abi=hard -mthumb -o "src/task/src/task_led.o"
In file included from C:/Users/thony/Documents/Maestria/RTOS II/Practica/tp1_rtos_ii_maisincho/src/app/inc/driver.h:55,
                 from ../src/task/src/task_button.c:12:
../src/task/src/task_button.c: In function 'task_button':
../src/task/src/task_button.c:56:22: warning: pointer targets in passing argument 3 of 'snprintf' differ in signedness [-Wpointer-sign]
   56 |                 ELOG(buffer);
      |                      ^~~~~~
      |                      |
      |                      uint8_t * {aka unsigned char *}
C:/Users/thony/Documents/Maestria/RTOS II/Practica/tp1_rtos_ii_maisincho/src/lib/inc/eboard.h:61:60: note: in definition of macro 'ELOG'
   61 |       elog_msg_len = snprintf(elog_msg, (ELOG_MAXLEN - 1), __VA_ARGS__);\
      |                                                            ^~~~~~~~~~~
In file included from ../src/task/src/task_button.c:8:
C:\ST\STM32CubeIDE_1.13.0\STM32CubeIDE\plugins\com.st.stm32cube.ide.mcu.externaltools.gnu-tools-for-stm32.11.3.rel1.win32_1.1.0.202305231506\tools\bin/../lib/gcc/arm-none-eabi/11.3.1/../../../../arm-none-eabi/include/stdio.h:276:45: note: expected 'const char * restrict' but argument is of type 'uint8_t *' {aka 'unsigned char *'}
  276 | int     snprintf (char *__restrict, size_t, const char *__restrict, ...)
      |                                             ^
In file included from C:/Users/thony/Documents/Maestria/RTOS II/Practica/tp1_rtos_ii_maisincho/src/app/inc/driver.h:55,
                 from ../src/task/src/task_button.c:12:
../src/task/src/task_button.c:59:22: warning: pointer targets in passing argument 3 of 'snprintf' differ in signedness [-Wpointer-sign]
   59 |                 ELOG(buffer);
      |                      ^~~~~~
      |                      |
      |                      uint8_t * {aka unsigned char *}
C:/Users/thony/Documents/Maestria/RTOS II/Practica/tp1_rtos_ii_maisincho/src/lib/inc/eboard.h:61:60: note: in definition of macro 'ELOG'
   61 |       elog_msg_len = snprintf(elog_msg, (ELOG_MAXLEN - 1), __VA_ARGS__);\
      |                                                            ^~~~~~~~~~~
In file included from ../src/task/src/task_button.c:8:
C:\ST\STM32CubeIDE_1.13.0\STM32CubeIDE\plugins\com.st.stm32cube.ide.mcu.externaltools.gnu-tools-for-stm32.11.3.rel1.win32_1.1.0.202305231506\tools\bin/../lib/gcc/arm-none-eabi/11.3.1/../../../../arm-none-eabi/include/stdio.h:276:45: note: expected 'const char * restrict' but argument is of type 'uint8_t *' {aka 'unsigned char *'}
  276 | int     snprintf (char *__restrict, size_t, const char *__restrict, ...)
      |                                             ^
In file included from C:/Users/thony/Documents/Maestria/RTOS II/Practica/tp1_rtos_ii_maisincho/src/app/inc/driver.h:55,
                 from ../src/task/src/task_led.c:11:
../src/task/src/task_led.c: In function 'task_led':
../src/task/src/task_led.c:30:22: warning: pointer targets in passing argument 3 of 'snprintf' differ in signedness [-Wpointer-sign]
   30 |                 ELOG(buffer2);
      |                      ^~~~~~~
      |                      |
      |                      uint8_t * {aka unsigned char *}
C:/Users/thony/Documents/Maestria/RTOS II/Practica/tp1_rtos_ii_maisincho/src/lib/inc/eboard.h:61:60: note: in definition of macro 'ELOG'
   61 |       elog_msg_len = snprintf(elog_msg, (ELOG_MAXLEN - 1), __VA_ARGS__);\
      |                                                            ^~~~~~~~~~~
In file included from ../src/task/src/task_led.c:7:
C:\ST\STM32CubeIDE_1.13.0\STM32CubeIDE\plugins\com.st.stm32cube.ide.mcu.externaltools.gnu-tools-for-stm32.11.3.rel1.win32_1.1.0.202305231506\tools\bin/../lib/gcc/arm-none-eabi/11.3.1/../../../../arm-none-eabi/include/stdio.h:276:45: note: expected 'const char * restrict' but argument is of type 'uint8_t *' {aka 'unsigned char *'}
  276 | int     snprintf (char *__restrict, size_t, const char *__restrict, ...)
      |                                             ^
arm-none-eabi-gcc -o "tp1_rtos_ii_maisincho.elf" @"objects.list"   -mcpu=cortex-m4 -T"C:\Users\thony\Documents\Maestria\RTOS II\Practica\tp1_rtos_ii_maisincho\STM32F446RETX_FLASH.ld" --specs=nosys.specs -Wl,-Map="tp1_rtos_ii_maisincho.map" -Wl,--gc-sections -static --specs=nano.specs -mfpu=fpv4-sp-d16 -mfloat-abi=hard -mthumb -Wl,--start-group -lc -lm -Wl,--end-group
Finished building target: tp1_rtos_ii_maisincho.elf
 
arm-none-eabi-size   tp1_rtos_ii_maisincho.elf 
arm-none-eabi-objdump -h -S  tp1_rtos_ii_maisincho.elf  > "tp1_rtos_ii_maisincho.list"
   text	   data	    bss	    dec	    hex	filename
  30108	    200	  20104	  50412	   c4ec	tp1_rtos_ii_maisincho.elf
Finished building: default.size.stdout
 
Finished building: tp1_rtos_ii_maisincho.list
 
00:17:23 **** Incremental Build of configuration Debug for project tp1_rtos_ii_maisincho ****
make -j12 all 
arm-none-eabi-size   tp1_rtos_ii_maisincho.elf 
   text	   data	    bss	    dec	    hex	filename
  30108	    200	  20104	  50412	   c4ec	tp1_rtos_ii_maisincho.elf
Finished building: default.size.stdout
 
00:18:21 **** Incremental Build of configuration Debug for project sistemas_reactivos_ejemplo_02 ****
make -j12 all 
arm-none-eabi-size   sistemas_reactivos_ejemplo_02.elf 
   text	   data	    bss	    dec	    hex	filename
  29324	    188	  21180	  50692	   c604	sistemas_reactivos_ejemplo_02.elf
Finished building: default.size.stdout
 
00:18:22 **** Incremental Build of configuration Debug for project tp1_rtos_ii_maisincho ****
make -j12 all 
arm-none-eabi-gcc "../src/task/src/task_led.c" -mcpu=cortex-m4 -std=gnu11 -g3 -DDEBUG -DUSE_HAL_DRIVER -DSTM32F446xx -c -I../Core/Inc -I../Drivers/STM32F4xx_HAL_Driver/Inc -I../Drivers/STM32F4xx_HAL_Driver/Inc/Legacy -I../Drivers/CMSIS/Device/ST/STM32F4xx/Include -I../Drivers/CMSIS/Include -I../Middlewares/Third_Party/FreeRTOS/Source/include -I../Middlewares/Third_Party/FreeRTOS/Source/CMSIS_RTOS -I../Middlewares/Third_Party/FreeRTOS/Source/portable/GCC/ARM_CM4F -I"C:/Users/thony/Documents/Maestria/RTOS II/Practica/tp1_rtos_ii_maisincho/src/app/inc" -I"C:/Users/thony/Documents/Maestria/RTOS II/Practica/tp1_rtos_ii_maisincho/src/hal/inc" -I"C:/Users/thony/Documents/Maestria/RTOS II/Practica/tp1_rtos_ii_maisincho/src/lib/inc" -I"C:/Users/thony/Documents/Maestria/RTOS II/Practica/tp1_rtos_ii_maisincho/src/task/inc" -O0 -ffunction-sections -fdata-sections -Wall -fstack-usage -fcyclomatic-complexity -MMD -MP -MF"src/task/src/task_led.d" -MT"src/task/src/task_led.o" --specs=nano.specs -mfpu=fpv4-sp-d16 -mfloat-abi=hard -mthumb -o "src/task/src/task_led.o"
In file included from C:/Users/thony/Documents/Maestria/RTOS II/Practica/tp1_rtos_ii_maisincho/src/app/inc/driver.h:55,
                 from ../src/task/src/task_led.c:11:
../src/task/src/task_led.c: In function 'task_led':
../src/task/src/task_led.c:30:22: warning: pointer targets in passing argument 3 of 'snprintf' differ in signedness [-Wpointer-sign]
   30 |                 ELOG(buffer2);
      |                      ^~~~~~~
      |                      |
      |                      uint8_t * {aka unsigned char *}
C:/Users/thony/Documents/Maestria/RTOS II/Practica/tp1_rtos_ii_maisincho/src/lib/inc/eboard.h:61:60: note: in definition of macro 'ELOG'
   61 |       elog_msg_len = snprintf(elog_msg, (ELOG_MAXLEN - 1), __VA_ARGS__);\
      |                                                            ^~~~~~~~~~~
In file included from ../src/task/src/task_led.c:7:
C:\ST\STM32CubeIDE_1.13.0\STM32CubeIDE\plugins\com.st.stm32cube.ide.mcu.externaltools.gnu-tools-for-stm32.11.3.rel1.win32_1.1.0.202305231506\tools\bin/../lib/gcc/arm-none-eabi/11.3.1/../../../../arm-none-eabi/include/stdio.h:276:45: note: expected 'const char * restrict' but argument is of type 'uint8_t *' {aka 'unsigned char *'}
  276 | int     snprintf (char *__restrict, size_t, const char *__restrict, ...)
      |                                             ^
arm-none-eabi-gcc -o "tp1_rtos_ii_maisincho.elf" @"objects.list"   -mcpu=cortex-m4 -T"C:\Users\thony\Documents\Maestria\RTOS II\Practica\tp1_rtos_ii_maisincho\STM32F446RETX_FLASH.ld" --specs=nosys.specs -Wl,-Map="tp1_rtos_ii_maisincho.map" -Wl,--gc-sections -static --specs=nano.specs -mfpu=fpv4-sp-d16 -mfloat-abi=hard -mthumb -Wl,--start-group -lc -lm -Wl,--end-group
Finished building target: tp1_rtos_ii_maisincho.elf
 
arm-none-eabi-size   tp1_rtos_ii_maisincho.elf 
arm-none-eabi-objdump -h -S  tp1_rtos_ii_maisincho.elf  > "tp1_rtos_ii_maisincho.list"
   text	   data	    bss	    dec	    hex	filename
  30120	    200	  20104	  50424	   c4f8	tp1_rtos_ii_maisincho.elf
Finished building: default.size.stdout
 
Finished building: tp1_rtos_ii_maisincho.list
 
00:18:30 **** Incremental Build of configuration Debug for project tp1_rtos_ii_maisincho ****
make -j12 all 
arm-none-eabi-size   tp1_rtos_ii_maisincho.elf 
   text	   data	    bss	    dec	    hex	filename
  30120	    200	  20104	  50424	   c4f8	tp1_rtos_ii_maisincho.elf
Finished building: default.size.stdout
 
