02:36:42 **** Incremental Build of configuration Debug for project tp1_rtos_ii_maisincho ****
make -j12 all 
arm-none-eabi-gcc "../src/task/src/task_button.c" -mcpu=cortex-m4 -std=gnu11 -g3 -DDEBUG -DUSE_HAL_DRIVER -DSTM32F446xx -c -I../Core/Inc -I../Drivers/STM32F4xx_HAL_Driver/Inc -I../Drivers/STM32F4xx_HAL_Driver/Inc/Legacy -I../Drivers/CMSIS/Device/ST/STM32F4xx/Include -I../Drivers/CMSIS/Include -I../Middlewares/Third_Party/FreeRTOS/Source/include -I../Middlewares/Third_Party/FreeRTOS/Source/CMSIS_RTOS -I../Middlewares/Third_Party/FreeRTOS/Source/portable/GCC/ARM_CM4F -I"C:/Users/thony/Documents/Maestria/RTOS II/Practica/tp1_rtos_ii_maisincho/src/app/inc" -I"C:/Users/thony/Documents/Maestria/RTOS II/Practica/tp1_rtos_ii_maisincho/src/hal/inc" -I"C:/Users/thony/Documents/Maestria/RTOS II/Practica/tp1_rtos_ii_maisincho/src/lib/inc" -I"C:/Users/thony/Documents/Maestria/RTOS II/Practica/tp1_rtos_ii_maisincho/src/task/inc" -O0 -ffunction-sections -fdata-sections -Wall -fstack-usage -fcyclomatic-complexity -MMD -MP -MF"src/task/src/task_button.d" -MT"src/task/src/task_button.o" --specs=nano.specs -mfpu=fpv4-sp-d16 -mfloat-abi=hard -mthumb -o "src/task/src/task_button.o"
arm-none-eabi-gcc "../src/app/src/ao_led.c" -mcpu=cortex-m4 -std=gnu11 -g3 -DDEBUG -DUSE_HAL_DRIVER -DSTM32F446xx -c -I../Core/Inc -I../Drivers/STM32F4xx_HAL_Driver/Inc -I../Drivers/STM32F4xx_HAL_Driver/Inc/Legacy -I../Drivers/CMSIS/Device/ST/STM32F4xx/Include -I../Drivers/CMSIS/Include -I../Middlewares/Third_Party/FreeRTOS/Source/include -I../Middlewares/Third_Party/FreeRTOS/Source/CMSIS_RTOS -I../Middlewares/Third_Party/FreeRTOS/Source/portable/GCC/ARM_CM4F -I"C:/Users/thony/Documents/Maestria/RTOS II/Practica/tp1_rtos_ii_maisincho/src/app/inc" -I"C:/Users/thony/Documents/Maestria/RTOS II/Practica/tp1_rtos_ii_maisincho/src/hal/inc" -I"C:/Users/thony/Documents/Maestria/RTOS II/Practica/tp1_rtos_ii_maisincho/src/lib/inc" -I"C:/Users/thony/Documents/Maestria/RTOS II/Practica/tp1_rtos_ii_maisincho/src/task/inc" -O0 -ffunction-sections -fdata-sections -Wall -fstack-usage -fcyclomatic-complexity -MMD -MP -MF"src/app/src/ao_led.d" -MT"src/app/src/ao_led.o" --specs=nano.specs -mfpu=fpv4-sp-d16 -mfloat-abi=hard -mthumb -o "src/app/src/ao_led.o"
arm-none-eabi-gcc "../src/app/src/app.c" -mcpu=cortex-m4 -std=gnu11 -g3 -DDEBUG -DUSE_HAL_DRIVER -DSTM32F446xx -c -I../Core/Inc -I../Drivers/STM32F4xx_HAL_Driver/Inc -I../Drivers/STM32F4xx_HAL_Driver/Inc/Legacy -I../Drivers/CMSIS/Device/ST/STM32F4xx/Include -I../Drivers/CMSIS/Include -I../Middlewares/Third_Party/FreeRTOS/Source/include -I../Middlewares/Third_Party/FreeRTOS/Source/CMSIS_RTOS -I../Middlewares/Third_Party/FreeRTOS/Source/portable/GCC/ARM_CM4F -I"C:/Users/thony/Documents/Maestria/RTOS II/Practica/tp1_rtos_ii_maisincho/src/app/inc" -I"C:/Users/thony/Documents/Maestria/RTOS II/Practica/tp1_rtos_ii_maisincho/src/hal/inc" -I"C:/Users/thony/Documents/Maestria/RTOS II/Practica/tp1_rtos_ii_maisincho/src/lib/inc" -I"C:/Users/thony/Documents/Maestria/RTOS II/Practica/tp1_rtos_ii_maisincho/src/task/inc" -O0 -ffunction-sections -fdata-sections -Wall -fstack-usage -fcyclomatic-complexity -MMD -MP -MF"src/app/src/app.d" -MT"src/app/src/app.o" --specs=nano.specs -mfpu=fpv4-sp-d16 -mfloat-abi=hard -mthumb -o "src/app/src/app.o"
In file included from C:/Users/thony/Documents/Maestria/RTOS II/Practica/tp1_rtos_ii_maisincho/src/app/inc/driver.h:55,
                 from ../src/task/src/task_button.c:12:
../src/task/src/task_button.c: In function 'task_button':
../src/task/src/task_button.c:56:22: warning: pointer targets in passing argument 3 of 'snprintf' differ in signedness [-Wpointer-sign]
   56 |                 ELOG(buffer);
      |                      ^~~~~~
      |                      |
      |                      uint8_t * {aka unsigned char *}
C:/Users/thony/Documents/Maestria/RTOS II/Practica/tp1_rtos_ii_maisincho/src/lib/inc/eboard.h:61:60: note: in definition of macro 'ELOG'
   61 |       elog_msg_len = snprintf(elog_msg, (ELOG_MAXLEN - 1), __VA_ARGS__);\
      |                                                            ^~~~~~~~~~~
In file included from ../src/task/src/task_button.c:8:
C:\ST\STM32CubeIDE_1.13.0\STM32CubeIDE\plugins\com.st.stm32cube.ide.mcu.externaltools.gnu-tools-for-stm32.11.3.rel1.win32_1.1.0.202305231506\tools\bin/../lib/gcc/arm-none-eabi/11.3.1/../../../../arm-none-eabi/include/stdio.h:276:45: note: expected 'const char * restrict' but argument is of type 'uint8_t *' {aka 'unsigned char *'}
  276 | int     snprintf (char *__restrict, size_t, const char *__restrict, ...)
      |                                             ^
In file included from C:/Users/thony/Documents/Maestria/RTOS II/Practica/tp1_rtos_ii_maisincho/src/app/inc/driver.h:55,
                 from ../src/task/src/task_button.c:12:
../src/task/src/task_button.c:61:22: warning: pointer targets in passing argument 3 of 'snprintf' differ in signedness [-Wpointer-sign]
   61 |                 ELOG(buffer);
      |                      ^~~~~~
      |                      |
      |                      uint8_t * {aka unsigned char *}
../src/task/src/task_button.c:61:17: note: in expansion of macro 'ELOG'
   61 |                 ELOG(buffer);
      |                 ^~~~
In file included from ../src/task/src/task_button.c:8:
C:\ST\STM32CubeIDE_1.13.0\STM32CubeIDE\plugins\com.st.stm32cube.ide.mcu.externaltools.gnu-tools-for-stm32.11.3.rel1.win32_1.1.0.202305231506\tools\bin/../lib/gcc/arm-none-eabi/11.3.1/../../../../arm-none-eabi/include/stdio.h:276:45: note: expected 'const char * restrict' but argument is of type 'uint8_t *' {aka 'unsigned char *'}
  276 | int     snprintf (char *__restrict, size_t, const char *__restrict, ...)
      |                                             ^
arm-none-eabi-gcc -o "tp1_rtos_ii_maisincho.elf" @"objects.list"   -mcpu=cortex-m4 -T"C:\Users\thony\Documents\Maestria\RTOS II\Practica\tp1_rtos_ii_maisincho\STM32F446RETX_FLASH.ld" --specs=nosys.specs -Wl,-Map="tp1_rtos_ii_maisincho.map" -Wl,--gc-sections -static --specs=nano.specs -mfpu=fpv4-sp-d16 -mfloat-abi=hard -mthumb -Wl,--start-group -lc -lm -Wl,--end-group
Finished building target: tp1_rtos_ii_maisincho.elf
 
arm-none-eabi-size   tp1_rtos_ii_maisincho.elf 
arm-none-eabi-objdump -h -S  tp1_rtos_ii_maisincho.elf  > "tp1_rtos_ii_maisincho.list"
   text	   data	    bss	    dec	    hex	filename
  27572	    188	  19996	  47756	   ba8c	tp1_rtos_ii_maisincho.elf
Finished building: default.size.stdout
 
Finished building: tp1_rtos_ii_maisincho.list
 

02:36:45 Build Finished. 0 errors, 2 warnings. (took 2s.553ms)

